#
# There is insufficient memory for the Java Runtime Environment to continue.
# Native memory allocation (malloc) failed to allocate 237440 bytes. Error detail: Chunk::new
# Possible reasons:
#   The system is out of physical RAM or swap space
#   This process is running with CompressedOops enabled, and the Java Heap may be blocking the growth of the native heap
# Possible solutions:
#   Reduce memory load on the system
#   Increase physical memory or swap space
#   Check if swap backing store is full
#   Decrease Java heap size (-Xmx/-Xms)
#   Decrease number of Java threads
#   Decrease Java thread stack sizes (-Xss)
#   Set larger code cache with -XX:ReservedCodeCacheSize=
#   JVM is running with Unscaled Compressed Oops mode in which the Java heap is
#     placed in the first 4GB address space. The Java Heap base address is the
#     maximum limit for the native heap growth. Please use -XX:HeapBaseMinAddress
#     to set the Java Heap base and to place the Java Heap above 4GB virtual address.
# This output file may be truncated or incomplete.
#
#  Out of Memory Error (arena.cpp:150), pid=5616, tid=26644
#
# JRE version: Java(TM) SE Runtime Environment (22.0.1+8) (build 22.0.1+8-16)
# Java VM: Java HotSpot(TM) 64-Bit Server VM (22.0.1+8-16, mixed mode, sharing, tiered, compressed oops, compressed class ptrs, g1 gc, windows-amd64)
# No core dump will be written. Minidumps are not enabled by default on client versions of Windows
#

---------------  S U M M A R Y ------------

Command Line: --module-path=C:\Users\USER\.m2\repository\org\openjfx\javafx-base\19\javafx-base-19-win.jar;C:\Users\USER\.m2\repository\org\openjfx\javafx-base\19\javafx-base-19.jar;C:\Users\USER\.m2\repository\org\openjfx\javafx-controls\19\javafx-controls-19-win.jar;C:\Users\USER\.m2\repository\org\openjfx\javafx-controls\19\javafx-controls-19.jar;C:\Users\USER\.m2\repository\org\openjfx\javafx-fxml\19\javafx-fxml-19-win.jar;C:\Users\USER\.m2\repository\org\openjfx\javafx-fxml\19\javafx-fxml-19.jar;C:\Users\USER\.m2\repository\org\openjfx\javafx-graphics\19\javafx-graphics-19-win.jar;C:\Users\USER\.m2\repository\org\openjfx\javafx-graphics\19\javafx-graphics-19.jar --add-modules=javafx.base,javafx.controls,javafx.fxml,javafx.graphics tests.MainFx

Host: Intel(R) Core(TM) i5-8250U CPU @ 1.60GHz, 8 cores, 7G,  Windows 11 , 64 bit Build 22621 (10.0.22621.3958)
Time: Mon Feb 24 22:30:58 2025 Paris, Madrid elapsed time: 1.243765 seconds (0d 0h 0m 1s)

---------------  T H R E A D  ---------------

Current thread (0x000001a676620ec0):  JavaThread "C2 CompilerThread1" daemon [_thread_in_native, id=26644, stack(0x00000055e8c00000,0x00000055e8d00000) (1024K)]


Current CompileTask:
C2:1243 1156   !   4       java.util.concurrent.ConcurrentHashMap::putVal (432 bytes)

Stack: [0x00000055e8c00000,0x00000055e8d00000]
Native frames: (J=compiled Java code, j=interpreted, Vv=VM code, C=native code)
V  [jvm.dll+0x6e2279]  (no source info available)
V  [jvm.dll+0x874e33]  (no source info available)
V  [jvm.dll+0x87725e]  (no source info available)
V  [jvm.dll+0x877933]  (no source info available)
V  [jvm.dll+0x27fd76]  (no source info available)
V  [jvm.dll+0xc3d0f]  (no source info available)
V  [jvm.dll+0xc3f6b]  (no source info available)
V  [jvm.dll+0x3bb10c]  (no source info available)
V  [jvm.dll+0x387b6b]  (no source info available)
V  [jvm.dll+0x386fda]  (no source info available)
V  [jvm.dll+0x247918]  (no source info available)
V  [jvm.dll+0x246fbf]  (no source info available)
V  [jvm.dll+0x1c4e90]  (no source info available)
V  [jvm.dll+0x2569fe]  (no source info available)
V  [jvm.dll+0x254cba]  (no source info available)
V  [jvm.dll+0x3f5336]  (no source info available)
V  [jvm.dll+0x81d44b]  (no source info available)
V  [jvm.dll+0x6e0915]  (no source info available)
C  [ucrtbase.dll+0x29333]  (no source info available)
C  [KERNEL32.DLL+0x1257d]  (no source info available)
C  [ntdll.dll+0x5af08]  (no source info available)


---------------  P R O C E S S  ---------------

Threads class SMR info:
_java_thread_list=0x000001a676738c90, length=18, elements={
0x000001a611ea9ba0, 0x000001a630880790, 0x000001a630881660, 0x000001a630888e70,
0x000001a630889b50, 0x000001a63088b030, 0x000001a63088d3f0, 0x000001a630894fb0,
0x000001a6308934a0, 0x000001a630b1ac60, 0x000001a630b9c0b0, 0x000001a676263890,
0x000001a6763f7ef0, 0x000001a67643bd90, 0x000001a6765c7710, 0x000001a67665b5f0,
0x000001a676620ec0, 0x000001a676736cd0
}

Java Threads: ( => current thread )
  0x000001a611ea9ba0 JavaThread "main"                              [_thread_blocked, id=10712, stack(0x00000055e7200000,0x00000055e7300000) (1024K)]
  0x000001a630880790 JavaThread "Reference Handler"          daemon [_thread_blocked, id=11200, stack(0x00000055e7a00000,0x00000055e7b00000) (1024K)]
  0x000001a630881660 JavaThread "Finalizer"                  daemon [_thread_blocked, id=2608, stack(0x00000055e7b00000,0x00000055e7c00000) (1024K)]
  0x000001a630888e70 JavaThread "Signal Dispatcher"          daemon [_thread_blocked, id=6552, stack(0x00000055e7c00000,0x00000055e7d00000) (1024K)]
  0x000001a630889b50 JavaThread "Attach Listener"            daemon [_thread_blocked, id=17540, stack(0x00000055e7d00000,0x00000055e7e00000) (1024K)]
  0x000001a63088b030 JavaThread "Service Thread"             daemon [_thread_blocked, id=12292, stack(0x00000055e7e00000,0x00000055e7f00000) (1024K)]
  0x000001a63088d3f0 JavaThread "Monitor Deflation Thread"   daemon [_thread_blocked, id=18308, stack(0x00000055e7f00000,0x00000055e8000000) (1024K)]
  0x000001a630894fb0 JavaThread "C2 CompilerThread0"         daemon [_thread_blocked, id=7428, stack(0x00000055e8000000,0x00000055e8100000) (1024K)]
  0x000001a6308934a0 JavaThread "C1 CompilerThread0"         daemon [_thread_blocked, id=11344, stack(0x00000055e8100000,0x00000055e8200000) (1024K)]
  0x000001a630b1ac60 JavaThread "Common-Cleaner"             daemon [_thread_blocked, id=25064, stack(0x00000055e8200000,0x00000055e8300000) (1024K)]
  0x000001a630b9c0b0 JavaThread "Notification Thread"        daemon [_thread_blocked, id=4064, stack(0x00000055e8400000,0x00000055e8500000) (1024K)]
  0x000001a676263890 JavaThread "QuantumRenderer-0"          daemon [_thread_blocked, id=24468, stack(0x00000055e8500000,0x00000055e8600000) (1024K)]
  0x000001a6763f7ef0 JavaThread "InvokeLaterDispatcher"      daemon [_thread_blocked, id=22148, stack(0x00000055e8600000,0x00000055e8700000) (1024K)]
  0x000001a67643bd90 JavaThread "JavaFX Application Thread"         [_thread_in_vm, id=20396, stack(0x00000055e8700000,0x00000055e8800000) (1024K)]
  0x000001a6765c7710 JavaThread "Thread-1"                   daemon [_thread_in_native, id=15540, stack(0x00000055e8300000,0x00000055e8400000) (1024K)]
  0x000001a67665b5f0 JavaThread "JavaFX-Launcher"                   [_thread_blocked, id=22728, stack(0x00000055e8b00000,0x00000055e8c00000) (1024K)]
=>0x000001a676620ec0 JavaThread "C2 CompilerThread1"         daemon [_thread_in_native, id=26644, stack(0x00000055e8c00000,0x00000055e8d00000) (1024K)]
  0x000001a676736cd0 JavaThread "mysql-cj-abandoned-connection-cleanup" daemon [_thread_blocked, id=1028, stack(0x00000055e9200000,0x00000055e9300000) (1024K)]
Total: 18

Other Threads:
  0x000001a630865b30 VMThread "VM Thread"                           [id=4172, stack(0x00000055e7900000,0x00000055e7a00000) (1024K)]
  0x000001a63084afb0 WatcherThread "VM Periodic Task Thread"        [id=8332, stack(0x00000055e7800000,0x00000055e7900000) (1024K)]
  0x000001a6120cd230 WorkerThread "GC Thread#0"                     [id=18352, stack(0x00000055e7300000,0x00000055e7400000) (1024K)]
  0x000001a67660bb80 WorkerThread "GC Thread#1"                     [id=18816, stack(0x00000055e8d00000,0x00000055e8e00000) (1024K)]
  0x000001a6766b0d30 WorkerThread "GC Thread#2"                     [id=17044, stack(0x00000055e8e00000,0x00000055e8f00000) (1024K)]
  0x000001a6766be560 WorkerThread "GC Thread#3"                     [id=9800, stack(0x00000055e8f00000,0x00000055e9000000) (1024K)]
  0x000001a6766c6920 WorkerThread "GC Thread#4"                     [id=14080, stack(0x00000055e9000000,0x00000055e9100000) (1024K)]
  0x000001a6766c94f0 WorkerThread "GC Thread#5"                     [id=28516, stack(0x00000055e9100000,0x00000055e9200000) (1024K)]
  0x000001a6120de1d0 ConcurrentGCThread "G1 Main Marker"            [id=27732, stack(0x00000055e7400000,0x00000055e7500000) (1024K)]
  0x000001a6120df480 WorkerThread "G1 Conc#0"                       [id=20780, stack(0x00000055e7500000,0x00000055e7600000) (1024K)]
  0x000001a61213e2a0 ConcurrentGCThread "G1 Refine#0"               [id=20976, stack(0x00000055e7600000,0x00000055e7700000) (1024K)]
  0x000001a63070d530 ConcurrentGCThread "G1 Service"                [id=16324, stack(0x00000055e7700000,0x00000055e7800000) (1024K)]
Total: 12

Threads with active compile tasks:
C2 CompilerThread1  1311 1156   !   4       java.util.concurrent.ConcurrentHashMap::putVal (432 bytes)
Total: 1

VM state: not at safepoint (normal execution)

VM Mutex/Monitor currently owned by a thread:  ([mutex/lock_event])
[0x00007ff952799b38] Metaspace_lock - owner thread: 0x000001a67643bd90

Heap address: 0x0000000081400000, size: 2028 MB, Compressed Oops mode: 32-bit

CDS archive(s) mapped at: [0x000001a631000000-0x000001a631c60000-0x000001a631c60000), size 12976128, SharedBaseAddress: 0x000001a631000000, ArchiveRelocationMode: 1.
Compressed class space mapped at: 0x000001a632000000-0x000001a672000000, reserved size: 1073741824
Narrow klass base: 0x000001a631000000, Narrow klass shift: 0, Narrow klass range: 0x41000000

GC Precious Log:
 CardTable entry size: 512
 Card Set container configuration: InlinePtr #cards 5 size 8 Array Of Cards #cards 12 size 40 Howl #buckets 4 coarsen threshold 1843 Howl Bitmap #cards 512 size 80 coarsen threshold 460 Card regions per heap region 1 cards per card region 2048
 CPUs: 8 total, 8 available
 Memory: 8107M
 Large Page Support: Disabled
 NUMA Support: Disabled
 Compressed Oops: Enabled (32-bit)
 Heap Region Size: 1M
 Heap Min Capacity: 8M
 Heap Initial Capacity: 128M
 Heap Max Capacity: 2028M
 Pre-touch: Disabled
 Parallel Workers: 8
 Concurrent Workers: 2
 Concurrent Refinement Workers: 8
 Periodic GC: Disabled

Heap:
 garbage-first heap   total reserved 2076672K, committed 131072K, used 8351K [0x0000000081400000, 0x0000000100000000)
  region size 1024K, 9 young (9216K), 3 survivors (3072K)
 Metaspace       used 7895K, committed 8128K, reserved 1114112K
  class space    used 884K, committed 1024K, reserved 1048576K

Heap Regions: E=young(eden), S=young(survivor), O=old, HS=humongous(starts), HC=humongous(continues), CS=collection set, F=free, TAMS=top-at-mark-start, PB=parsable bottom
|   0|0x0000000081400000, 0x0000000081427fd8, 0x0000000081500000| 15%| O|  |TAMS 0x0000000081400000| PB 0x0000000081400000| Untracked |  0
|   1|0x0000000081500000, 0x0000000081500000, 0x0000000081600000|  0%| F|  |TAMS 0x0000000081500000| PB 0x0000000081500000| Untracked |  0
|   2|0x0000000081600000, 0x0000000081600000, 0x0000000081700000|  0%| F|  |TAMS 0x0000000081600000| PB 0x0000000081600000| Untracked |  0
|   3|0x0000000081700000, 0x0000000081700000, 0x0000000081800000|  0%| F|  |TAMS 0x0000000081700000| PB 0x0000000081700000| Untracked |  0
|   4|0x0000000081800000, 0x0000000081800000, 0x0000000081900000|  0%| F|  |TAMS 0x0000000081800000| PB 0x0000000081800000| Untracked |  0
|   5|0x0000000081900000, 0x0000000081900000, 0x0000000081a00000|  0%| F|  |TAMS 0x0000000081900000| PB 0x0000000081900000| Untracked |  0
|   6|0x0000000081a00000, 0x0000000081a00000, 0x0000000081b00000|  0%| F|  |TAMS 0x0000000081a00000| PB 0x0000000081a00000| Untracked |  0
|   7|0x0000000081b00000, 0x0000000081b00000, 0x0000000081c00000|  0%| F|  |TAMS 0x0000000081b00000| PB 0x0000000081b00000| Untracked |  0
|   8|0x0000000081c00000, 0x0000000081c00000, 0x0000000081d00000|  0%| F|  |TAMS 0x0000000081c00000| PB 0x0000000081c00000| Untracked |  0
|   9|0x0000000081d00000, 0x0000000081d00000, 0x0000000081e00000|  0%| F|  |TAMS 0x0000000081d00000| PB 0x0000000081d00000| Untracked |  0
|  10|0x0000000081e00000, 0x0000000081e00000, 0x0000000081f00000|  0%| F|  |TAMS 0x0000000081e00000| PB 0x0000000081e00000| Untracked |  0
|  11|0x0000000081f00000, 0x0000000081f00000, 0x0000000082000000|  0%| F|  |TAMS 0x0000000081f00000| PB 0x0000000081f00000| Untracked |  0
|  12|0x0000000082000000, 0x0000000082000000, 0x0000000082100000|  0%| F|  |TAMS 0x0000000082000000| PB 0x0000000082000000| Untracked |  0
|  13|0x0000000082100000, 0x0000000082100000, 0x0000000082200000|  0%| F|  |TAMS 0x0000000082100000| PB 0x0000000082100000| Untracked |  0
|  14|0x0000000082200000, 0x0000000082200000, 0x0000000082300000|  0%| F|  |TAMS 0x0000000082200000| PB 0x0000000082200000| Untracked |  0
|  15|0x0000000082300000, 0x0000000082300000, 0x0000000082400000|  0%| F|  |TAMS 0x0000000082300000| PB 0x0000000082300000| Untracked |  0
|  16|0x0000000082400000, 0x0000000082400000, 0x0000000082500000|  0%| F|  |TAMS 0x0000000082400000| PB 0x0000000082400000| Untracked |  0
|  17|0x0000000082500000, 0x0000000082500000, 0x0000000082600000|  0%| F|  |TAMS 0x0000000082500000| PB 0x0000000082500000| Untracked |  0
|  18|0x0000000082600000, 0x0000000082600000, 0x0000000082700000|  0%| F|  |TAMS 0x0000000082600000| PB 0x0000000082600000| Untracked |  0
|  19|0x0000000082700000, 0x0000000082700000, 0x0000000082800000|  0%| F|  |TAMS 0x0000000082700000| PB 0x0000000082700000| Untracked |  0
|  20|0x0000000082800000, 0x0000000082800000, 0x0000000082900000|  0%| F|  |TAMS 0x0000000082800000| PB 0x0000000082800000| Untracked |  0
|  21|0x0000000082900000, 0x0000000082900000, 0x0000000082a00000|  0%| F|  |TAMS 0x0000000082900000| PB 0x0000000082900000| Untracked |  0
|  22|0x0000000082a00000, 0x0000000082a00000, 0x0000000082b00000|  0%| F|  |TAMS 0x0000000082a00000| PB 0x0000000082a00000| Untracked |  0
|  23|0x0000000082b00000, 0x0000000082b00000, 0x0000000082c00000|  0%| F|  |TAMS 0x0000000082b00000| PB 0x0000000082b00000| Untracked |  0
|  24|0x0000000082c00000, 0x0000000082c00000, 0x0000000082d00000|  0%| F|  |TAMS 0x0000000082c00000| PB 0x0000000082c00000| Untracked |  0
|  25|0x0000000082d00000, 0x0000000082d00000, 0x0000000082e00000|  0%| F|  |TAMS 0x0000000082d00000| PB 0x0000000082d00000| Untracked |  0
|  26|0x0000000082e00000, 0x0000000082e00000, 0x0000000082f00000|  0%| F|  |TAMS 0x0000000082e00000| PB 0x0000000082e00000| Untracked |  0
|  27|0x0000000082f00000, 0x0000000082f00000, 0x0000000083000000|  0%| F|  |TAMS 0x0000000082f00000| PB 0x0000000082f00000| Untracked |  0
|  28|0x0000000083000000, 0x0000000083000000, 0x0000000083100000|  0%| F|  |TAMS 0x0000000083000000| PB 0x0000000083000000| Untracked |  0
|  29|0x0000000083100000, 0x0000000083100000, 0x0000000083200000|  0%| F|  |TAMS 0x0000000083100000| PB 0x0000000083100000| Untracked |  0
|  30|0x0000000083200000, 0x0000000083200000, 0x0000000083300000|  0%| F|  |TAMS 0x0000000083200000| PB 0x0000000083200000| Untracked |  0
|  31|0x0000000083300000, 0x0000000083300000, 0x0000000083400000|  0%| F|  |TAMS 0x0000000083300000| PB 0x0000000083300000| Untracked |  0
|  32|0x0000000083400000, 0x0000000083400000, 0x0000000083500000|  0%| F|  |TAMS 0x0000000083400000| PB 0x0000000083400000| Untracked |  0
|  33|0x0000000083500000, 0x0000000083500000, 0x0000000083600000|  0%| F|  |TAMS 0x0000000083500000| PB 0x0000000083500000| Untracked |  0
|  34|0x0000000083600000, 0x0000000083600000, 0x0000000083700000|  0%| F|  |TAMS 0x0000000083600000| PB 0x0000000083600000| Untracked |  0
|  35|0x0000000083700000, 0x0000000083700000, 0x0000000083800000|  0%| F|  |TAMS 0x0000000083700000| PB 0x0000000083700000| Untracked |  0
|  36|0x0000000083800000, 0x0000000083800000, 0x0000000083900000|  0%| F|  |TAMS 0x0000000083800000| PB 0x0000000083800000| Untracked |  0
|  37|0x0000000083900000, 0x0000000083900000, 0x0000000083a00000|  0%| F|  |TAMS 0x0000000083900000| PB 0x0000000083900000| Untracked |  0
|  38|0x0000000083a00000, 0x0000000083a00000, 0x0000000083b00000|  0%| F|  |TAMS 0x0000000083a00000| PB 0x0000000083a00000| Untracked |  0
|  39|0x0000000083b00000, 0x0000000083b00000, 0x0000000083c00000|  0%| F|  |TAMS 0x0000000083b00000| PB 0x0000000083b00000| Untracked |  0
|  40|0x0000000083c00000, 0x0000000083c00000, 0x0000000083d00000|  0%| F|  |TAMS 0x0000000083c00000| PB 0x0000000083c00000| Untracked |  0
|  41|0x0000000083d00000, 0x0000000083d00000, 0x0000000083e00000|  0%| F|  |TAMS 0x0000000083d00000| PB 0x0000000083d00000| Untracked |  0
|  42|0x0000000083e00000, 0x0000000083e00000, 0x0000000083f00000|  0%| F|  |TAMS 0x0000000083e00000| PB 0x0000000083e00000| Untracked |  0
|  43|0x0000000083f00000, 0x0000000083f00000, 0x0000000084000000|  0%| F|  |TAMS 0x0000000083f00000| PB 0x0000000083f00000| Untracked |  0
|  44|0x0000000084000000, 0x0000000084000000, 0x0000000084100000|  0%| F|  |TAMS 0x0000000084000000| PB 0x0000000084000000| Untracked |  0
|  45|0x0000000084100000, 0x0000000084100000, 0x0000000084200000|  0%| F|  |TAMS 0x0000000084100000| PB 0x0000000084100000| Untracked |  0
|  46|0x0000000084200000, 0x0000000084200000, 0x0000000084300000|  0%| F|  |TAMS 0x0000000084200000| PB 0x0000000084200000| Untracked |  0
|  47|0x0000000084300000, 0x0000000084300000, 0x0000000084400000|  0%| F|  |TAMS 0x0000000084300000| PB 0x0000000084300000| Untracked |  0
|  48|0x0000000084400000, 0x0000000084400000, 0x0000000084500000|  0%| F|  |TAMS 0x0000000084400000| PB 0x0000000084400000| Untracked |  0
|  49|0x0000000084500000, 0x0000000084500000, 0x0000000084600000|  0%| F|  |TAMS 0x0000000084500000| PB 0x0000000084500000| Untracked |  0
|  50|0x0000000084600000, 0x0000000084600000, 0x0000000084700000|  0%| F|  |TAMS 0x0000000084600000| PB 0x0000000084600000| Untracked |  0
|  51|0x0000000084700000, 0x0000000084700000, 0x0000000084800000|  0%| F|  |TAMS 0x0000000084700000| PB 0x0000000084700000| Untracked |  0
|  52|0x0000000084800000, 0x0000000084800000, 0x0000000084900000|  0%| F|  |TAMS 0x0000000084800000| PB 0x0000000084800000| Untracked |  0
|  53|0x0000000084900000, 0x0000000084900000, 0x0000000084a00000|  0%| F|  |TAMS 0x0000000084900000| PB 0x0000000084900000| Untracked |  0
|  54|0x0000000084a00000, 0x0000000084a00000, 0x0000000084b00000|  0%| F|  |TAMS 0x0000000084a00000| PB 0x0000000084a00000| Untracked |  0
|  55|0x0000000084b00000, 0x0000000084b00000, 0x0000000084c00000|  0%| F|  |TAMS 0x0000000084b00000| PB 0x0000000084b00000| Untracked |  0
|  56|0x0000000084c00000, 0x0000000084c00000, 0x0000000084d00000|  0%| F|  |TAMS 0x0000000084c00000| PB 0x0000000084c00000| Untracked |  0
|  57|0x0000000084d00000, 0x0000000084d00000, 0x0000000084e00000|  0%| F|  |TAMS 0x0000000084d00000| PB 0x0000000084d00000| Untracked |  0
|  58|0x0000000084e00000, 0x0000000084e00000, 0x0000000084f00000|  0%| F|  |TAMS 0x0000000084e00000| PB 0x0000000084e00000| Untracked |  0
|  59|0x0000000084f00000, 0x0000000084f00000, 0x0000000085000000|  0%| F|  |TAMS 0x0000000084f00000| PB 0x0000000084f00000| Untracked |  0
|  60|0x0000000085000000, 0x0000000085000000, 0x0000000085100000|  0%| F|  |TAMS 0x0000000085000000| PB 0x0000000085000000| Untracked |  0
|  61|0x0000000085100000, 0x0000000085100000, 0x0000000085200000|  0%| F|  |TAMS 0x0000000085100000| PB 0x0000000085100000| Untracked |  0
|  62|0x0000000085200000, 0x0000000085200000, 0x0000000085300000|  0%| F|  |TAMS 0x0000000085200000| PB 0x0000000085200000| Untracked |  0
|  63|0x0000000085300000, 0x0000000085300000, 0x0000000085400000|  0%| F|  |TAMS 0x0000000085300000| PB 0x0000000085300000| Untracked |  0
|  64|0x0000000085400000, 0x0000000085400000, 0x0000000085500000|  0%| F|  |TAMS 0x0000000085400000| PB 0x0000000085400000| Untracked |  0
|  65|0x0000000085500000, 0x0000000085500000, 0x0000000085600000|  0%| F|  |TAMS 0x0000000085500000| PB 0x0000000085500000| Untracked |  0
|  66|0x0000000085600000, 0x0000000085600000, 0x0000000085700000|  0%| F|  |TAMS 0x0000000085600000| PB 0x0000000085600000| Untracked |  0
|  67|0x0000000085700000, 0x0000000085700000, 0x0000000085800000|  0%| F|  |TAMS 0x0000000085700000| PB 0x0000000085700000| Untracked |  0
|  68|0x0000000085800000, 0x0000000085800000, 0x0000000085900000|  0%| F|  |TAMS 0x0000000085800000| PB 0x0000000085800000| Untracked |  0
|  69|0x0000000085900000, 0x0000000085900000, 0x0000000085a00000|  0%| F|  |TAMS 0x0000000085900000| PB 0x0000000085900000| Untracked |  0
|  70|0x0000000085a00000, 0x0000000085a00000, 0x0000000085b00000|  0%| F|  |TAMS 0x0000000085a00000| PB 0x0000000085a00000| Untracked |  0
|  71|0x0000000085b00000, 0x0000000085b00000, 0x0000000085c00000|  0%| F|  |TAMS 0x0000000085b00000| PB 0x0000000085b00000| Untracked |  0
|  72|0x0000000085c00000, 0x0000000085c00000, 0x0000000085d00000|  0%| F|  |TAMS 0x0000000085c00000| PB 0x0000000085c00000| Untracked |  0
|  73|0x0000000085d00000, 0x0000000085d00000, 0x0000000085e00000|  0%| F|  |TAMS 0x0000000085d00000| PB 0x0000000085d00000| Untracked |  0
|  74|0x0000000085e00000, 0x0000000085e00000, 0x0000000085f00000|  0%| F|  |TAMS 0x0000000085e00000| PB 0x0000000085e00000| Untracked |  0
|  75|0x0000000085f00000, 0x0000000085f00000, 0x0000000086000000|  0%| F|  |TAMS 0x0000000085f00000| PB 0x0000000085f00000| Untracked |  0
|  76|0x0000000086000000, 0x0000000086000000, 0x0000000086100000|  0%| F|  |TAMS 0x0000000086000000| PB 0x0000000086000000| Untracked |  0
|  77|0x0000000086100000, 0x0000000086100000, 0x0000000086200000|  0%| F|  |TAMS 0x0000000086100000| PB 0x0000000086100000| Untracked |  0
|  78|0x0000000086200000, 0x0000000086200000, 0x0000000086300000|  0%| F|  |TAMS 0x0000000086200000| PB 0x0000000086200000| Untracked |  0
|  79|0x0000000086300000, 0x0000000086300000, 0x0000000086400000|  0%| F|  |TAMS 0x0000000086300000| PB 0x0000000086300000| Untracked |  0
|  80|0x0000000086400000, 0x0000000086400000, 0x0000000086500000|  0%| F|  |TAMS 0x0000000086400000| PB 0x0000000086400000| Untracked |  0
|  81|0x0000000086500000, 0x0000000086500000, 0x0000000086600000|  0%| F|  |TAMS 0x0000000086500000| PB 0x0000000086500000| Untracked |  0
|  82|0x0000000086600000, 0x0000000086600000, 0x0000000086700000|  0%| F|  |TAMS 0x0000000086600000| PB 0x0000000086600000| Untracked |  0
|  83|0x0000000086700000, 0x0000000086700000, 0x0000000086800000|  0%| F|  |TAMS 0x0000000086700000| PB 0x0000000086700000| Untracked |  0
|  84|0x0000000086800000, 0x0000000086800000, 0x0000000086900000|  0%| F|  |TAMS 0x0000000086800000| PB 0x0000000086800000| Untracked |  0
|  85|0x0000000086900000, 0x0000000086900000, 0x0000000086a00000|  0%| F|  |TAMS 0x0000000086900000| PB 0x0000000086900000| Untracked |  0
|  86|0x0000000086a00000, 0x0000000086a00000, 0x0000000086b00000|  0%| F|  |TAMS 0x0000000086a00000| PB 0x0000000086a00000| Untracked |  0
|  87|0x0000000086b00000, 0x0000000086b00000, 0x0000000086c00000|  0%| F|  |TAMS 0x0000000086b00000| PB 0x0000000086b00000| Untracked |  0
|  88|0x0000000086c00000, 0x0000000086c00000, 0x0000000086d00000|  0%| F|  |TAMS 0x0000000086c00000| PB 0x0000000086c00000| Untracked |  0
|  89|0x0000000086d00000, 0x0000000086d00000, 0x0000000086e00000|  0%| F|  |TAMS 0x0000000086d00000| PB 0x0000000086d00000| Untracked |  0
|  90|0x0000000086e00000, 0x0000000086e00000, 0x0000000086f00000|  0%| F|  |TAMS 0x0000000086e00000| PB 0x0000000086e00000| Untracked |  0
|  91|0x0000000086f00000, 0x0000000086f00000, 0x0000000087000000|  0%| F|  |TAMS 0x0000000086f00000| PB 0x0000000086f00000| Untracked |  0
|  92|0x0000000087000000, 0x0000000087000000, 0x0000000087100000|  0%| F|  |TAMS 0x0000000087000000| PB 0x0000000087000000| Untracked |  0
|  93|0x0000000087100000, 0x0000000087100000, 0x0000000087200000|  0%| F|  |TAMS 0x0000000087100000| PB 0x0000000087100000| Untracked |  0
|  94|0x0000000087200000, 0x0000000087200000, 0x0000000087300000|  0%| F|  |TAMS 0x0000000087200000| PB 0x0000000087200000| Untracked |  0
|  95|0x0000000087300000, 0x0000000087300000, 0x0000000087400000|  0%| F|  |TAMS 0x0000000087300000| PB 0x0000000087300000| Untracked |  0
|  96|0x0000000087400000, 0x0000000087400000, 0x0000000087500000|  0%| F|  |TAMS 0x0000000087400000| PB 0x0000000087400000| Untracked |  0
|  97|0x0000000087500000, 0x0000000087500000, 0x0000000087600000|  0%| F|  |TAMS 0x0000000087500000| PB 0x0000000087500000| Untracked |  0
|  98|0x0000000087600000, 0x0000000087600000, 0x0000000087700000|  0%| F|  |TAMS 0x0000000087600000| PB 0x0000000087600000| Untracked |  0
|  99|0x0000000087700000, 0x0000000087700000, 0x0000000087800000|  0%| F|  |TAMS 0x0000000087700000| PB 0x0000000087700000| Untracked |  0
| 100|0x0000000087800000, 0x0000000087800000, 0x0000000087900000|  0%| F|  |TAMS 0x0000000087800000| PB 0x0000000087800000| Untracked |  0
| 101|0x0000000087900000, 0x0000000087a00000, 0x0000000087a00000|100%| S|CS|TAMS 0x0000000087900000| PB 0x0000000087900000| Complete |  0
| 102|0x0000000087a00000, 0x0000000087b00000, 0x0000000087b00000|100%| S|CS|TAMS 0x0000000087a00000| PB 0x0000000087a00000| Complete |  0
| 103|0x0000000087b00000, 0x0000000087c00000, 0x0000000087c00000|100%| S|CS|TAMS 0x0000000087b00000| PB 0x0000000087b00000| Complete |  0
| 104|0x0000000087c00000, 0x0000000087c00000, 0x0000000087d00000|  0%| F|  |TAMS 0x0000000087c00000| PB 0x0000000087c00000| Untracked |  0
| 105|0x0000000087d00000, 0x0000000087d00000, 0x0000000087e00000|  0%| F|  |TAMS 0x0000000087d00000| PB 0x0000000087d00000| Untracked |  0
| 106|0x0000000087e00000, 0x0000000087e00000, 0x0000000087f00000|  0%| F|  |TAMS 0x0000000087e00000| PB 0x0000000087e00000| Untracked |  0
| 107|0x0000000087f00000, 0x0000000087f00000, 0x0000000088000000|  0%| F|  |TAMS 0x0000000087f00000| PB 0x0000000087f00000| Untracked |  0
| 108|0x0000000088000000, 0x0000000088000000, 0x0000000088100000|  0%| F|  |TAMS 0x0000000088000000| PB 0x0000000088000000| Untracked |  0
| 109|0x0000000088100000, 0x0000000088100000, 0x0000000088200000|  0%| F|  |TAMS 0x0000000088100000| PB 0x0000000088100000| Untracked |  0
| 110|0x0000000088200000, 0x0000000088200000, 0x0000000088300000|  0%| F|  |TAMS 0x0000000088200000| PB 0x0000000088200000| Untracked |  0
| 111|0x0000000088300000, 0x0000000088300000, 0x0000000088400000|  0%| F|  |TAMS 0x0000000088300000| PB 0x0000000088300000| Untracked |  0
| 112|0x0000000088400000, 0x0000000088400000, 0x0000000088500000|  0%| F|  |TAMS 0x0000000088400000| PB 0x0000000088400000| Untracked |  0
| 113|0x0000000088500000, 0x0000000088500000, 0x0000000088600000|  0%| F|  |TAMS 0x0000000088500000| PB 0x0000000088500000| Untracked |  0
| 114|0x0000000088600000, 0x0000000088600000, 0x0000000088700000|  0%| F|  |TAMS 0x0000000088600000| PB 0x0000000088600000| Untracked |  0
| 115|0x0000000088700000, 0x0000000088700000, 0x0000000088800000|  0%| F|  |TAMS 0x0000000088700000| PB 0x0000000088700000| Untracked |  0
| 116|0x0000000088800000, 0x0000000088800000, 0x0000000088900000|  0%| F|  |TAMS 0x0000000088800000| PB 0x0000000088800000| Untracked |  0
| 117|0x0000000088900000, 0x0000000088900000, 0x0000000088a00000|  0%| F|  |TAMS 0x0000000088900000| PB 0x0000000088900000| Untracked |  0
| 118|0x0000000088a00000, 0x0000000088a00000, 0x0000000088b00000|  0%| F|  |TAMS 0x0000000088a00000| PB 0x0000000088a00000| Untracked |  0
| 119|0x0000000088b00000, 0x0000000088b00000, 0x0000000088c00000|  0%| F|  |TAMS 0x0000000088b00000| PB 0x0000000088b00000| Untracked |  0
| 120|0x0000000088c00000, 0x0000000088c00000, 0x0000000088d00000|  0%| F|  |TAMS 0x0000000088c00000| PB 0x0000000088c00000| Untracked |  0
| 121|0x0000000088d00000, 0x0000000088d00000, 0x0000000088e00000|  0%| F|  |TAMS 0x0000000088d00000| PB 0x0000000088d00000| Untracked |  0
| 122|0x0000000088e00000, 0x0000000088f00000, 0x0000000088f00000|100%| E|  |TAMS 0x0000000088e00000| PB 0x0000000088e00000| Complete |  0
| 123|0x0000000088f00000, 0x0000000089000000, 0x0000000089000000|100%| E|CS|TAMS 0x0000000088f00000| PB 0x0000000088f00000| Complete |  0
| 124|0x0000000089000000, 0x0000000089100000, 0x0000000089100000|100%| E|CS|TAMS 0x0000000089000000| PB 0x0000000089000000| Complete |  0
| 125|0x0000000089100000, 0x0000000089200000, 0x0000000089200000|100%| E|CS|TAMS 0x0000000089100000| PB 0x0000000089100000| Complete |  0
| 126|0x0000000089200000, 0x0000000089300000, 0x0000000089300000|100%| E|CS|TAMS 0x0000000089200000| PB 0x0000000089200000| Complete |  0
| 127|0x0000000089300000, 0x0000000089400000, 0x0000000089400000|100%| E|CS|TAMS 0x0000000089300000| PB 0x0000000089300000| Complete |  0

Card table byte_map: [0x000001a62ba00000,0x000001a62be00000] _byte_map_base: 0x000001a62b5f6000

Marking Bits: (CMBitMap*) 0x000001a6120cd940
 Bits: [0x000001a62be00000, 0x000001a62ddb0000)

Polling page: 0x000001a612140000

Metaspace:

Usage:
  Non-class:      6.85 MB used.
      Class:    884.49 KB used.
       Both:      7.71 MB used.

Virtual space:
  Non-class space:       64.00 MB reserved,       6.94 MB ( 11%) committed,  1 nodes.
      Class space:        1.00 GB reserved,       1.00 MB ( <1%) committed,  1 nodes.
             Both:        1.06 GB reserved,       7.94 MB ( <1%) committed. 

Chunk freelists:
   Non-Class:  8.28 MB
       Class:  14.92 MB
        Both:  23.20 MB

MaxMetaspaceSize: unlimited
CompressedClassSpaceSize: 1.00 GB
Initial GC threshold: 21.00 MB
Current GC threshold: 21.00 MB
CDS: on
 - commit_granule_bytes: 65536.
 - commit_granule_words: 8192.
 - virtual_space_node_default_size: 8388608.
 - enlarge_chunks_in_place: 1.
 - use_allocation_guard: 0.


Internal statistics:

num_allocs_failed_limit: 0.
num_arena_births: 142.
num_arena_deaths: 0.
num_vsnodes_births: 2.
num_vsnodes_deaths: 0.
num_space_committed: 127.
num_space_uncommitted: 0.
num_chunks_returned_to_freelist: 0.
num_chunks_taken_from_freelist: 354.
num_chunk_merges: 0.
num_chunk_splits: 233.
num_chunks_enlarged: 161.
num_inconsistent_stats: 0.

CodeHeap 'non-profiled nmethods': size=120000Kb used=414Kb max_used=414Kb free=119585Kb
 bounds [0x000001a623660000, 0x000001a6238d0000, 0x000001a62ab90000]
CodeHeap 'profiled nmethods': size=120000Kb used=1897Kb max_used=1897Kb free=118103Kb
 bounds [0x000001a61bb90000, 0x000001a61be00000, 0x000001a6230c0000]
CodeHeap 'non-nmethods': size=5760Kb used=1500Kb max_used=1525Kb free=4260Kb
 bounds [0x000001a6230c0000, 0x000001a623330000, 0x000001a623660000]
 total_blobs=1768 nmethods=1193 adapters=480
 compilation: enabled
              stopped_count=0, restarted_count=0
 full_count=0

Compilation events (20 events):
Event: 1.224 Thread 0x000001a6308934a0 1155       3       java.lang.ClassLoader::defineClassSourceLocation (28 bytes)
Event: 1.224 Thread 0x000001a6308934a0 nmethod 1155 0x000001a61bd51d10 code [0x000001a61bd51ee0, 0x000001a61bd52250]
Event: 1.224 Thread 0x000001a6308934a0 1157       3       java.lang.ClassLoader::postDefineClass (39 bytes)
Event: 1.225 Thread 0x000001a6308934a0 nmethod 1157 0x000001a61bd52410 code [0x000001a61bd52600, 0x000001a61bd52928]
Event: 1.225 Thread 0x000001a6308934a0 1153       3       java.lang.String::equalsIgnoreCase (45 bytes)
Event: 1.225 Thread 0x000001a6308934a0 nmethod 1153 0x000001a61bd52b10 code [0x000001a61bd52d00, 0x000001a61bd53230]
Event: 1.231 Thread 0x000001a6308934a0 1158       3       java.lang.String::indexOf (64 bytes)
Event: 1.232 Thread 0x000001a6308934a0 nmethod 1158 0x000001a61bd53410 code [0x000001a61bd53620, 0x000001a61bd53ad0]
Event: 1.232 Thread 0x000001a6308934a0 1159       3       java.lang.StringLatin1::indexOf (25 bytes)
Event: 1.232 Thread 0x000001a6308934a0 nmethod 1159 0x000001a61bd53c90 code [0x000001a61bd53e40, 0x000001a61bd54030]
Event: 1.234 Thread 0x000001a630894fb0 1160       4       java.util.concurrent.ConcurrentHashMap::addCount (280 bytes)
Event: 1.235 Thread 0x000001a6308934a0 1161       3       java.net.URL::isBuiltinStreamHandler (32 bytes)
Event: 1.237 Thread 0x000001a6308934a0 nmethod 1161 0x000001a61bd54110 code [0x000001a61bd54340, 0x000001a61bd54b78]
Event: 1.237 Thread 0x000001a6308934a0 1162       3       sun.net.util.IPAddressUtil::checkHostString (65 bytes)
Event: 1.237 Thread 0x000001a6308934a0 nmethod 1162 0x000001a61bd54e90 code [0x000001a61bd55040, 0x000001a61bd55248]
Event: 1.237 Thread 0x000001a6308934a0 1163       3       sun.net.util.IPAddressUtil::checkHost (157 bytes)
Event: 1.239 Thread 0x000001a630894fb0 nmethod 1160 0x000001a6236c2910 code [0x000001a6236c2ac0, 0x000001a6236c2d08]
Event: 1.241 Thread 0x000001a6308934a0 nmethod 1163 0x000001a61bd55310 code [0x000001a61bd557a0, 0x000001a61bd573f0]
Event: 1.241 Thread 0x000001a6308934a0 1165       1       java.util.zip.ZipEntry::getSize (5 bytes)
Event: 1.241 Thread 0x000001a6308934a0 nmethod 1165 0x000001a6236c2f90 code [0x000001a6236c3120, 0x000001a6236c31e8]

GC Heap History (2 events):
Event: 1.048 GC heap before
{Heap before GC invocations=0 (full 0):
 garbage-first heap   total reserved 2076672K, committed 131072K, used 23552K [0x0000000081400000, 0x0000000100000000)
  region size 1024K, 24 young (24576K), 0 survivors (0K)
 Metaspace       used 5280K, committed 5504K, reserved 1114112K
  class space    used 621K, committed 704K, reserved 1048576K
}
Event: 1.052 GC heap after
{Heap after GC invocations=1 (full 0):
 garbage-first heap   total reserved 2076672K, committed 131072K, used 3231K [0x0000000081400000, 0x0000000100000000)
  region size 1024K, 3 young (3072K), 3 survivors (3072K)
 Metaspace       used 5280K, committed 5504K, reserved 1114112K
  class space    used 621K, committed 704K, reserved 1048576K
}

Dll operation events (20 events):
Event: 0.615 Loaded shared library C:\Users\USER\.openjfx\cache\19+11\amd64\api-ms-win-crt-heap-l1-1-0.dll
Event: 0.619 Loaded shared library C:\Users\USER\.openjfx\cache\19+11\amd64\api-ms-win-crt-locale-l1-1-0.dll
Event: 0.622 Loaded shared library C:\Users\USER\.openjfx\cache\19+11\amd64\api-ms-win-crt-math-l1-1-0.dll
Event: 0.625 Loaded shared library C:\Users\USER\.openjfx\cache\19+11\amd64\api-ms-win-crt-multibyte-l1-1-0.dll
Event: 0.629 Loaded shared library C:\Users\USER\.openjfx\cache\19+11\amd64\api-ms-win-crt-private-l1-1-0.dll
Event: 0.633 Loaded shared library C:\Users\USER\.openjfx\cache\19+11\amd64\api-ms-win-crt-process-l1-1-0.dll
Event: 0.636 Loaded shared library C:\Users\USER\.openjfx\cache\19+11\amd64\api-ms-win-crt-runtime-l1-1-0.dll
Event: 0.639 Loaded shared library C:\Users\USER\.openjfx\cache\19+11\amd64\api-ms-win-crt-stdio-l1-1-0.dll
Event: 0.643 Loaded shared library C:\Users\USER\.openjfx\cache\19+11\amd64\api-ms-win-crt-string-l1-1-0.dll
Event: 0.648 Loaded shared library C:\Users\USER\.openjfx\cache\19+11\amd64\api-ms-win-crt-time-l1-1-0.dll
Event: 0.652 Loaded shared library C:\Users\USER\.openjfx\cache\19+11\amd64\api-ms-win-crt-utility-l1-1-0.dll
Event: 0.668 Loaded shared library C:\Users\USER\.openjfx\cache\19+11\amd64\ucrtbase.dll
Event: 0.673 Loaded shared library C:\Users\USER\.openjfx\cache\19+11\amd64\vcruntime140.dll
Event: 0.677 Loaded shared library C:\Users\USER\.openjfx\cache\19+11\amd64\vcruntime140_1.dll
Event: 0.687 Loaded shared library C:\Users\USER\.openjfx\cache\19+11\amd64\msvcp140.dll
Event: 0.690 Loaded shared library C:\Users\USER\.openjfx\cache\19+11\amd64\msvcp140_1.dll
Event: 0.696 Loaded shared library C:\Users\USER\.openjfx\cache\19+11\amd64\msvcp140_2.dll
Event: 0.744 Loaded shared library C:\Users\USER\.openjfx\cache\19+11\amd64\prism_d3d.dll
Event: 0.810 Loaded shared library C:\Users\USER\.openjfx\cache\19+11\amd64\glass.dll
Event: 0.979 Loaded shared library C:\Program Files\Java\jdk-22\bin\jimage.dll

Deoptimization events (20 events):
Event: 1.135 Thread 0x000001a67643bd90 DEOPT PACKING pc=0x000001a61bd1e649 sp=0x00000055e87fab10
Event: 1.135 Thread 0x000001a67643bd90 DEOPT UNPACKING pc=0x000001a623114e42 sp=0x00000055e87f9f98 mode 0
Event: 1.135 Thread 0x000001a67643bd90 DEOPT PACKING pc=0x000001a61bd1e649 sp=0x00000055e87fab10
Event: 1.135 Thread 0x000001a67643bd90 DEOPT UNPACKING pc=0x000001a623114e42 sp=0x00000055e87f9f98 mode 0
Event: 1.136 Thread 0x000001a67643bd90 DEOPT PACKING pc=0x000001a61bd1e649 sp=0x00000055e87fab10
Event: 1.136 Thread 0x000001a67643bd90 DEOPT UNPACKING pc=0x000001a623114e42 sp=0x00000055e87f9f98 mode 0
Event: 1.136 Thread 0x000001a67643bd90 DEOPT PACKING pc=0x000001a61bd1e649 sp=0x00000055e87fab10
Event: 1.136 Thread 0x000001a67643bd90 DEOPT UNPACKING pc=0x000001a623114e42 sp=0x00000055e87f9f98 mode 0
Event: 1.137 Thread 0x000001a67643bd90 DEOPT PACKING pc=0x000001a61bd1e649 sp=0x00000055e87fab10
Event: 1.137 Thread 0x000001a67643bd90 DEOPT UNPACKING pc=0x000001a623114e42 sp=0x00000055e87f9f98 mode 0
Event: 1.137 Thread 0x000001a67643bd90 DEOPT PACKING pc=0x000001a61bd1e649 sp=0x00000055e87fab10
Event: 1.137 Thread 0x000001a67643bd90 DEOPT UNPACKING pc=0x000001a623114e42 sp=0x00000055e87f9f98 mode 0
Event: 1.138 Thread 0x000001a67643bd90 DEOPT PACKING pc=0x000001a61bd1e649 sp=0x00000055e87fab10
Event: 1.138 Thread 0x000001a67643bd90 DEOPT UNPACKING pc=0x000001a623114e42 sp=0x00000055e87f9f98 mode 0
Event: 1.138 Thread 0x000001a67643bd90 DEOPT PACKING pc=0x000001a61bd1e649 sp=0x00000055e87fab10
Event: 1.138 Thread 0x000001a67643bd90 DEOPT UNPACKING pc=0x000001a623114e42 sp=0x00000055e87f9f98 mode 0
Event: 1.139 Thread 0x000001a67643bd90 DEOPT PACKING pc=0x000001a61bd1e649 sp=0x00000055e87fab10
Event: 1.139 Thread 0x000001a67643bd90 DEOPT UNPACKING pc=0x000001a623114e42 sp=0x00000055e87f9f98 mode 0
Event: 1.169 Thread 0x000001a67643bd90 DEOPT PACKING pc=0x000001a61bc7f243 sp=0x00000055e87f9440
Event: 1.169 Thread 0x000001a67643bd90 DEOPT UNPACKING pc=0x000001a623114e42 sp=0x00000055e87f88b8 mode 0

Classes loaded (20 events):
Event: 1.127 Loading class java/util/ResourceBundle$Control$2
Event: 1.127 Loading class java/util/ResourceBundle$Control$2 done
Event: 1.128 Loading class java/util/PropertyResourceBundle
Event: 1.128 Loading class java/util/PropertyResourceBundle done
Event: 1.128 Loading class sun/util/PropertyResourceBundleCharset
Event: 1.128 Loading class sun/util/PropertyResourceBundleCharset done
Event: 1.128 Loading class sun/util/PropertyResourceBundleCharset$PropertiesFileDecoder
Event: 1.128 Loading class sun/util/PropertyResourceBundleCharset$PropertiesFileDecoder done
Event: 1.140 Loading class java/util/ResourceBundle$BundleReference
Event: 1.140 Loading class java/util/ResourceBundle$BundleReference done
Event: 1.141 Loading class java/text/MessageFormat
Event: 1.142 Loading class java/text/MessageFormat done
Event: 1.143 Loading class java/math/BigDecimal
Event: 1.144 Loading class java/math/BigDecimal done
Event: 1.145 Loading class java/math/MathContext
Event: 1.145 Loading class java/math/MathContext done
Event: 1.159 Loading class java/lang/reflect/InvocationHandler
Event: 1.159 Loading class java/lang/reflect/InvocationHandler done
Event: 1.199 Loading class java/text/MessageFormat$Field
Event: 1.199 Loading class java/text/MessageFormat$Field done

Classes unloaded (0 events):
No events

Classes redefined (0 events):
No events

Internal exceptions (14 events):
Event: 0.305 Thread 0x000001a611ea9ba0 Exception <a 'java/lang/NoSuchMethodError'{0x0000000088c35278}: 'void java.lang.invoke.DirectMethodHandle$Holder.invokeStatic(java.lang.Object, java.lang.Object, java.lang.Object, java.lang.Object)'> (0x0000000088c35278) 
thrown [s\open\src\hotspot\share\interpreter\linkResolver.cpp, line 774]
Event: 0.306 Thread 0x000001a611ea9ba0 Exception <a 'java/lang/NoSuchMethodError'{0x0000000088c39050}: 'void java.lang.invoke.DirectMethodHandle$Holder.invokeSpecial(java.lang.Object, java.lang.Object, java.lang.Object, java.lang.Object, java.lang.Object)'> (0x0000000088c39050) 
thrown [s\open\src\hotspot\share\interpreter\linkResolver.cpp, line 774]
Event: 0.315 Thread 0x000001a611ea9ba0 Exception <a 'java/lang/NoSuchMethodError'{0x0000000088c508e8}: 'java.lang.Object java.lang.invoke.Invokers$Holder.invokeExact_MT(java.lang.Object, java.lang.Object, java.lang.Object, java.lang.Object, java.lang.Object, java.lang.Object)'> (0x0000000088c508e8) 
thrown [s\open\src\hotspot\share\interpreter\linkResolver.cpp, line 774]
Event: 0.317 Thread 0x000001a611ea9ba0 Exception <a 'java/lang/NoSuchMethodError'{0x0000000088c55550}: 'void java.lang.invoke.DirectMethodHandle$Holder.invokeStatic(java.lang.Object, java.lang.Object)'> (0x0000000088c55550) 
thrown [s\open\src\hotspot\share\interpreter\linkResolver.cpp, line 774]
Event: 0.721 Thread 0x000001a611ea9ba0 Exception <a 'java/lang/NoSuchMethodError'{0x00000000886e2c30}: 'void java.lang.invoke.DirectMethodHandle$Holder.invokeSpecial(java.lang.Object, java.lang.Object, java.lang.Object)'> (0x00000000886e2c30) 
thrown [s\open\src\hotspot\share\interpreter\linkResolver.cpp, line 774]
Event: 0.732 Thread 0x000001a611ea9ba0 Exception <a 'java/lang/NoSuchMethodError'{0x000000008851e288}: 'void java.lang.invoke.DirectMethodHandle$Holder.invokeStatic(java.lang.Object, java.lang.Object, java.lang.Object)'> (0x000000008851e288) 
thrown [s\open\src\hotspot\share\interpreter\linkResolver.cpp, line 774]
Event: 0.783 Thread 0x000001a611ea9ba0 Exception <a 'java/lang/NoSuchMethodError'{0x000000008853eed0}: 'int java.lang.invoke.DirectMethodHandle$Holder.invokeStaticInit(java.lang.Object, java.lang.Object, java.lang.Object)'> (0x000000008853eed0) 
thrown [s\open\src\hotspot\share\interpreter\linkResolver.cpp, line 774]
Event: 0.814 Thread 0x000001a611ea9ba0 Exception <a 'java/lang/NoSuchMethodError'{0x00000000884992f8}: 'java.lang.Object java.lang.invoke.DirectMethodHandle$Holder.newInvokeSpecial(java.lang.Object, java.lang.Object, int, java.lang.Object)'> (0x00000000884992f8) 
thrown [s\open\src\hotspot\share\interpreter\linkResolver.cpp, line 774]
Event: 0.815 Thread 0x000001a611ea9ba0 Exception <a 'java/lang/NoSuchMethodError'{0x000000008849d530}: 'java.lang.Object java.lang.invoke.DirectMethodHandle$Holder.invokeSpecial(java.lang.Object, java.lang.Object, java.lang.Object, int, java.lang.Object)'> (0x000000008849d530) 
thrown [s\open\src\hotspot\share\interpreter\linkResolver.cpp, line 774]
Event: 0.891 Thread 0x000001a67643bd90 Exception <a 'java/lang/NoSuchMethodError'{0x00000000881ce3b8}: 'void java.lang.invoke.DirectMethodHandle$Holder.invokeStaticInit(java.lang.Object)'> (0x00000000881ce3b8) 
thrown [s\open\src\hotspot\share\interpreter\linkResolver.cpp, line 774]
Event: 0.921 Thread 0x000001a611ea9ba0 Exception <a 'java/lang/NoSuchMethodError'{0x00000000884b0bc0}: 'java.lang.Object java.lang.invoke.DirectMethodHandle$Holder.newInvokeSpecial(java.lang.Object, java.lang.Object, java.lang.Object, java.lang.Object, java.lang.Object, java.lang.Object)'> (0x00000000884b0bc0) 
thrown [s\open\src\hotspot\share\interpreter\linkResolver.cpp, line 774]
Event: 0.931 Thread 0x000001a611ea9ba0 Exception <a 'java/lang/NoSuchMethodError'{0x00000000884ea7c0}: 'java.lang.Object java.lang.invoke.DirectMethodHandle$Holder.newInvokeSpecial(java.lang.Object, java.lang.Object, java.lang.Object, java.lang.Object, java.lang.Object)'> (0x00000000884ea7c0) 
thrown [s\open\src\hotspot\share\interpreter\linkResolver.cpp, line 774]
Event: 1.013 Thread 0x000001a67643bd90 Exception <a 'java/lang/NoSuchMethodError'{0x0000000087cd4e10}: 'java.lang.Object java.lang.invoke.DirectMethodHandle$Holder.invokeInterface(java.lang.Object, java.lang.Object)'> (0x0000000087cd4e10) 
thrown [s\open\src\hotspot\share\interpreter\linkResolver.cpp, line 774]
Event: 1.149 Thread 0x000001a67643bd90 Exception <a 'java/lang/NoSuchMethodError'{0x00000000891ebf28}: 'java.lang.Object java.lang.invoke.DirectMethodHandle$Holder.invokeVirtual(java.lang.Object, java.lang.Object, java.lang.Object)'> (0x00000000891ebf28) 
thrown [s\open\src\hotspot\share\interpreter\linkResolver.cpp, line 774]

ZGC Phase Switch (0 events):
No events

VM Operations (18 events):
Event: 0.180 Executing VM operation: HandshakeAllThreads (Deoptimize)
Event: 0.180 Executing VM operation: HandshakeAllThreads (Deoptimize) done
Event: 0.259 Executing VM operation: HandshakeAllThreads (Deoptimize)
Event: 0.259 Executing VM operation: HandshakeAllThreads (Deoptimize) done
Event: 0.799 Executing VM operation: HandshakeAllThreads (Deoptimize)
Event: 0.799 Executing VM operation: HandshakeAllThreads (Deoptimize) done
Event: 1.048 Executing VM operation: G1CollectForAllocation (G1 Evacuation Pause)
Event: 1.052 Executing VM operation: G1CollectForAllocation (G1 Evacuation Pause) done
Event: 1.059 Executing VM operation: HandshakeAllThreads (Deoptimize)
Event: 1.059 Executing VM operation: HandshakeAllThreads (Deoptimize) done
Event: 1.091 Executing VM operation: HandshakeAllThreads (Deoptimize)
Event: 1.091 Executing VM operation: HandshakeAllThreads (Deoptimize) done
Event: 1.102 Executing VM operation: HandshakeAllThreads (Deoptimize)
Event: 1.102 Executing VM operation: HandshakeAllThreads (Deoptimize) done
Event: 1.124 Executing VM operation: HandshakeAllThreads (Deoptimize)
Event: 1.124 Executing VM operation: HandshakeAllThreads (Deoptimize) done
Event: 1.142 Executing VM operation: HandshakeAllThreads (Deoptimize)
Event: 1.142 Executing VM operation: HandshakeAllThreads (Deoptimize) done

Events (20 events):
Event: 0.038 Thread 0x000001a611ea9ba0 Thread added: 0x000001a611ea9ba0
Event: 0.058 Thread 0x000001a630880790 Thread added: 0x000001a630880790
Event: 0.058 Thread 0x000001a630881660 Thread added: 0x000001a630881660
Event: 0.058 Thread 0x000001a630888e70 Thread added: 0x000001a630888e70
Event: 0.059 Thread 0x000001a630889b50 Thread added: 0x000001a630889b50
Event: 0.059 Thread 0x000001a63088b030 Thread added: 0x000001a63088b030
Event: 0.059 Thread 0x000001a63088d3f0 Thread added: 0x000001a63088d3f0
Event: 0.059 Thread 0x000001a630894fb0 Thread added: 0x000001a630894fb0
Event: 0.059 Thread 0x000001a6308934a0 Thread added: 0x000001a6308934a0
Event: 0.106 Thread 0x000001a630b1ac60 Thread added: 0x000001a630b1ac60
Event: 0.204 Thread 0x000001a630bdca50 Thread added: 0x000001a630bdca50
Event: 0.287 Thread 0x000001a630b9c0b0 Thread added: 0x000001a630b9c0b0
Event: 0.733 Thread 0x000001a676263890 Thread added: 0x000001a676263890
Event: 0.812 Thread 0x000001a6763f7ef0 Thread added: 0x000001a6763f7ef0
Event: 0.816 Thread 0x000001a67643bd90 Thread added: 0x000001a67643bd90
Event: 0.884 Thread 0x000001a630bdca50 Thread exited: 0x000001a630bdca50
Event: 0.921 Thread 0x000001a6765c7710 Thread added: 0x000001a6765c7710
Event: 0.931 Thread 0x000001a67665b5f0 Thread added: 0x000001a67665b5f0
Event: 0.993 Thread 0x000001a676620ec0 Thread added: 0x000001a676620ec0
Event: 1.098 Thread 0x000001a676736cd0 Thread added: 0x000001a676736cd0


Dynamic libraries:
0x00007ff7f6070000 - 0x00007ff7f6080000 	C:\Program Files\Java\jdk-22\bin\java.exe
0x00007ff9bb730000 - 0x00007ff9bb947000 	C:\Windows\SYSTEM32\ntdll.dll
0x00007ff9b9d50000 - 0x00007ff9b9e14000 	C:\Windows\System32\KERNEL32.DLL
0x00007ff9b8f80000 - 0x00007ff9b9337000 	C:\Windows\System32\KERNELBASE.dll
0x00007ff9b8ae0000 - 0x00007ff9b8bf1000 	C:\Windows\System32\ucrtbase.dll
0x00007ff9b5880000 - 0x00007ff9b5897000 	C:\Program Files\Java\jdk-22\bin\jli.dll
0x00007ff9b4280000 - 0x00007ff9b429b000 	C:\Program Files\Java\jdk-22\bin\VCRUNTIME140.dll
0x00007ff9b9780000 - 0x00007ff9b9832000 	C:\Windows\System32\ADVAPI32.dll
0x00007ff9b9460000 - 0x00007ff9b9507000 	C:\Windows\System32\msvcrt.dll
0x00007ff9ba4f0000 - 0x00007ff9ba598000 	C:\Windows\System32\sechost.dll
0x00007ff9b8c00000 - 0x00007ff9b8c28000 	C:\Windows\System32\bcrypt.dll
0x00007ff9b9a50000 - 0x00007ff9b9b64000 	C:\Windows\System32\RPCRT4.dll
0x00007ff9b98a0000 - 0x00007ff9b9a4f000 	C:\Windows\System32\USER32.dll
0x00007ff9b8f50000 - 0x00007ff9b8f76000 	C:\Windows\System32\win32u.dll
0x00007ff999b80000 - 0x00007ff999e13000 	C:\Windows\WinSxS\amd64_microsoft.windows.common-controls_6595b64144ccf1df_6.0.22621.3672_none_2713b9d173822955\COMCTL32.dll
0x00007ff9bb000000 - 0x00007ff9bb029000 	C:\Windows\System32\GDI32.dll
0x00007ff9b9340000 - 0x00007ff9b9458000 	C:\Windows\System32\gdi32full.dll
0x00007ff9b8a40000 - 0x00007ff9b8ada000 	C:\Windows\System32\msvcp_win.dll
0x00007ff9b3950000 - 0x00007ff9b395a000 	C:\Windows\SYSTEM32\VERSION.dll
0x00007ff9b9840000 - 0x00007ff9b9871000 	C:\Windows\System32\IMM32.DLL
0x00007ff9b48c0000 - 0x00007ff9b48cc000 	C:\Program Files\Java\jdk-22\bin\vcruntime140_1.dll
0x00007ff9abc30000 - 0x00007ff9abcbe000 	C:\Program Files\Java\jdk-22\bin\msvcp140.dll
0x00007ff951b30000 - 0x00007ff952877000 	C:\Program Files\Java\jdk-22\bin\server\jvm.dll
0x00007ff9b9cd0000 - 0x00007ff9b9d41000 	C:\Windows\System32\WS2_32.dll
0x00007ff9b78f0000 - 0x00007ff9b793d000 	C:\Windows\SYSTEM32\POWRPROF.dll
0x00007ff9b12e0000 - 0x00007ff9b1314000 	C:\Windows\SYSTEM32\WINMM.dll
0x00007ff9b78d0000 - 0x00007ff9b78e3000 	C:\Windows\SYSTEM32\UMPDC.dll
0x00007ff9b7b80000 - 0x00007ff9b7b98000 	C:\Windows\SYSTEM32\kernel.appcore.dll
0x00007ff9b41b0000 - 0x00007ff9b41ba000 	C:\Program Files\Java\jdk-22\bin\jimage.dll
0x00007ff9b63d0000 - 0x00007ff9b6602000 	C:\Windows\SYSTEM32\DBGHELP.DLL
0x00007ff9b9e70000 - 0x00007ff9ba1fe000 	C:\Windows\System32\combase.dll
0x00007ff9baf20000 - 0x00007ff9baff7000 	C:\Windows\System32\OLEAUT32.dll
0x00007ff9a17d0000 - 0x00007ff9a1802000 	C:\Windows\SYSTEM32\dbgcore.DLL
0x00007ff9b8e60000 - 0x00007ff9b8edb000 	C:\Windows\System32\bcryptPrimitives.dll
0x00007ff9b4020000 - 0x00007ff9b403e000 	C:\Program Files\Java\jdk-22\bin\java.dll
0x00007ff9ba6b0000 - 0x00007ff9baf19000 	C:\Windows\System32\SHELL32.dll
0x00007ff9ba220000 - 0x00007ff9ba3c5000 	C:\Windows\System32\ole32.dll
0x00007ff9b69c0000 - 0x00007ff9b72bf000 	C:\Windows\SYSTEM32\windows.storage.dll
0x00007ff9b6870000 - 0x00007ff9b69af000 	C:\Windows\SYSTEM32\wintypes.dll
0x00007ff9ba3f0000 - 0x00007ff9ba4e9000 	C:\Windows\System32\SHCORE.dll
0x00007ff9bb0b0000 - 0x00007ff9bb10e000 	C:\Windows\System32\shlwapi.dll
0x00007ff9b8970000 - 0x00007ff9b8997000 	C:\Windows\SYSTEM32\profapi.dll
0x00007ff98f700000 - 0x00007ff98f7d7000 	C:\Program Files\Java\jdk-22\bin\jsvml.dll
0x00007ff9b4010000 - 0x00007ff9b4020000 	C:\Program Files\Java\jdk-22\bin\net.dll
0x00007ff9b7ff0000 - 0x00007ff9b8059000 	C:\Windows\system32\mswsock.dll
0x00007ff9b3f20000 - 0x00007ff9b3f36000 	C:\Program Files\Java\jdk-22\bin\nio.dll
0x00007ff9b3f40000 - 0x00007ff9b3f57000 	C:\Program Files\Java\jdk-22\bin\zip.dll
0x000001a630e20000 - 0x000001a630e23000 	C:\Users\USER\.openjfx\cache\19+11\amd64\api-ms-win-core-console-l1-1-0.dll
0x000001a630e30000 - 0x000001a630e33000 	C:\Users\USER\.openjfx\cache\19+11\amd64\api-ms-win-core-console-l1-2-0.dll
0x000001a630e40000 - 0x000001a630e43000 	C:\Users\USER\.openjfx\cache\19+11\amd64\api-ms-win-core-datetime-l1-1-0.dll
0x000001a630e50000 - 0x000001a630e53000 	C:\Users\USER\.openjfx\cache\19+11\amd64\api-ms-win-core-debug-l1-1-0.dll
0x000001a630e60000 - 0x000001a630e63000 	C:\Users\USER\.openjfx\cache\19+11\amd64\api-ms-win-core-errorhandling-l1-1-0.dll
0x000001a630e70000 - 0x000001a630e74000 	C:\Users\USER\.openjfx\cache\19+11\amd64\api-ms-win-core-file-l1-1-0.dll
0x000001a630e80000 - 0x000001a630e83000 	C:\Users\USER\.openjfx\cache\19+11\amd64\api-ms-win-core-file-l1-2-0.dll
0x000001a630e90000 - 0x000001a630e93000 	C:\Users\USER\.openjfx\cache\19+11\amd64\api-ms-win-core-file-l2-1-0.dll
0x000001a630ea0000 - 0x000001a630ea3000 	C:\Users\USER\.openjfx\cache\19+11\amd64\api-ms-win-core-handle-l1-1-0.dll
0x000001a630eb0000 - 0x000001a630eb3000 	C:\Users\USER\.openjfx\cache\19+11\amd64\api-ms-win-core-heap-l1-1-0.dll
0x000001a630ec0000 - 0x000001a630ec3000 	C:\Users\USER\.openjfx\cache\19+11\amd64\api-ms-win-core-interlocked-l1-1-0.dll
0x000001a630ed0000 - 0x000001a630ed3000 	C:\Users\USER\.openjfx\cache\19+11\amd64\api-ms-win-core-libraryloader-l1-1-0.dll
0x000001a630ee0000 - 0x000001a630ee3000 	C:\Users\USER\.openjfx\cache\19+11\amd64\api-ms-win-core-localization-l1-2-0.dll
0x000001a630ef0000 - 0x000001a630ef3000 	C:\Users\USER\.openjfx\cache\19+11\amd64\api-ms-win-core-memory-l1-1-0.dll
0x000001a630f00000 - 0x000001a630f03000 	C:\Users\USER\.openjfx\cache\19+11\amd64\api-ms-win-core-namedpipe-l1-1-0.dll
0x000001a630f10000 - 0x000001a630f13000 	C:\Users\USER\.openjfx\cache\19+11\amd64\api-ms-win-core-processenvironment-l1-1-0.dll
0x000001a630f20000 - 0x000001a630f23000 	C:\Users\USER\.openjfx\cache\19+11\amd64\api-ms-win-core-processthreads-l1-1-0.dll
0x000001a630f30000 - 0x000001a630f33000 	C:\Users\USER\.openjfx\cache\19+11\amd64\api-ms-win-core-processthreads-l1-1-1.dll
0x000001a630f40000 - 0x000001a630f43000 	C:\Users\USER\.openjfx\cache\19+11\amd64\api-ms-win-core-profile-l1-1-0.dll
0x000001a630f50000 - 0x000001a630f53000 	C:\Users\USER\.openjfx\cache\19+11\amd64\api-ms-win-core-rtlsupport-l1-1-0.dll
0x000001a630f60000 - 0x000001a630f63000 	C:\Users\USER\.openjfx\cache\19+11\amd64\api-ms-win-core-string-l1-1-0.dll
0x000001a630f70000 - 0x000001a630f73000 	C:\Users\USER\.openjfx\cache\19+11\amd64\api-ms-win-core-synch-l1-1-0.dll
0x000001a630f80000 - 0x000001a630f83000 	C:\Users\USER\.openjfx\cache\19+11\amd64\api-ms-win-core-synch-l1-2-0.dll
0x000001a630f90000 - 0x000001a630f93000 	C:\Users\USER\.openjfx\cache\19+11\amd64\api-ms-win-core-sysinfo-l1-1-0.dll
0x000001a630fa0000 - 0x000001a630fa3000 	C:\Users\USER\.openjfx\cache\19+11\amd64\api-ms-win-core-timezone-l1-1-0.dll
0x000001a630fb0000 - 0x000001a630fb3000 	C:\Users\USER\.openjfx\cache\19+11\amd64\api-ms-win-core-util-l1-1-0.dll
0x000001a630fc0000 - 0x000001a630fc3000 	C:\Users\USER\.openjfx\cache\19+11\amd64\api-ms-win-crt-conio-l1-1-0.dll
0x000001a630fd0000 - 0x000001a630fd4000 	C:\Users\USER\.openjfx\cache\19+11\amd64\api-ms-win-crt-convert-l1-1-0.dll
0x000001a630fe0000 - 0x000001a630fe3000 	C:\Users\USER\.openjfx\cache\19+11\amd64\api-ms-win-crt-environment-l1-1-0.dll
0x000001a630ff0000 - 0x000001a630ff3000 	C:\Users\USER\.openjfx\cache\19+11\amd64\api-ms-win-crt-filesystem-l1-1-0.dll
0x000001a676800000 - 0x000001a676803000 	C:\Users\USER\.openjfx\cache\19+11\amd64\api-ms-win-crt-heap-l1-1-0.dll
0x000001a676810000 - 0x000001a676813000 	C:\Users\USER\.openjfx\cache\19+11\amd64\api-ms-win-crt-locale-l1-1-0.dll
0x000001a676820000 - 0x000001a676825000 	C:\Users\USER\.openjfx\cache\19+11\amd64\api-ms-win-crt-math-l1-1-0.dll
0x000001a676830000 - 0x000001a676835000 	C:\Users\USER\.openjfx\cache\19+11\amd64\api-ms-win-crt-multibyte-l1-1-0.dll
0x000001a676840000 - 0x000001a676850000 	C:\Users\USER\.openjfx\cache\19+11\amd64\api-ms-win-crt-private-l1-1-0.dll
0x000001a676850000 - 0x000001a676853000 	C:\Users\USER\.openjfx\cache\19+11\amd64\api-ms-win-crt-process-l1-1-0.dll
0x000001a676860000 - 0x000001a676864000 	C:\Users\USER\.openjfx\cache\19+11\amd64\api-ms-win-crt-runtime-l1-1-0.dll
0x000001a676870000 - 0x000001a676874000 	C:\Users\USER\.openjfx\cache\19+11\amd64\api-ms-win-crt-stdio-l1-1-0.dll
0x000001a676880000 - 0x000001a676884000 	C:\Users\USER\.openjfx\cache\19+11\amd64\api-ms-win-crt-string-l1-1-0.dll
0x000001a676890000 - 0x000001a676893000 	C:\Users\USER\.openjfx\cache\19+11\amd64\api-ms-win-crt-time-l1-1-0.dll
0x000001a6768a0000 - 0x000001a6768a3000 	C:\Users\USER\.openjfx\cache\19+11\amd64\api-ms-win-crt-utility-l1-1-0.dll
0x00007ff97a590000 - 0x00007ff97a68c000 	C:\Users\USER\.openjfx\cache\19+11\amd64\ucrtbase.dll
0x00007ff9b3e10000 - 0x00007ff9b3e2b000 	C:\Users\USER\.openjfx\cache\19+11\amd64\vcruntime140.dll
0x00007ff9b3e00000 - 0x00007ff9b3e0c000 	C:\Users\USER\.openjfx\cache\19+11\amd64\vcruntime140_1.dll
0x00007ff9aad20000 - 0x00007ff9aadae000 	C:\Users\USER\.openjfx\cache\19+11\amd64\msvcp140.dll
0x00007ff9b3df0000 - 0x00007ff9b3df9000 	C:\Users\USER\.openjfx\cache\19+11\amd64\msvcp140_1.dll
0x00007ff9b3d80000 - 0x00007ff9b3db0000 	C:\Users\USER\.openjfx\cache\19+11\amd64\msvcp140_2.dll
0x00007ff9b3b30000 - 0x00007ff9b3b5c000 	C:\Users\USER\.openjfx\cache\19+11\amd64\prism_d3d.dll
0x00007ff9a58e0000 - 0x00007ff9a5a88000 	C:\Windows\system32\d3d9.dll
0x00007ff9b5f10000 - 0x00007ff9b5f3b000 	C:\Windows\SYSTEM32\dwmapi.dll
0x00007ff9b5cc0000 - 0x00007ff9b5cf7000 	C:\Windows\SYSTEM32\dxcore.dll
0x00007ff9b5bb0000 - 0x00007ff9b5c61000 	C:\Windows\system32\uxtheme.dll
0x00007ff9792d0000 - 0x00007ff97947f000 	C:\Windows\System32\DriverStore\FileRepository\iigd_dch.inf_amd64_51f685305808e3a5\igdumdim64.dll
0x00007ff931030000 - 0x00007ff9340d3000 	C:\Windows\System32\DriverStore\FileRepository\iigd_dch.inf_amd64_51f685305808e3a5\igd9dxva64.dll
0x00007ff9bb270000 - 0x00007ff9bb6e4000 	C:\Windows\System32\SETUPAPI.dll
0x00007ff9b8730000 - 0x00007ff9b877e000 	C:\Windows\SYSTEM32\cfgmgr32.dll
0x00007ff9aadb0000 - 0x00007ff9ab1b9000 	C:\Windows\System32\DriverStore\FileRepository\iigd_dch.inf_amd64_51f685305808e3a5\igdgmm64.dll
0x00007ff9b01b0000 - 0x00007ff9b01f9000 	C:\Windows\SYSTEM32\directxdatabasehelper.dll
0x00007ff9b3ae0000 - 0x00007ff9b3b22000 	C:\Users\USER\.openjfx\cache\19+11\amd64\glass.dll
0x00007ff9ba5b0000 - 0x00007ff9ba6af000 	C:\Windows\System32\COMDLG32.dll
0x00007ff9b9b70000 - 0x00007ff9b9cd0000 	C:\Windows\System32\MSCTF.dll
0x00007ff99f320000 - 0x00007ff99f347000 	C:\Windows\System32\DriverStore\FileRepository\iigd_dch.inf_amd64_51f685305808e3a5\igdinfo64.dll
0x00007ff9a6e30000 - 0x00007ff9aa5c4000 	C:\Windows\System32\DriverStore\FileRepository\iigd_dch.inf_amd64_51f685305808e3a5\igc64.dll
0x00007ff9b7600000 - 0x00007ff9b7702000 	C:\Windows\SYSTEM32\DNSAPI.dll
0x00007ff9b7590000 - 0x00007ff9b75bd000 	C:\Windows\SYSTEM32\IPHLPAPI.DLL
0x00007ff9ba210000 - 0x00007ff9ba219000 	C:\Windows\System32\NSI.dll
0x00007ff9b0b90000 - 0x00007ff9b0b9a000 	C:\Windows\System32\rasadhlp.dll
0x00007ff9b0830000 - 0x00007ff9b08b3000 	C:\Windows\System32\fwpuclnt.dll

dbghelp: loaded successfully - version: 4.0.5 - missing functions: none
symbol engine: initialized successfully - sym options: 0x614 - pdb path: .;C:\Program Files\Java\jdk-22\bin;C:\Windows\SYSTEM32;C:\Windows\WinSxS\amd64_microsoft.windows.common-controls_6595b64144ccf1df_6.0.22621.3672_none_2713b9d173822955;C:\Program Files\Java\jdk-22\bin\server;C:\Users\USER\.openjfx\cache\19+11\amd64;C:\Windows\System32\DriverStore\FileRepository\iigd_dch.inf_amd64_51f685305808e3a5

VM Arguments:
jvm_args: --module-path=C:\Users\USER\.m2\repository\org\openjfx\javafx-base\19\javafx-base-19-win.jar;C:\Users\USER\.m2\repository\org\openjfx\javafx-base\19\javafx-base-19.jar;C:\Users\USER\.m2\repository\org\openjfx\javafx-controls\19\javafx-controls-19-win.jar;C:\Users\USER\.m2\repository\org\openjfx\javafx-controls\19\javafx-controls-19.jar;C:\Users\USER\.m2\repository\org\openjfx\javafx-fxml\19\javafx-fxml-19-win.jar;C:\Users\USER\.m2\repository\org\openjfx\javafx-fxml\19\javafx-fxml-19.jar;C:\Users\USER\.m2\repository\org\openjfx\javafx-graphics\19\javafx-graphics-19-win.jar;C:\Users\USER\.m2\repository\org\openjfx\javafx-graphics\19\javafx-graphics-19.jar --add-modules=javafx.base,javafx.controls,javafx.fxml,javafx.graphics 
java_command: tests.MainFx
java_class_path (initial): C:\Users\USER\Desktop\3eme-esprit-ck\projet pidev\pidev3A19\pidev3A19\target\classes;C:\Users\USER\.m2\repository\com\google\protobuf\protobuf-java\3.21.9\protobuf-java-3.21.9.jar;C:\Users\USER\.m2\repository\com\mysql\mysql-connector-j\8.0.33\mysql-connector-j-8.0.33.jar
Launcher Type: SUN_STANDARD

[Global flags]
     intx CICompilerCount                          = 4                                         {product} {ergonomic}
     uint ConcGCThreads                            = 2                                         {product} {ergonomic}
     uint G1ConcRefinementThreads                  = 8                                         {product} {ergonomic}
   size_t G1HeapRegionSize                         = 1048576                                   {product} {ergonomic}
   size_t InitialHeapSize                          = 134217728                                 {product} {ergonomic}
   size_t MarkStackSize                            = 4194304                                   {product} {ergonomic}
   size_t MaxHeapSize                              = 2126512128                                {product} {ergonomic}
   size_t MaxNewSize                               = 1275068416                                {product} {ergonomic}
   size_t MinHeapDeltaBytes                        = 1048576                                   {product} {ergonomic}
   size_t MinHeapSize                              = 8388608                                   {product} {ergonomic}
    uintx NonNMethodCodeHeapSize                   = 5839372                                {pd product} {ergonomic}
    uintx NonProfiledCodeHeapSize                  = 122909434                              {pd product} {ergonomic}
    uintx ProfiledCodeHeapSize                     = 122909434                              {pd product} {ergonomic}
    uintx ReservedCodeCacheSize                    = 251658240                              {pd product} {ergonomic}
     bool SegmentedCodeCache                       = true                                      {product} {ergonomic}
   size_t SoftMaxHeapSize                          = 2126512128                             {manageable} {ergonomic}
     bool UseCompressedOops                        = true                           {product lp64_product} {ergonomic}
     bool UseG1GC                                  = true                                      {product} {ergonomic}
     bool UseLargePagesIndividualAllocation        = false                                  {pd product} {ergonomic}

Logging:
Log output configuration:
 #0: stdout all=warning uptime,level,tags foldmultilines=false
 #1: stderr all=off uptime,level,tags foldmultilines=false

Environment Variables:
PATH=C:\oraclexe\app\oracle\product\11.2.0\server\bin;;C:\Program Files\Common Files\Oracle\Java\javapath;C:\Program Files (x86)\VMware\VMware Workstation\bin\;C:\oraclexe\app\oracle\product\11.2.0\server\bin;C:\oraclexe\app\oracle\product\11.2.0\server\bin;C:\Windows\system32;C:\Windows;C:\Windows\System32\Wbem;C:\Windows\System32\WindowsPowerShell\v1.0\;C:\Windows\System32\OpenSSH\;C:\oraclexe\app\oracle\product\11.2.0\server\bin;C:\instantclient12_2;C:\oraclexe\app\oracle\admin\XE;C:\oraclexe;C:\Program Files (x86)\Git\cmd;C:\xampp\php;C:\Program Files\Java\jdk-22.0.1\bin;C:\ProgramData\ComposerSetup\bin;C:\Users\USER\scoop\shims;C:\Users\USER\AppData\Local\Microsoft\WindowsApps;;C:\Users\USER\AppData\Local\Programs\Microsoft VS Code\bin;C:\Users\USER\AppData\Roaming\Composer\vendor\bin;C:\Users\USER\AppData\Local\Programs\Windsurf\bin
USERNAME=USER
OS=Windows_NT
PROCESSOR_IDENTIFIER=Intel64 Family 6 Model 142 Stepping 10, GenuineIntel
TMP=C:\Users\USER\AppData\Local\Temp
TEMP=C:\Users\USER\AppData\Local\Temp




Periodic native trim disabled

---------------  S Y S T E M  ---------------

OS:
 Windows 11 , 64 bit Build 22621 (10.0.22621.3958)
OS uptime: 9 days 21:01 hours

CPU: total 8 (initial active 8) (4 cores per cpu, 2 threads per core) family 6 model 142 stepping 10 microcode 0xe0, cx8, cmov, fxsr, ht, mmx, 3dnowpref, sse, sse2, sse3, ssse3, sse4.1, sse4.2, popcnt, lzcnt, tsc, tscinvbit, avx, avx2, aes, erms, clmul, bmi1, bmi2, adx, fma, vzeroupper, clflush, clflushopt, rdtscp, f16c
Processor Information for all 8 processors :
  Max Mhz: 1801, Current Mhz: 1801, Mhz Limit: 1801

Memory: 4k page, system-wide physical 8107M (415M free)
TotalPageFile size 18249M (AvailPageFile size 0M)
current process WorkingSet (physical memory assigned to process): 107M, peak: 107M
current process commit charge ("private bytes"): 249M, peak: 249M

vm_info: Java HotSpot(TM) 64-Bit Server VM (22.0.1+8-16) for windows-amd64 JRE (22.0.1+8-16), built on 2024-03-12T10:33:16Z by "mach5one" with MS VC++ 17.6 (VS2022)

END.
