#
# There is insufficient memory for the Java Runtime Environment to continue.
# Native memory allocation (malloc) failed to allocate 1049296 bytes. Error detail: Chunk::new
# Possible reasons:
#   The system is out of physical RAM or swap space
#   This process is running with CompressedOops enabled, and the Java Heap may be blocking the growth of the native heap
# Possible solutions:
#   Reduce memory load on the system
#   Increase physical memory or swap space
#   Check if swap backing store is full
#   Decrease Java heap size (-Xmx/-Xms)
#   Decrease number of Java threads
#   Decrease Java thread stack sizes (-Xss)
#   Set larger code cache with -XX:ReservedCodeCacheSize=
#   JVM is running with Unscaled Compressed Oops mode in which the Java heap is
#     placed in the first 4GB address space. The Java Heap base address is the
#     maximum limit for the native heap growth. Please use -XX:HeapBaseMinAddress
#     to set the Java Heap base and to place the Java Heap above 4GB virtual address.
# This output file may be truncated or incomplete.
#
#  Out of Memory Error (arena.cpp:150), pid=25372, tid=1444
#
# JRE version: Java(TM) SE Runtime Environment (22.0.1+8) (build 22.0.1+8-16)
# Java VM: Java HotSpot(TM) 64-Bit Server VM (22.0.1+8-16, mixed mode, sharing, tiered, compressed oops, compressed class ptrs, g1 gc, windows-amd64)
# No core dump will be written. Minidumps are not enabled by default on client versions of Windows
#

---------------  S U M M A R Y ------------

Command Line: -Dmaven.multiModuleProjectDirectory=C:\Users\USER\Desktop\3eme-esprit-ck\projet pidev\pidev3A19\pidev3A19 -Djansi.passthrough=true -Dmaven.home=C:\Program Files\JetBrains\IntelliJ IDEA 2024.1\plugins\maven\lib\maven3 -Dclassworlds.conf=C:\Program Files\JetBrains\IntelliJ IDEA 2024.1\plugins\maven\lib\maven3\bin\m2.conf -Dmaven.ext.class.path=C:\Program Files\JetBrains\IntelliJ IDEA 2024.1\plugins\maven\lib\maven-event-listener.jar -javaagent:C:\Program Files\JetBrains\IntelliJ IDEA 2024.1\lib\idea_rt.jar=56437:C:\Program Files\JetBrains\IntelliJ IDEA 2024.1\bin -Dfile.encoding=UTF-8 -Dsun.stdout.encoding=UTF-8 -Dsun.stderr.encoding=UTF-8 org.codehaus.classworlds.Launcher -Didea.version=2024.1 org.openjfx:javafx-maven-plugin:0.0.8:run

Host: Intel(R) Core(TM) i5-8250U CPU @ 1.60GHz, 8 cores, 7G,  Windows 11 , 64 bit Build 22621 (10.0.22621.3958)
Time: Mon Feb 24 22:54:38 2025 Paris, Madrid elapsed time: 1.917722 seconds (0d 0h 0m 1s)

---------------  T H R E A D  ---------------

Current thread (0x0000024959be7790):  JavaThread "C2 CompilerThread0" daemon [_thread_in_native, id=1444, stack(0x000000a9fcc00000,0x000000a9fcd00000) (1024K)]


Current CompileTask:
C2:1917 2767   !   4       java.net.URL::<init> (543 bytes)

Stack: [0x000000a9fcc00000,0x000000a9fcd00000]
Native frames: (J=compiled Java code, j=interpreted, Vv=VM code, C=native code)
V  [jvm.dll+0x6e2279]  (no source info available)
V  [jvm.dll+0x874e33]  (no source info available)
V  [jvm.dll+0x87725e]  (no source info available)
V  [jvm.dll+0x877933]  (no source info available)
V  [jvm.dll+0x27fd76]  (no source info available)
V  [jvm.dll+0xc3d0f]  (no source info available)
V  [jvm.dll+0xc3f6b]  (no source info available)
V  [jvm.dll+0x3bb0d2]  (no source info available)
V  [jvm.dll+0x387b6b]  (no source info available)
V  [jvm.dll+0x386fda]  (no source info available)
V  [jvm.dll+0x247918]  (no source info available)
V  [jvm.dll+0x246fbf]  (no source info available)
V  [jvm.dll+0x1c4e90]  (no source info available)
V  [jvm.dll+0x2569fe]  (no source info available)
V  [jvm.dll+0x254cba]  (no source info available)
V  [jvm.dll+0x3f5336]  (no source info available)
V  [jvm.dll+0x81d44b]  (no source info available)
V  [jvm.dll+0x6e0915]  (no source info available)
C  [ucrtbase.dll+0x29333]  (no source info available)
C  [KERNEL32.DLL+0x1257d]  (no source info available)
C  [ntdll.dll+0x5af08]  (no source info available)


---------------  P R O C E S S  ---------------

Threads class SMR info:
_java_thread_list=0x000002499f229660, length=13, elements={
0x000002493b0d2930, 0x0000024959bce9b0, 0x0000024959bcf410, 0x0000024959bd2850,
0x0000024959bd6360, 0x0000024959bd5640, 0x0000024959bd5cd0, 0x0000024959be7790,
0x000002499f0201c0, 0x0000024959bd69f0, 0x000002499f1b24a0, 0x0000024959bd7080,
0x0000024959bd3c00
}

Java Threads: ( => current thread )
  0x000002493b0d2930 JavaThread "main"                              [_thread_in_vm, id=25996, stack(0x000000a9fbe00000,0x000000a9fbf00000) (1024K)]
  0x0000024959bce9b0 JavaThread "Reference Handler"          daemon [_thread_blocked, id=11256, stack(0x000000a9fc600000,0x000000a9fc700000) (1024K)]
  0x0000024959bcf410 JavaThread "Finalizer"                  daemon [_thread_blocked, id=21168, stack(0x000000a9fc700000,0x000000a9fc800000) (1024K)]
  0x0000024959bd2850 JavaThread "Signal Dispatcher"          daemon [_thread_blocked, id=16064, stack(0x000000a9fc800000,0x000000a9fc900000) (1024K)]
  0x0000024959bd6360 JavaThread "Attach Listener"            daemon [_thread_blocked, id=7000, stack(0x000000a9fc900000,0x000000a9fca00000) (1024K)]
  0x0000024959bd5640 JavaThread "Service Thread"             daemon [_thread_blocked, id=19464, stack(0x000000a9fca00000,0x000000a9fcb00000) (1024K)]
  0x0000024959bd5cd0 JavaThread "Monitor Deflation Thread"   daemon [_thread_blocked, id=1580, stack(0x000000a9fcb00000,0x000000a9fcc00000) (1024K)]
=>0x0000024959be7790 JavaThread "C2 CompilerThread0"         daemon [_thread_in_native, id=1444, stack(0x000000a9fcc00000,0x000000a9fcd00000) (1024K)]
  0x000002499f0201c0 JavaThread "C1 CompilerThread0"         daemon [_thread_in_native, id=21252, stack(0x000000a9fcd00000,0x000000a9fce00000) (1024K)]
  0x0000024959bd69f0 JavaThread "Common-Cleaner"             daemon [_thread_blocked, id=22484, stack(0x000000a9fce00000,0x000000a9fcf00000) (1024K)]
  0x000002499f1b24a0 JavaThread "C2 CompilerThread1"         daemon [_thread_in_native, id=3184, stack(0x000000a9fcf00000,0x000000a9fd000000) (1024K)]
  0x0000024959bd7080 JavaThread "Monitor Ctrl-Break"         daemon [_thread_in_native, id=8876, stack(0x000000a9fd000000,0x000000a9fd100000) (1024K)]
  0x0000024959bd3c00 JavaThread "Notification Thread"        daemon [_thread_blocked, id=26044, stack(0x000000a9fd100000,0x000000a9fd200000) (1024K)]
Total: 13

Other Threads:
  0x0000024959bb0460 VMThread "VM Thread"                           [id=25512, stack(0x000000a9fc500000,0x000000a9fc600000) (1024K)]
  0x0000024959b96fe0 WatcherThread "VM Periodic Task Thread"        [id=26020, stack(0x000000a9fc400000,0x000000a9fc500000) (1024K)]
  0x000002493d3a8e90 WorkerThread "GC Thread#0"                     [id=23852, stack(0x000000a9fbf00000,0x000000a9fc000000) (1024K)]
  0x000002499fbdf200 WorkerThread "GC Thread#1"                     [id=27180, stack(0x000000a9fd200000,0x000000a9fd300000) (1024K)]
  0x000002499fbdf9c0 WorkerThread "GC Thread#2"                     [id=17764, stack(0x000000a9fd300000,0x000000a9fd400000) (1024K)]
  0x000002499fcafb40 WorkerThread "GC Thread#3"                     [id=8532, stack(0x000000a9fd400000,0x000000a9fd500000) (1024K)]
  0x000002499fcafef0 WorkerThread "GC Thread#4"                     [id=26820, stack(0x000000a9fd500000,0x000000a9fd600000) (1024K)]
  0x000002499fcb02a0 WorkerThread "GC Thread#5"                     [id=27548, stack(0x000000a9fd600000,0x000000a9fd700000) (1024K)]
  0x000002499fcb1a80 WorkerThread "GC Thread#6"                     [id=1668, stack(0x000000a9fd700000,0x000000a9fd800000) (1024K)]
  0x000002499fcb2e50 WorkerThread "GC Thread#7"                     [id=2468, stack(0x000000a9fd800000,0x000000a9fd900000) (1024K)]
  0x000002493b19df40 ConcurrentGCThread "G1 Main Marker"            [id=26828, stack(0x000000a9fc000000,0x000000a9fc100000) (1024K)]
  0x000002493b19ea10 WorkerThread "G1 Conc#0"                       [id=2700, stack(0x000000a9fc100000,0x000000a9fc200000) (1024K)]
  0x0000024959a5bea0 ConcurrentGCThread "G1 Refine#0"               [id=12408, stack(0x000000a9fc200000,0x000000a9fc300000) (1024K)]
  0x0000024959a5c930 ConcurrentGCThread "G1 Service"                [id=24624, stack(0x000000a9fc300000,0x000000a9fc400000) (1024K)]
Total: 14

Threads with active compile tasks:
C2 CompilerThread0  1985 2767   !   4       java.net.URL::<init> (543 bytes)
C2 CompilerThread1  1985 2823       4       sun.util.locale.BaseLocale::getInstance (150 bytes)
Total: 2

VM state: not at safepoint (normal execution)

VM Mutex/Monitor currently owned by a thread: None

Heap address: 0x0000000081400000, size: 2028 MB, Compressed Oops mode: 32-bit

CDS archive(s) mapped at: [0x000002495a000000-0x000002495ac60000-0x000002495ac60000), size 12976128, SharedBaseAddress: 0x000002495a000000, ArchiveRelocationMode: 1.
Compressed class space mapped at: 0x000002495b000000-0x000002499b000000, reserved size: 1073741824
Narrow klass base: 0x000002495a000000, Narrow klass shift: 0, Narrow klass range: 0x41000000

GC Precious Log:
 CardTable entry size: 512
 Card Set container configuration: InlinePtr #cards 5 size 8 Array Of Cards #cards 12 size 40 Howl #buckets 4 coarsen threshold 1843 Howl Bitmap #cards 512 size 80 coarsen threshold 460 Card regions per heap region 1 cards per card region 2048
 CPUs: 8 total, 8 available
 Memory: 8107M
 Large Page Support: Disabled
 NUMA Support: Disabled
 Compressed Oops: Enabled (32-bit)
 Heap Region Size: 1M
 Heap Min Capacity: 8M
 Heap Initial Capacity: 128M
 Heap Max Capacity: 2028M
 Pre-touch: Disabled
 Parallel Workers: 8
 Concurrent Workers: 2
 Concurrent Refinement Workers: 8
 Periodic GC: Disabled

Heap:
 garbage-first heap   total reserved 2076672K, committed 131072K, used 29939K [0x0000000081400000, 0x0000000100000000)
  region size 1024K, 27 young (27648K), 3 survivors (3072K)
 Metaspace       used 15441K, committed 15744K, reserved 1114112K
  class space    used 1851K, committed 1984K, reserved 1048576K

Heap Regions: E=young(eden), S=young(survivor), O=old, HS=humongous(starts), HC=humongous(continues), CS=collection set, F=free, TAMS=top-at-mark-start, PB=parsable bottom
|   0|0x0000000081400000, 0x0000000081500000, 0x0000000081500000|100%| O|  |TAMS 0x0000000081400000| PB 0x0000000081400000| Untracked |  0
|   1|0x0000000081500000, 0x0000000081600000, 0x0000000081600000|100%| O|  |TAMS 0x0000000081500000| PB 0x0000000081500000| Untracked |  0
|   2|0x0000000081600000, 0x0000000081700000, 0x0000000081700000|100%| O|  |TAMS 0x0000000081600000| PB 0x0000000081600000| Untracked |  0
|   3|0x0000000081700000, 0x00000000817eafd8, 0x0000000081800000| 91%| O|  |TAMS 0x0000000081700000| PB 0x0000000081700000| Untracked |  0
|   4|0x0000000081800000, 0x0000000081800000, 0x0000000081900000|  0%| F|  |TAMS 0x0000000081800000| PB 0x0000000081800000| Untracked |  0
|   5|0x0000000081900000, 0x0000000081900000, 0x0000000081a00000|  0%| F|  |TAMS 0x0000000081900000| PB 0x0000000081900000| Untracked |  0
|   6|0x0000000081a00000, 0x0000000081a00000, 0x0000000081b00000|  0%| F|  |TAMS 0x0000000081a00000| PB 0x0000000081a00000| Untracked |  0
|   7|0x0000000081b00000, 0x0000000081b00000, 0x0000000081c00000|  0%| F|  |TAMS 0x0000000081b00000| PB 0x0000000081b00000| Untracked |  0
|   8|0x0000000081c00000, 0x0000000081c00000, 0x0000000081d00000|  0%| F|  |TAMS 0x0000000081c00000| PB 0x0000000081c00000| Untracked |  0
|   9|0x0000000081d00000, 0x0000000081d00000, 0x0000000081e00000|  0%| F|  |TAMS 0x0000000081d00000| PB 0x0000000081d00000| Untracked |  0
|  10|0x0000000081e00000, 0x0000000081e00000, 0x0000000081f00000|  0%| F|  |TAMS 0x0000000081e00000| PB 0x0000000081e00000| Untracked |  0
|  11|0x0000000081f00000, 0x0000000081f00000, 0x0000000082000000|  0%| F|  |TAMS 0x0000000081f00000| PB 0x0000000081f00000| Untracked |  0
|  12|0x0000000082000000, 0x0000000082000000, 0x0000000082100000|  0%| F|  |TAMS 0x0000000082000000| PB 0x0000000082000000| Untracked |  0
|  13|0x0000000082100000, 0x0000000082100000, 0x0000000082200000|  0%| F|  |TAMS 0x0000000082100000| PB 0x0000000082100000| Untracked |  0
|  14|0x0000000082200000, 0x0000000082200000, 0x0000000082300000|  0%| F|  |TAMS 0x0000000082200000| PB 0x0000000082200000| Untracked |  0
|  15|0x0000000082300000, 0x0000000082300000, 0x0000000082400000|  0%| F|  |TAMS 0x0000000082300000| PB 0x0000000082300000| Untracked |  0
|  16|0x0000000082400000, 0x0000000082400000, 0x0000000082500000|  0%| F|  |TAMS 0x0000000082400000| PB 0x0000000082400000| Untracked |  0
|  17|0x0000000082500000, 0x0000000082500000, 0x0000000082600000|  0%| F|  |TAMS 0x0000000082500000| PB 0x0000000082500000| Untracked |  0
|  18|0x0000000082600000, 0x0000000082600000, 0x0000000082700000|  0%| F|  |TAMS 0x0000000082600000| PB 0x0000000082600000| Untracked |  0
|  19|0x0000000082700000, 0x0000000082700000, 0x0000000082800000|  0%| F|  |TAMS 0x0000000082700000| PB 0x0000000082700000| Untracked |  0
|  20|0x0000000082800000, 0x0000000082800000, 0x0000000082900000|  0%| F|  |TAMS 0x0000000082800000| PB 0x0000000082800000| Untracked |  0
|  21|0x0000000082900000, 0x0000000082900000, 0x0000000082a00000|  0%| F|  |TAMS 0x0000000082900000| PB 0x0000000082900000| Untracked |  0
|  22|0x0000000082a00000, 0x0000000082a00000, 0x0000000082b00000|  0%| F|  |TAMS 0x0000000082a00000| PB 0x0000000082a00000| Untracked |  0
|  23|0x0000000082b00000, 0x0000000082b00000, 0x0000000082c00000|  0%| F|  |TAMS 0x0000000082b00000| PB 0x0000000082b00000| Untracked |  0
|  24|0x0000000082c00000, 0x0000000082c00000, 0x0000000082d00000|  0%| F|  |TAMS 0x0000000082c00000| PB 0x0000000082c00000| Untracked |  0
|  25|0x0000000082d00000, 0x0000000082d00000, 0x0000000082e00000|  0%| F|  |TAMS 0x0000000082d00000| PB 0x0000000082d00000| Untracked |  0
|  26|0x0000000082e00000, 0x0000000082e00000, 0x0000000082f00000|  0%| F|  |TAMS 0x0000000082e00000| PB 0x0000000082e00000| Untracked |  0
|  27|0x0000000082f00000, 0x0000000082f00000, 0x0000000083000000|  0%| F|  |TAMS 0x0000000082f00000| PB 0x0000000082f00000| Untracked |  0
|  28|0x0000000083000000, 0x0000000083000000, 0x0000000083100000|  0%| F|  |TAMS 0x0000000083000000| PB 0x0000000083000000| Untracked |  0
|  29|0x0000000083100000, 0x0000000083100000, 0x0000000083200000|  0%| F|  |TAMS 0x0000000083100000| PB 0x0000000083100000| Untracked |  0
|  30|0x0000000083200000, 0x0000000083200000, 0x0000000083300000|  0%| F|  |TAMS 0x0000000083200000| PB 0x0000000083200000| Untracked |  0
|  31|0x0000000083300000, 0x0000000083300000, 0x0000000083400000|  0%| F|  |TAMS 0x0000000083300000| PB 0x0000000083300000| Untracked |  0
|  32|0x0000000083400000, 0x0000000083400000, 0x0000000083500000|  0%| F|  |TAMS 0x0000000083400000| PB 0x0000000083400000| Untracked |  0
|  33|0x0000000083500000, 0x0000000083500000, 0x0000000083600000|  0%| F|  |TAMS 0x0000000083500000| PB 0x0000000083500000| Untracked |  0
|  34|0x0000000083600000, 0x0000000083600000, 0x0000000083700000|  0%| F|  |TAMS 0x0000000083600000| PB 0x0000000083600000| Untracked |  0
|  35|0x0000000083700000, 0x0000000083700000, 0x0000000083800000|  0%| F|  |TAMS 0x0000000083700000| PB 0x0000000083700000| Untracked |  0
|  36|0x0000000083800000, 0x0000000083800000, 0x0000000083900000|  0%| F|  |TAMS 0x0000000083800000| PB 0x0000000083800000| Untracked |  0
|  37|0x0000000083900000, 0x0000000083900000, 0x0000000083a00000|  0%| F|  |TAMS 0x0000000083900000| PB 0x0000000083900000| Untracked |  0
|  38|0x0000000083a00000, 0x0000000083a00000, 0x0000000083b00000|  0%| F|  |TAMS 0x0000000083a00000| PB 0x0000000083a00000| Untracked |  0
|  39|0x0000000083b00000, 0x0000000083b00000, 0x0000000083c00000|  0%| F|  |TAMS 0x0000000083b00000| PB 0x0000000083b00000| Untracked |  0
|  40|0x0000000083c00000, 0x0000000083c00000, 0x0000000083d00000|  0%| F|  |TAMS 0x0000000083c00000| PB 0x0000000083c00000| Untracked |  0
|  41|0x0000000083d00000, 0x0000000083d00000, 0x0000000083e00000|  0%| F|  |TAMS 0x0000000083d00000| PB 0x0000000083d00000| Untracked |  0
|  42|0x0000000083e00000, 0x0000000083e00000, 0x0000000083f00000|  0%| F|  |TAMS 0x0000000083e00000| PB 0x0000000083e00000| Untracked |  0
|  43|0x0000000083f00000, 0x0000000083f00000, 0x0000000084000000|  0%| F|  |TAMS 0x0000000083f00000| PB 0x0000000083f00000| Untracked |  0
|  44|0x0000000084000000, 0x0000000084000000, 0x0000000084100000|  0%| F|  |TAMS 0x0000000084000000| PB 0x0000000084000000| Untracked |  0
|  45|0x0000000084100000, 0x0000000084100000, 0x0000000084200000|  0%| F|  |TAMS 0x0000000084100000| PB 0x0000000084100000| Untracked |  0
|  46|0x0000000084200000, 0x0000000084200000, 0x0000000084300000|  0%| F|  |TAMS 0x0000000084200000| PB 0x0000000084200000| Untracked |  0
|  47|0x0000000084300000, 0x0000000084300000, 0x0000000084400000|  0%| F|  |TAMS 0x0000000084300000| PB 0x0000000084300000| Untracked |  0
|  48|0x0000000084400000, 0x0000000084400000, 0x0000000084500000|  0%| F|  |TAMS 0x0000000084400000| PB 0x0000000084400000| Untracked |  0
|  49|0x0000000084500000, 0x0000000084500000, 0x0000000084600000|  0%| F|  |TAMS 0x0000000084500000| PB 0x0000000084500000| Untracked |  0
|  50|0x0000000084600000, 0x0000000084600000, 0x0000000084700000|  0%| F|  |TAMS 0x0000000084600000| PB 0x0000000084600000| Untracked |  0
|  51|0x0000000084700000, 0x0000000084700000, 0x0000000084800000|  0%| F|  |TAMS 0x0000000084700000| PB 0x0000000084700000| Untracked |  0
|  52|0x0000000084800000, 0x0000000084800000, 0x0000000084900000|  0%| F|  |TAMS 0x0000000084800000| PB 0x0000000084800000| Untracked |  0
|  53|0x0000000084900000, 0x0000000084900000, 0x0000000084a00000|  0%| F|  |TAMS 0x0000000084900000| PB 0x0000000084900000| Untracked |  0
|  54|0x0000000084a00000, 0x0000000084a00000, 0x0000000084b00000|  0%| F|  |TAMS 0x0000000084a00000| PB 0x0000000084a00000| Untracked |  0
|  55|0x0000000084b00000, 0x0000000084b00000, 0x0000000084c00000|  0%| F|  |TAMS 0x0000000084b00000| PB 0x0000000084b00000| Untracked |  0
|  56|0x0000000084c00000, 0x0000000084c00000, 0x0000000084d00000|  0%| F|  |TAMS 0x0000000084c00000| PB 0x0000000084c00000| Untracked |  0
|  57|0x0000000084d00000, 0x0000000084d00000, 0x0000000084e00000|  0%| F|  |TAMS 0x0000000084d00000| PB 0x0000000084d00000| Untracked |  0
|  58|0x0000000084e00000, 0x0000000084e00000, 0x0000000084f00000|  0%| F|  |TAMS 0x0000000084e00000| PB 0x0000000084e00000| Untracked |  0
|  59|0x0000000084f00000, 0x0000000084f00000, 0x0000000085000000|  0%| F|  |TAMS 0x0000000084f00000| PB 0x0000000084f00000| Untracked |  0
|  60|0x0000000085000000, 0x0000000085000000, 0x0000000085100000|  0%| F|  |TAMS 0x0000000085000000| PB 0x0000000085000000| Untracked |  0
|  61|0x0000000085100000, 0x0000000085100000, 0x0000000085200000|  0%| F|  |TAMS 0x0000000085100000| PB 0x0000000085100000| Untracked |  0
|  62|0x0000000085200000, 0x0000000085200000, 0x0000000085300000|  0%| F|  |TAMS 0x0000000085200000| PB 0x0000000085200000| Untracked |  0
|  63|0x0000000085300000, 0x0000000085300000, 0x0000000085400000|  0%| F|  |TAMS 0x0000000085300000| PB 0x0000000085300000| Untracked |  0
|  64|0x0000000085400000, 0x0000000085400000, 0x0000000085500000|  0%| F|  |TAMS 0x0000000085400000| PB 0x0000000085400000| Untracked |  0
|  65|0x0000000085500000, 0x0000000085500000, 0x0000000085600000|  0%| F|  |TAMS 0x0000000085500000| PB 0x0000000085500000| Untracked |  0
|  66|0x0000000085600000, 0x0000000085600000, 0x0000000085700000|  0%| F|  |TAMS 0x0000000085600000| PB 0x0000000085600000| Untracked |  0
|  67|0x0000000085700000, 0x0000000085700000, 0x0000000085800000|  0%| F|  |TAMS 0x0000000085700000| PB 0x0000000085700000| Untracked |  0
|  68|0x0000000085800000, 0x0000000085800000, 0x0000000085900000|  0%| F|  |TAMS 0x0000000085800000| PB 0x0000000085800000| Untracked |  0
|  69|0x0000000085900000, 0x0000000085900000, 0x0000000085a00000|  0%| F|  |TAMS 0x0000000085900000| PB 0x0000000085900000| Untracked |  0
|  70|0x0000000085a00000, 0x0000000085a00000, 0x0000000085b00000|  0%| F|  |TAMS 0x0000000085a00000| PB 0x0000000085a00000| Untracked |  0
|  71|0x0000000085b00000, 0x0000000085b00000, 0x0000000085c00000|  0%| F|  |TAMS 0x0000000085b00000| PB 0x0000000085b00000| Untracked |  0
|  72|0x0000000085c00000, 0x0000000085c00000, 0x0000000085d00000|  0%| F|  |TAMS 0x0000000085c00000| PB 0x0000000085c00000| Untracked |  0
|  73|0x0000000085d00000, 0x0000000085d00000, 0x0000000085e00000|  0%| F|  |TAMS 0x0000000085d00000| PB 0x0000000085d00000| Untracked |  0
|  74|0x0000000085e00000, 0x0000000085e00000, 0x0000000085f00000|  0%| F|  |TAMS 0x0000000085e00000| PB 0x0000000085e00000| Untracked |  0
|  75|0x0000000085f00000, 0x0000000085f00000, 0x0000000086000000|  0%| F|  |TAMS 0x0000000085f00000| PB 0x0000000085f00000| Untracked |  0
|  76|0x0000000086000000, 0x0000000086000000, 0x0000000086100000|  0%| F|  |TAMS 0x0000000086000000| PB 0x0000000086000000| Untracked |  0
|  77|0x0000000086100000, 0x0000000086100000, 0x0000000086200000|  0%| F|  |TAMS 0x0000000086100000| PB 0x0000000086100000| Untracked |  0
|  78|0x0000000086200000, 0x0000000086200000, 0x0000000086300000|  0%| F|  |TAMS 0x0000000086200000| PB 0x0000000086200000| Untracked |  0
|  79|0x0000000086300000, 0x0000000086300000, 0x0000000086400000|  0%| F|  |TAMS 0x0000000086300000| PB 0x0000000086300000| Untracked |  0
|  80|0x0000000086400000, 0x0000000086400000, 0x0000000086500000|  0%| F|  |TAMS 0x0000000086400000| PB 0x0000000086400000| Untracked |  0
|  81|0x0000000086500000, 0x0000000086500000, 0x0000000086600000|  0%| F|  |TAMS 0x0000000086500000| PB 0x0000000086500000| Untracked |  0
|  82|0x0000000086600000, 0x0000000086600000, 0x0000000086700000|  0%| F|  |TAMS 0x0000000086600000| PB 0x0000000086600000| Untracked |  0
|  83|0x0000000086700000, 0x0000000086700000, 0x0000000086800000|  0%| F|  |TAMS 0x0000000086700000| PB 0x0000000086700000| Untracked |  0
|  84|0x0000000086800000, 0x0000000086800000, 0x0000000086900000|  0%| F|  |TAMS 0x0000000086800000| PB 0x0000000086800000| Untracked |  0
|  85|0x0000000086900000, 0x0000000086900000, 0x0000000086a00000|  0%| F|  |TAMS 0x0000000086900000| PB 0x0000000086900000| Untracked |  0
|  86|0x0000000086a00000, 0x0000000086a00000, 0x0000000086b00000|  0%| F|  |TAMS 0x0000000086a00000| PB 0x0000000086a00000| Untracked |  0
|  87|0x0000000086b00000, 0x0000000086b00000, 0x0000000086c00000|  0%| F|  |TAMS 0x0000000086b00000| PB 0x0000000086b00000| Untracked |  0
|  88|0x0000000086c00000, 0x0000000086c00000, 0x0000000086d00000|  0%| F|  |TAMS 0x0000000086c00000| PB 0x0000000086c00000| Untracked |  0
|  89|0x0000000086d00000, 0x0000000086d00000, 0x0000000086e00000|  0%| F|  |TAMS 0x0000000086d00000| PB 0x0000000086d00000| Untracked |  0
|  90|0x0000000086e00000, 0x0000000086e51fd0, 0x0000000086f00000| 32%| S|CS|TAMS 0x0000000086e00000| PB 0x0000000086e00000| Complete |  0
|  91|0x0000000086f00000, 0x0000000087000000, 0x0000000087000000|100%| S|CS|TAMS 0x0000000086f00000| PB 0x0000000086f00000| Complete |  0
|  92|0x0000000087000000, 0x0000000087100000, 0x0000000087100000|100%| S|CS|TAMS 0x0000000087000000| PB 0x0000000087000000| Complete |  0
|  93|0x0000000087100000, 0x0000000087100000, 0x0000000087200000|  0%| F|  |TAMS 0x0000000087100000| PB 0x0000000087100000| Untracked |  0
|  94|0x0000000087200000, 0x0000000087200000, 0x0000000087300000|  0%| F|  |TAMS 0x0000000087200000| PB 0x0000000087200000| Untracked |  0
|  95|0x0000000087300000, 0x0000000087300000, 0x0000000087400000|  0%| F|  |TAMS 0x0000000087300000| PB 0x0000000087300000| Untracked |  0
|  96|0x0000000087400000, 0x0000000087400000, 0x0000000087500000|  0%| F|  |TAMS 0x0000000087400000| PB 0x0000000087400000| Untracked |  0
|  97|0x0000000087500000, 0x0000000087500000, 0x0000000087600000|  0%| F|  |TAMS 0x0000000087500000| PB 0x0000000087500000| Untracked |  0
|  98|0x0000000087600000, 0x0000000087600000, 0x0000000087700000|  0%| F|  |TAMS 0x0000000087600000| PB 0x0000000087600000| Untracked |  0
|  99|0x0000000087700000, 0x0000000087700000, 0x0000000087800000|  0%| F|  |TAMS 0x0000000087700000| PB 0x0000000087700000| Untracked |  0
| 100|0x0000000087800000, 0x0000000087800000, 0x0000000087900000|  0%| F|  |TAMS 0x0000000087800000| PB 0x0000000087800000| Untracked |  0
| 101|0x0000000087900000, 0x0000000087900000, 0x0000000087a00000|  0%| F|  |TAMS 0x0000000087900000| PB 0x0000000087900000| Untracked |  0
| 102|0x0000000087a00000, 0x0000000087a00000, 0x0000000087b00000|  0%| F|  |TAMS 0x0000000087a00000| PB 0x0000000087a00000| Untracked |  0
| 103|0x0000000087b00000, 0x0000000087b00000, 0x0000000087c00000|  0%| F|  |TAMS 0x0000000087b00000| PB 0x0000000087b00000| Untracked |  0
| 104|0x0000000087c00000, 0x0000000087ca4838, 0x0000000087d00000| 64%| E|  |TAMS 0x0000000087c00000| PB 0x0000000087c00000| Complete |  0
| 105|0x0000000087d00000, 0x0000000087e00000, 0x0000000087e00000|100%| E|CS|TAMS 0x0000000087d00000| PB 0x0000000087d00000| Complete |  0
| 106|0x0000000087e00000, 0x0000000087f00000, 0x0000000087f00000|100%| E|CS|TAMS 0x0000000087e00000| PB 0x0000000087e00000| Complete |  0
| 107|0x0000000087f00000, 0x0000000088000000, 0x0000000088000000|100%| E|CS|TAMS 0x0000000087f00000| PB 0x0000000087f00000| Complete |  0
| 108|0x0000000088000000, 0x0000000088100000, 0x0000000088100000|100%| E|CS|TAMS 0x0000000088000000| PB 0x0000000088000000| Complete |  0
| 109|0x0000000088100000, 0x0000000088200000, 0x0000000088200000|100%| E|CS|TAMS 0x0000000088100000| PB 0x0000000088100000| Complete |  0
| 110|0x0000000088200000, 0x0000000088300000, 0x0000000088300000|100%| E|CS|TAMS 0x0000000088200000| PB 0x0000000088200000| Complete |  0
| 111|0x0000000088300000, 0x0000000088400000, 0x0000000088400000|100%| E|CS|TAMS 0x0000000088300000| PB 0x0000000088300000| Complete |  0
| 112|0x0000000088400000, 0x0000000088500000, 0x0000000088500000|100%| E|CS|TAMS 0x0000000088400000| PB 0x0000000088400000| Complete |  0
| 113|0x0000000088500000, 0x0000000088600000, 0x0000000088600000|100%| E|CS|TAMS 0x0000000088500000| PB 0x0000000088500000| Complete |  0
| 114|0x0000000088600000, 0x0000000088700000, 0x0000000088700000|100%| E|CS|TAMS 0x0000000088600000| PB 0x0000000088600000| Complete |  0
| 115|0x0000000088700000, 0x0000000088800000, 0x0000000088800000|100%| E|CS|TAMS 0x0000000088700000| PB 0x0000000088700000| Complete |  0
| 116|0x0000000088800000, 0x0000000088900000, 0x0000000088900000|100%| E|CS|TAMS 0x0000000088800000| PB 0x0000000088800000| Complete |  0
| 117|0x0000000088900000, 0x0000000088a00000, 0x0000000088a00000|100%| E|CS|TAMS 0x0000000088900000| PB 0x0000000088900000| Complete |  0
| 118|0x0000000088a00000, 0x0000000088b00000, 0x0000000088b00000|100%| E|CS|TAMS 0x0000000088a00000| PB 0x0000000088a00000| Complete |  0
| 119|0x0000000088b00000, 0x0000000088c00000, 0x0000000088c00000|100%| E|CS|TAMS 0x0000000088b00000| PB 0x0000000088b00000| Complete |  0
| 120|0x0000000088c00000, 0x0000000088d00000, 0x0000000088d00000|100%| E|CS|TAMS 0x0000000088c00000| PB 0x0000000088c00000| Complete |  0
| 121|0x0000000088d00000, 0x0000000088e00000, 0x0000000088e00000|100%| E|CS|TAMS 0x0000000088d00000| PB 0x0000000088d00000| Complete |  0
| 122|0x0000000088e00000, 0x0000000088f00000, 0x0000000088f00000|100%| E|CS|TAMS 0x0000000088e00000| PB 0x0000000088e00000| Complete |  0
| 123|0x0000000088f00000, 0x0000000089000000, 0x0000000089000000|100%| E|CS|TAMS 0x0000000088f00000| PB 0x0000000088f00000| Complete |  0
| 124|0x0000000089000000, 0x0000000089100000, 0x0000000089100000|100%| E|CS|TAMS 0x0000000089000000| PB 0x0000000089000000| Complete |  0
| 125|0x0000000089100000, 0x0000000089200000, 0x0000000089200000|100%| E|CS|TAMS 0x0000000089100000| PB 0x0000000089100000| Complete |  0
| 126|0x0000000089200000, 0x0000000089300000, 0x0000000089300000|100%| E|CS|TAMS 0x0000000089200000| PB 0x0000000089200000| Complete |  0
| 127|0x0000000089300000, 0x0000000089400000, 0x0000000089400000|100%| E|CS|TAMS 0x0000000089300000| PB 0x0000000089300000| Complete |  0

Card table byte_map: [0x0000024954dc0000,0x00000249551c0000] _byte_map_base: 0x00000249549b6000

Marking Bits: (CMBitMap*) 0x000002493d3a95a0
 Bits: [0x00000249551c0000, 0x0000024957170000)

Polling page: 0x000002493b280000

Metaspace:

Usage:
  Non-class:     13.29 MB used.
      Class:      1.82 MB used.
       Both:     15.10 MB used.

Virtual space:
  Non-class space:       64.00 MB reserved,      13.44 MB ( 21%) committed,  1 nodes.
      Class space:        1.00 GB reserved,       1.94 MB ( <1%) committed,  1 nodes.
             Both:        1.06 GB reserved,      15.38 MB (  1%) committed. 

Chunk freelists:
   Non-Class:  2.53 MB
       Class:  13.95 MB
        Both:  16.48 MB

MaxMetaspaceSize: unlimited
CompressedClassSpaceSize: 1.00 GB
Initial GC threshold: 21.00 MB
Current GC threshold: 21.00 MB
CDS: on
 - commit_granule_bytes: 65536.
 - commit_granule_words: 8192.
 - virtual_space_node_default_size: 8388608.
 - enlarge_chunks_in_place: 1.
 - use_allocation_guard: 0.


Internal statistics:

num_allocs_failed_limit: 0.
num_arena_births: 164.
num_arena_deaths: 0.
num_vsnodes_births: 2.
num_vsnodes_deaths: 0.
num_space_committed: 246.
num_space_uncommitted: 0.
num_chunks_returned_to_freelist: 0.
num_chunks_taken_from_freelist: 658.
num_chunk_merges: 0.
num_chunk_splits: 468.
num_chunks_enlarged: 372.
num_inconsistent_stats: 0.

CodeHeap 'non-profiled nmethods': size=120000Kb used=1061Kb max_used=1061Kb free=118939Kb
 bounds [0x000002494d160000, 0x000002494d3d0000, 0x0000024954690000]
CodeHeap 'profiled nmethods': size=120000Kb used=5612Kb max_used=5612Kb free=114388Kb
 bounds [0x0000024945690000, 0x0000024945c10000, 0x000002494cbc0000]
CodeHeap 'non-nmethods': size=5760Kb used=1414Kb max_used=1435Kb free=4346Kb
 bounds [0x000002494cbc0000, 0x000002494ce30000, 0x000002494d160000]
 total_blobs=3411 nmethods=2908 adapters=407
 compilation: enabled
              stopped_count=0, restarted_count=0
 full_count=0

Compilation events (20 events):
Event: 1.909 Thread 0x000002499f0201c0 nmethod 2812 0x0000024945bccd90 code [0x0000024945bccfe0, 0x0000024945bcda10]
Event: 1.909 Thread 0x000002499f0201c0 2822       3       sun.util.locale.LocaleUtils::caseIgnoreMatch (73 bytes)
Event: 1.910 Thread 0x000002499f0201c0 nmethod 2822 0x0000024945bcde10 code [0x0000024945bce100, 0x0000024945bcf1f0]
Event: 1.910 Thread 0x000002499f0201c0 2817       3       sun.util.locale.LanguageTag::parseVariants (98 bytes)
Event: 1.911 Thread 0x000002499f0201c0 nmethod 2817 0x0000024945bcf890 code [0x0000024945bcfac0, 0x0000024945bd0200]
Event: 1.911 Thread 0x000002499f0201c0 2814       3       sun.util.locale.LanguageTag::parseExtlangs (114 bytes)
Event: 1.912 Thread 0x000002499f0201c0 nmethod 2814 0x0000024945bd0410 code [0x0000024945bd0680, 0x0000024945bd10f8]
Event: 1.912 Thread 0x000002499f0201c0 2813       3       sun.util.locale.LanguageTag::isExtlang (21 bytes)
Event: 1.913 Thread 0x000002499f0201c0 nmethod 2813 0x0000024945bd1410 code [0x0000024945bd1660, 0x0000024945bd2090]
Event: 1.913 Thread 0x000002499f0201c0 2824       3       sun.util.locale.BaseLocale$Key::equals (109 bytes)
Event: 1.914 Thread 0x000002499f0201c0 nmethod 2824 0x0000024945bd2490 code [0x0000024945bd26e0, 0x0000024945bd32e8]
Event: 1.914 Thread 0x000002499f0201c0 2825       3       java.util.Locale::hasExtensions (13 bytes)
Event: 1.914 Thread 0x000002499f0201c0 nmethod 2825 0x0000024945bd3590 code [0x0000024945bd3720, 0x0000024945bd3880]
Event: 1.914 Thread 0x000002499f0201c0 2826       3       java.util.Locale::stripExtensions (20 bytes)
Event: 1.914 Thread 0x000002499f0201c0 nmethod 2826 0x0000024945bd3910 code [0x0000024945bd3ac0, 0x0000024945bd3d30]
Event: 1.914 Thread 0x000002499f0201c0 2815       3       sun.util.locale.LanguageTag::parseScript (55 bytes)
Event: 1.915 Thread 0x000002499f0201c0 nmethod 2815 0x0000024945bd3e10 code [0x0000024945bd4020, 0x0000024945bd45f8]
Event: 1.915 Thread 0x000002499f0201c0 2816       3       sun.util.locale.LanguageTag::parseRegion (55 bytes)
Event: 1.916 Thread 0x000002499f0201c0 nmethod 2816 0x0000024945bd4810 code [0x0000024945bd49e0, 0x0000024945bd4dc0]
Event: 1.916 Thread 0x000002499f0201c0 2818       3       sun.util.locale.LanguageTag::parseExtensions (208 bytes)

GC Heap History (4 events):
Event: 0.796 GC heap before
{Heap before GC invocations=0 (full 0):
 garbage-first heap   total reserved 2076672K, committed 131072K, used 23552K [0x0000000081400000, 0x0000000100000000)
  region size 1024K, 24 young (24576K), 0 survivors (0K)
 Metaspace       used 6091K, committed 6272K, reserved 1114112K
  class space    used 710K, committed 768K, reserved 1048576K
}
Event: 0.802 GC heap after
{Heap after GC invocations=1 (full 0):
 garbage-first heap   total reserved 2076672K, committed 131072K, used 4061K [0x0000000081400000, 0x0000000100000000)
  region size 1024K, 3 young (3072K), 3 survivors (3072K)
 Metaspace       used 6091K, committed 6272K, reserved 1114112K
  class space    used 710K, committed 768K, reserved 1048576K
}
Event: 1.405 GC heap before
{Heap before GC invocations=1 (full 0):
 garbage-first heap   total reserved 2076672K, committed 131072K, used 36829K [0x0000000081400000, 0x0000000100000000)
  region size 1024K, 35 young (35840K), 3 survivors (3072K)
 Metaspace       used 10778K, committed 11008K, reserved 1114112K
  class space    used 1286K, committed 1408K, reserved 1048576K
}
Event: 1.411 GC heap after
{Heap after GC invocations=2 (full 0):
 garbage-first heap   total reserved 2076672K, committed 131072K, used 6387K [0x0000000081400000, 0x0000000100000000)
  region size 1024K, 3 young (3072K), 3 survivors (3072K)
 Metaspace       used 10778K, committed 11008K, reserved 1114112K
  class space    used 1286K, committed 1408K, reserved 1048576K
}

Dll operation events (12 events):
Event: 0.014 Loaded shared library C:\Program Files\Java\jdk-22\bin\java.dll
Event: 0.085 Loaded shared library C:\Program Files\Java\jdk-22\bin\jsvml.dll
Event: 0.136 Loaded shared library C:\Program Files\Java\jdk-22\bin\zip.dll
Event: 0.140 Loaded shared library C:\Program Files\Java\jdk-22\bin\instrument.dll
Event: 0.145 Loaded shared library C:\Program Files\Java\jdk-22\bin\net.dll
Event: 0.147 Loaded shared library C:\Program Files\Java\jdk-22\bin\nio.dll
Event: 0.150 Loaded shared library C:\Program Files\Java\jdk-22\bin\zip.dll
Event: 0.161 Loaded shared library C:\Program Files\JetBrains\IntelliJ IDEA 2024.1\bin\breakgen64.dll
Event: 0.169 Loaded shared library C:\Program Files\Java\jdk-22\bin\extnet.dll
Event: 0.299 Loaded shared library C:\Program Files\Java\jdk-22\bin\jimage.dll
Event: 0.315 Loaded shared library C:\Users\USER\AppData\Local\Temp\jansi-2.4.0-3c1ecd6a83ba7527-jansi.dll
Event: 0.325 Loaded shared library C:\Program Files\Java\jdk-22\bin\verify.dll

Deoptimization events (20 events):
Event: 1.847 Thread 0x000002493b0d2930 DEOPT PACKING pc=0x000002494d217138 sp=0x000000a9fbefe7f0
Event: 1.847 Thread 0x000002493b0d2930 DEOPT UNPACKING pc=0x000002494cc146a2 sp=0x000000a9fbefe7a0 mode 2
Event: 1.870 Thread 0x000002493b0d2930 DEOPT PACKING pc=0x0000024945902fb4 sp=0x000000a9fbefe470
Event: 1.870 Thread 0x000002493b0d2930 DEOPT UNPACKING pc=0x000002494cc14e42 sp=0x000000a9fbefd938 mode 0
Event: 1.891 Thread 0x000002493b0d2930 Uncommon trap: trap_request=0xffffff45 fr.pc=0x000002494d1e64c0 relative=0x0000000000000640
Event: 1.891 Thread 0x000002493b0d2930 Uncommon trap: reason=unstable_if action=reinterpret pc=0x000002494d1e64c0 method=java.lang.String.decodeASCII([BI[CII)I @ 13 c2
Event: 1.891 Thread 0x000002493b0d2930 DEOPT PACKING pc=0x000002494d1e64c0 sp=0x000000a9fbefdb50
Event: 1.891 Thread 0x000002493b0d2930 DEOPT UNPACKING pc=0x000002494cc146a2 sp=0x000000a9fbefd978 mode 2
Event: 1.913 Thread 0x000002493b0d2930 Uncommon trap: trap_request=0xffffffc6 fr.pc=0x000002494d1e7584 relative=0x00000000000003a4
Event: 1.913 Thread 0x000002493b0d2930 Uncommon trap: reason=bimorphic_or_optimized_type_check action=maybe_recompile pc=0x000002494d1e7584 method=java.nio.Buffer.<init>(IIIILjava/lang/foreign/MemorySegment;)V @ 39 c2
Event: 1.913 Thread 0x000002493b0d2930 DEOPT PACKING pc=0x000002494d1e7584 sp=0x000000a9fbefca60
Event: 1.913 Thread 0x000002493b0d2930 DEOPT UNPACKING pc=0x000002494cc146a2 sp=0x000000a9fbefca08 mode 2
Event: 1.913 Thread 0x000002493b0d2930 Uncommon trap: trap_request=0xffffff45 fr.pc=0x000002494d1e4de4 relative=0x00000000000000c4
Event: 1.913 Thread 0x000002493b0d2930 Uncommon trap: reason=unstable_if action=reinterpret pc=0x000002494d1e4de4 method=java.nio.Buffer.limit(I)Ljava/nio/Buffer; @ 42 c2
Event: 1.913 Thread 0x000002493b0d2930 DEOPT PACKING pc=0x000002494d1e4de4 sp=0x000000a9fbefce70
Event: 1.913 Thread 0x000002493b0d2930 DEOPT UNPACKING pc=0x000002494cc146a2 sp=0x000000a9fbefcdf8 mode 2
Event: 1.913 Thread 0x000002493b0d2930 Uncommon trap: trap_request=0xffffffc6 fr.pc=0x000002494d1e7584 relative=0x00000000000003a4
Event: 1.913 Thread 0x000002493b0d2930 Uncommon trap: reason=bimorphic_or_optimized_type_check action=maybe_recompile pc=0x000002494d1e7584 method=java.nio.Buffer.<init>(IIIILjava/lang/foreign/MemorySegment;)V @ 39 c2
Event: 1.913 Thread 0x000002493b0d2930 DEOPT PACKING pc=0x000002494d1e7584 sp=0x000000a9fbefcb30
Event: 1.913 Thread 0x000002493b0d2930 DEOPT UNPACKING pc=0x000002494cc146a2 sp=0x000000a9fbefcad8 mode 2

Classes loaded (20 events):
Event: 1.870 Loading class java/net/spi/URLStreamHandlerProvider
Event: 1.870 Loading class java/net/spi/URLStreamHandlerProvider done
Event: 1.870 Loading class sun/net/www/protocol/https/Handler
Event: 1.871 Loading class sun/net/www/protocol/http/Handler
Event: 1.871 Loading class sun/net/www/protocol/http/Handler done
Event: 1.871 Loading class sun/net/www/protocol/https/Handler done
Event: 1.872 Loading class java/util/regex/Pattern$Pos
Event: 1.872 Loading class java/util/regex/Pattern$Pos done
Event: 1.875 Loading class java/util/ArrayList$SubList$1
Event: 1.875 Loading class java/util/ArrayList$SubList$1 done
Event: 1.878 Loading class java/util/concurrent/atomic/AtomicReference
Event: 1.878 Loading class java/util/concurrent/atomic/AtomicReference done
Event: 1.912 Loading class sun/util/resources/LocaleData$CommonResourceBundleProvider
Event: 1.912 Loading class sun/util/resources/LocaleData$LocaleDataResourceBundleProvider
Event: 1.912 Loading class java/util/spi/ResourceBundleProvider
Event: 1.912 Loading class java/util/spi/ResourceBundleProvider done
Event: 1.912 Loading class sun/util/resources/LocaleData$LocaleDataResourceBundleProvider done
Event: 1.912 Loading class sun/util/resources/LocaleData$CommonResourceBundleProvider done
Event: 1.913 Loading class sun/util/resources/Bundles$2
Event: 1.913 Loading class sun/util/resources/Bundles$2 done

Classes unloaded (0 events):
No events

Classes redefined (0 events):
No events

Internal exceptions (20 events):
Event: 0.667 Thread 0x000002493b0d2930 Exception <a 'java/lang/NoSuchMethodError'{0x00000000884aabe8}: 'int java.lang.invoke.DirectMethodHandle$Holder.invokeStatic(java.lang.Object, java.lang.Object, java.lang.Object, java.lang.Object)'> (0x00000000884aabe8) 
thrown [s\open\src\hotspot\share\interpreter\linkResolver.cpp, line 774]
Event: 0.668 Thread 0x000002493b0d2930 Exception <a 'java/lang/NoSuchMethodError'{0x00000000884ae2a8}: 'java.lang.Object java.lang.invoke.Invokers$Holder.invokeExact_MT(java.lang.Object, java.lang.Object, java.lang.Object, java.lang.Object, java.lang.Object, java.lang.Object)'> (0x00000000884ae2a8) 
thrown [s\open\src\hotspot\share\interpreter\linkResolver.cpp, line 774]
Event: 0.669 Thread 0x000002493b0d2930 Exception <a 'java/lang/NoSuchMethodError'{0x00000000884bcd18}: 'int java.lang.invoke.DirectMethodHandle$Holder.invokeSpecialIFC(java.lang.Object, java.lang.Object, java.lang.Object, java.lang.Object, java.lang.Object)'> (0x00000000884bcd18) 
thrown [s\open\src\hotspot\share\interpreter\linkResolver.cpp, line 774]
Event: 0.703 Thread 0x000002493b0d2930 Exception <a 'java/lang/NoSuchMethodError'{0x000000008823cca8}: 'java.lang.Object java.lang.invoke.DirectMethodHandle$Holder.newInvokeSpecial(java.lang.Object, java.lang.Object, java.lang.Object, java.lang.Object, java.lang.Object)'> (0x000000008823cca8) 
thrown [s\open\src\hotspot\share\interpreter\linkResolver.cpp, line 774]
Event: 0.725 Thread 0x000002493b0d2930 Exception <a 'java/lang/NoSuchMethodError'{0x0000000088137438}: 'int java.lang.invoke.DirectMethodHandle$Holder.invokeStaticInit(java.lang.Object, java.lang.Object)'> (0x0000000088137438) 
thrown [s\open\src\hotspot\share\interpreter\linkResolver.cpp, line 774]
Event: 0.733 Thread 0x000002493b0d2930 Exception <a 'java/lang/NoClassDefFoundError'{0x000000008816c258}: javax/enterprise/inject/Typed> (0x000000008816c258) 
thrown [s\open\src\hotspot\share\classfile\systemDictionary.cpp, line 302]
Event: 1.271 Thread 0x0000024959bd6360 Exception <a 'java/lang/NoSuchMethodError'{0x000000008788d078}: 'java.lang.Object java.lang.invoke.DirectMethodHandle$Holder.invokeStaticInit(java.lang.Object, int)'> (0x000000008788d078) 
thrown [s\open\src\hotspot\share\interpreter\linkResolver.cpp, line 774]
Event: 1.442 Thread 0x000002493b0d2930 Exception <a 'java/lang/NoSuchMethodError'{0x0000000089100670}: 'void java.lang.invoke.DirectMethodHandle$Holder.invokeStaticInit(java.lang.Object, java.lang.Object, java.lang.Object)'> (0x0000000089100670) 
thrown [s\open\src\hotspot\share\interpreter\linkResolver.cpp, line 774]
Event: 1.445 Thread 0x000002493b0d2930 Exception <a 'java/lang/ExceptionInInitializerError'{0x0000000089128fc8}> (0x0000000089128fc8) 
thrown [s\open\src\hotspot\share\oops\instanceKlass.cpp, line 1247]
Event: 1.468 Thread 0x000002493b0d2930 Exception <a 'java/lang/NoSuchMethodError'{0x0000000089036870}: 'long java.lang.invoke.DirectMethodHandle$Holder.invokeStatic(java.lang.Object, java.lang.Object, int)'> (0x0000000089036870) 
thrown [s\open\src\hotspot\share\interpreter\linkResolver.cpp, line 774]
Event: 1.469 Thread 0x000002493b0d2930 Exception <a 'java/lang/NoSuchMethodError'{0x0000000089049d88}: 'java.lang.Object java.lang.invoke.DirectMethodHandle$Holder.invokeStatic(java.lang.Object, java.lang.Object, java.lang.Object, java.lang.Object, int)'> (0x0000000089049d88) 
thrown [s\open\src\hotspot\share\interpreter\linkResolver.cpp, line 774]
Event: 1.470 Thread 0x000002493b0d2930 Exception <a 'java/lang/NoSuchMethodError'{0x0000000089051f40}: 'java.lang.Object java.lang.invoke.DirectMethodHandle$Holder.invokeSpecial(java.lang.Object, java.lang.Object, java.lang.Object, java.lang.Object, long)'> (0x0000000089051f40) 
thrown [s\open\src\hotspot\share\interpreter\linkResolver.cpp, line 774]
Event: 1.472 Thread 0x000002493b0d2930 Exception <a 'java/lang/NoSuchMethodError'{0x000000008905dd10}: 'java.lang.Object java.lang.invoke.DirectMethodHandle$Holder.invokeSpecial(java.lang.Object, java.lang.Object, java.lang.Object, int, java.lang.Object)'> (0x000000008905dd10) 
thrown [s\open\src\hotspot\share\interpreter\linkResolver.cpp, line 774]
Event: 1.473 Thread 0x000002493b0d2930 Exception <a 'java/lang/NoSuchMethodError'{0x0000000089066040}: 'int java.lang.invoke.DirectMethodHandle$Holder.invokeSpecial(java.lang.Object, java.lang.Object, java.lang.Object, int)'> (0x0000000089066040) 
thrown [s\open\src\hotspot\share\interpreter\linkResolver.cpp, line 774]
Event: 1.478 Thread 0x000002493b0d2930 Implicit null exception at 0x000002494d209e3a to 0x000002494d20a038
Event: 1.480 Thread 0x000002493b0d2930 Exception <a 'java/lang/NoSuchMethodError'{0x000000008908ac18}: 'java.lang.Object java.lang.invoke.Invokers$Holder.invokeExact_MT(java.lang.Object, int, java.lang.Object)'> (0x000000008908ac18) 
thrown [s\open\src\hotspot\share\interpreter\linkResolver.cpp, line 774]
Event: 1.686 Thread 0x000002493b0d2930 Exception <a 'java/lang/NoSuchMethodError'{0x0000000088886848}: 'void java.lang.invoke.Invokers$Holder.invokeExact_MT(java.lang.Object, java.lang.Object, java.lang.Object, java.lang.Object)'> (0x0000000088886848) 
thrown [s\open\src\hotspot\share\interpreter\linkResolver.cpp, line 774]
Event: 1.700 Thread 0x000002493b0d2930 Exception <a 'java/lang/NoClassDefFoundError'{0x0000000088718d78}: com/google/inject/servlet/ServletModuleTargetVisitor> (0x0000000088718d78) 
thrown [s\open\src\hotspot\share\classfile\systemDictionary.cpp, line 302]
Event: 1.761 Thread 0x000002493b0d2930 Exception <a 'java/lang/NoSuchMethodError'{0x00000000885c9220}: 'void java.lang.invoke.DirectMethodHandle$Holder.invokeVirtual(java.lang.Object, java.lang.Object)'> (0x00000000885c9220) 
thrown [s\open\src\hotspot\share\interpreter\linkResolver.cpp, line 774]
Event: 1.792 Thread 0x000002493b0d2930 Exception <a 'java/lang/NoSuchMethodError'{0x0000000088457b00}: 'java.lang.Object java.lang.invoke.DirectMethodHandle$Holder.invokeStaticInit(java.lang.Object, int, int, int, int)'> (0x0000000088457b00) 
thrown [s\open\src\hotspot\share\interpreter\linkResolver.cpp, line 774]

ZGC Phase Switch (0 events):
No events

VM Operations (20 events):
Event: 1.452 Executing VM operation: HandshakeAllThreads (Deoptimize)
Event: 1.452 Executing VM operation: HandshakeAllThreads (Deoptimize) done
Event: 1.508 Executing VM operation: HandshakeAllThreads (Deoptimize)
Event: 1.508 Executing VM operation: HandshakeAllThreads (Deoptimize) done
Event: 1.510 Executing VM operation: HandshakeAllThreads (Deoptimize)
Event: 1.510 Executing VM operation: HandshakeAllThreads (Deoptimize) done
Event: 1.683 Executing VM operation: HandshakeAllThreads (Deoptimize)
Event: 1.683 Executing VM operation: HandshakeAllThreads (Deoptimize) done
Event: 1.717 Executing VM operation: ICBufferFull
Event: 1.717 Executing VM operation: ICBufferFull done
Event: 1.770 Executing VM operation: HandshakeAllThreads (Deoptimize)
Event: 1.770 Executing VM operation: HandshakeAllThreads (Deoptimize) done
Event: 1.806 Executing VM operation: HandshakeAllThreads (Deoptimize)
Event: 1.806 Executing VM operation: HandshakeAllThreads (Deoptimize) done
Event: 1.837 Executing VM operation: HandshakeAllThreads (Deoptimize)
Event: 1.837 Executing VM operation: HandshakeAllThreads (Deoptimize) done
Event: 1.870 Executing VM operation: HandshakeAllThreads (Deoptimize)
Event: 1.870 Executing VM operation: HandshakeAllThreads (Deoptimize) done
Event: 1.871 Executing VM operation: HandshakeAllThreads (Deoptimize)
Event: 1.871 Executing VM operation: HandshakeAllThreads (Deoptimize) done

Events (13 events):
Event: 0.034 Thread 0x000002493b0d2930 Thread added: 0x000002493b0d2930
Event: 0.082 Thread 0x0000024959bce9b0 Thread added: 0x0000024959bce9b0
Event: 0.082 Thread 0x0000024959bcf410 Thread added: 0x0000024959bcf410
Event: 0.083 Thread 0x0000024959bd2850 Thread added: 0x0000024959bd2850
Event: 0.083 Thread 0x0000024959bd6360 Thread added: 0x0000024959bd6360
Event: 0.083 Thread 0x0000024959bd5640 Thread added: 0x0000024959bd5640
Event: 0.083 Thread 0x0000024959bd5cd0 Thread added: 0x0000024959bd5cd0
Event: 0.083 Thread 0x0000024959be7790 Thread added: 0x0000024959be7790
Event: 0.083 Thread 0x000002499f0201c0 Thread added: 0x000002499f0201c0
Event: 0.110 Thread 0x0000024959bd69f0 Thread added: 0x0000024959bd69f0
Event: 0.128 Thread 0x000002499f1b24a0 Thread added: 0x000002499f1b24a0
Event: 0.162 Thread 0x0000024959bd7080 Thread added: 0x0000024959bd7080
Event: 0.162 Thread 0x0000024959bd3c00 Thread added: 0x0000024959bd3c00


Dynamic libraries:
0x00007ff7f6070000 - 0x00007ff7f6080000 	C:\Program Files\Java\jdk-22\bin\java.exe
0x00007ff9bb730000 - 0x00007ff9bb947000 	C:\Windows\SYSTEM32\ntdll.dll
0x00007ff9b9d50000 - 0x00007ff9b9e14000 	C:\Windows\System32\KERNEL32.DLL
0x00007ff9b8f80000 - 0x00007ff9b9337000 	C:\Windows\System32\KERNELBASE.dll
0x00007ff9b8ae0000 - 0x00007ff9b8bf1000 	C:\Windows\System32\ucrtbase.dll
0x00007ff9b5880000 - 0x00007ff9b5897000 	C:\Program Files\Java\jdk-22\bin\jli.dll
0x00007ff9b4280000 - 0x00007ff9b429b000 	C:\Program Files\Java\jdk-22\bin\VCRUNTIME140.dll
0x00007ff9b9780000 - 0x00007ff9b9832000 	C:\Windows\System32\ADVAPI32.dll
0x00007ff9b9460000 - 0x00007ff9b9507000 	C:\Windows\System32\msvcrt.dll
0x00007ff9ba4f0000 - 0x00007ff9ba598000 	C:\Windows\System32\sechost.dll
0x00007ff9b8c00000 - 0x00007ff9b8c28000 	C:\Windows\System32\bcrypt.dll
0x00007ff9b9a50000 - 0x00007ff9b9b64000 	C:\Windows\System32\RPCRT4.dll
0x00007ff9b98a0000 - 0x00007ff9b9a4f000 	C:\Windows\System32\USER32.dll
0x00007ff9b8f50000 - 0x00007ff9b8f76000 	C:\Windows\System32\win32u.dll
0x00007ff999b80000 - 0x00007ff999e13000 	C:\Windows\WinSxS\amd64_microsoft.windows.common-controls_6595b64144ccf1df_6.0.22621.3672_none_2713b9d173822955\COMCTL32.dll
0x00007ff9bb000000 - 0x00007ff9bb029000 	C:\Windows\System32\GDI32.dll
0x00007ff9b9340000 - 0x00007ff9b9458000 	C:\Windows\System32\gdi32full.dll
0x00007ff9b8a40000 - 0x00007ff9b8ada000 	C:\Windows\System32\msvcp_win.dll
0x00007ff9b3950000 - 0x00007ff9b395a000 	C:\Windows\SYSTEM32\VERSION.dll
0x00007ff9b9840000 - 0x00007ff9b9871000 	C:\Windows\System32\IMM32.DLL
0x00007ff9b48c0000 - 0x00007ff9b48cc000 	C:\Program Files\Java\jdk-22\bin\vcruntime140_1.dll
0x00007ff9abc30000 - 0x00007ff9abcbe000 	C:\Program Files\Java\jdk-22\bin\msvcp140.dll
0x00007ff951b30000 - 0x00007ff952877000 	C:\Program Files\Java\jdk-22\bin\server\jvm.dll
0x00007ff9b9cd0000 - 0x00007ff9b9d41000 	C:\Windows\System32\WS2_32.dll
0x00007ff9b78f0000 - 0x00007ff9b793d000 	C:\Windows\SYSTEM32\POWRPROF.dll
0x00007ff9b12e0000 - 0x00007ff9b1314000 	C:\Windows\SYSTEM32\WINMM.dll
0x00007ff9b78d0000 - 0x00007ff9b78e3000 	C:\Windows\SYSTEM32\UMPDC.dll
0x00007ff9b7b80000 - 0x00007ff9b7b98000 	C:\Windows\SYSTEM32\kernel.appcore.dll
0x00007ff9b41b0000 - 0x00007ff9b41ba000 	C:\Program Files\Java\jdk-22\bin\jimage.dll
0x00007ff9b63d0000 - 0x00007ff9b6602000 	C:\Windows\SYSTEM32\DBGHELP.DLL
0x00007ff9b9e70000 - 0x00007ff9ba1fe000 	C:\Windows\System32\combase.dll
0x00007ff9baf20000 - 0x00007ff9baff7000 	C:\Windows\System32\OLEAUT32.dll
0x00007ff9a17d0000 - 0x00007ff9a1802000 	C:\Windows\SYSTEM32\dbgcore.DLL
0x00007ff9b8e60000 - 0x00007ff9b8edb000 	C:\Windows\System32\bcryptPrimitives.dll
0x00007ff9b41a0000 - 0x00007ff9b41af000 	C:\Program Files\Java\jdk-22\bin\instrument.dll
0x00007ff9b4020000 - 0x00007ff9b403e000 	C:\Program Files\Java\jdk-22\bin\java.dll
0x00007ff9ba6b0000 - 0x00007ff9baf19000 	C:\Windows\System32\SHELL32.dll
0x00007ff9ba220000 - 0x00007ff9ba3c5000 	C:\Windows\System32\ole32.dll
0x00007ff9b69c0000 - 0x00007ff9b72bf000 	C:\Windows\SYSTEM32\windows.storage.dll
0x00007ff9b6870000 - 0x00007ff9b69af000 	C:\Windows\SYSTEM32\wintypes.dll
0x00007ff9ba3f0000 - 0x00007ff9ba4e9000 	C:\Windows\System32\SHCORE.dll
0x00007ff9bb0b0000 - 0x00007ff9bb10e000 	C:\Windows\System32\shlwapi.dll
0x00007ff9b8970000 - 0x00007ff9b8997000 	C:\Windows\SYSTEM32\profapi.dll
0x00007ff98f700000 - 0x00007ff98f7d7000 	C:\Program Files\Java\jdk-22\bin\jsvml.dll
0x00007ff9b3f40000 - 0x00007ff9b3f57000 	C:\Program Files\Java\jdk-22\bin\zip.dll
0x00007ff9b4010000 - 0x00007ff9b4020000 	C:\Program Files\Java\jdk-22\bin\net.dll
0x00007ff9b7ff0000 - 0x00007ff9b8059000 	C:\Windows\system32\mswsock.dll
0x00007ff9b3f20000 - 0x00007ff9b3f36000 	C:\Program Files\Java\jdk-22\bin\nio.dll
0x00007ff9ad350000 - 0x00007ff9ad36a000 	C:\Program Files\JetBrains\IntelliJ IDEA 2024.1\bin\breakgen64.dll
0x00007ff9b3ef0000 - 0x00007ff9b3ef9000 	C:\Program Files\Java\jdk-22\bin\extnet.dll
0x0000000069ac0000 - 0x0000000069ae4000 	C:\Users\USER\AppData\Local\Temp\jansi-2.4.0-3c1ecd6a83ba7527-jansi.dll
0x00007ff9ad340000 - 0x00007ff9ad350000 	C:\Program Files\Java\jdk-22\bin\verify.dll

dbghelp: loaded successfully - version: 4.0.5 - missing functions: none
symbol engine: initialized successfully - sym options: 0x614 - pdb path: .;C:\Program Files\Java\jdk-22\bin;C:\Windows\SYSTEM32;C:\Windows\WinSxS\amd64_microsoft.windows.common-controls_6595b64144ccf1df_6.0.22621.3672_none_2713b9d173822955;C:\Program Files\Java\jdk-22\bin\server;C:\Program Files\JetBrains\IntelliJ IDEA 2024.1\bin;C:\Users\USER\AppData\Local\Temp

VM Arguments:
jvm_args: -Dmaven.multiModuleProjectDirectory=C:\Users\USER\Desktop\3eme-esprit-ck\projet pidev\pidev3A19\pidev3A19 -Djansi.passthrough=true -Dmaven.home=C:\Program Files\JetBrains\IntelliJ IDEA 2024.1\plugins\maven\lib\maven3 -Dclassworlds.conf=C:\Program Files\JetBrains\IntelliJ IDEA 2024.1\plugins\maven\lib\maven3\bin\m2.conf -Dmaven.ext.class.path=C:\Program Files\JetBrains\IntelliJ IDEA 2024.1\plugins\maven\lib\maven-event-listener.jar -javaagent:C:\Program Files\JetBrains\IntelliJ IDEA 2024.1\lib\idea_rt.jar=56437:C:\Program Files\JetBrains\IntelliJ IDEA 2024.1\bin -Dfile.encoding=UTF-8 -Dsun.stdout.encoding=UTF-8 -Dsun.stderr.encoding=UTF-8 
java_command: org.codehaus.classworlds.Launcher -Didea.version=2024.1 org.openjfx:javafx-maven-plugin:0.0.8:run
java_class_path (initial): C:\Program Files\JetBrains\IntelliJ IDEA 2024.1\plugins\maven\lib\maven3\boot\plexus-classworlds-2.7.0.jar;C:\Program Files\JetBrains\IntelliJ IDEA 2024.1\plugins\maven\lib\maven3\boot\plexus-classworlds.license
Launcher Type: SUN_STANDARD

[Global flags]
     intx CICompilerCount                          = 4                                         {product} {ergonomic}
     uint ConcGCThreads                            = 2                                         {product} {ergonomic}
     uint G1ConcRefinementThreads                  = 8                                         {product} {ergonomic}
   size_t G1HeapRegionSize                         = 1048576                                   {product} {ergonomic}
   size_t InitialHeapSize                          = 134217728                                 {product} {ergonomic}
   size_t MarkStackSize                            = 4194304                                   {product} {ergonomic}
   size_t MaxHeapSize                              = 2126512128                                {product} {ergonomic}
   size_t MaxNewSize                               = 1275068416                                {product} {ergonomic}
   size_t MinHeapDeltaBytes                        = 1048576                                   {product} {ergonomic}
   size_t MinHeapSize                              = 8388608                                   {product} {ergonomic}
    uintx NonNMethodCodeHeapSize                   = 5839372                                {pd product} {ergonomic}
    uintx NonProfiledCodeHeapSize                  = 122909434                              {pd product} {ergonomic}
    uintx ProfiledCodeHeapSize                     = 122909434                              {pd product} {ergonomic}
    uintx ReservedCodeCacheSize                    = 251658240                              {pd product} {ergonomic}
     bool SegmentedCodeCache                       = true                                      {product} {ergonomic}
   size_t SoftMaxHeapSize                          = 2126512128                             {manageable} {ergonomic}
     bool UseCompressedOops                        = true                           {product lp64_product} {ergonomic}
     bool UseG1GC                                  = true                                      {product} {ergonomic}
     bool UseLargePagesIndividualAllocation        = false                                  {pd product} {ergonomic}

Logging:
Log output configuration:
 #0: stdout all=warning uptime,level,tags foldmultilines=false
 #1: stderr all=off uptime,level,tags foldmultilines=false

Environment Variables:
PATH=C:\oraclexe\app\oracle\product\11.2.0\server\bin;;C:\Program Files\Common Files\Oracle\Java\javapath;C:\Program Files (x86)\VMware\VMware Workstation\bin\;C:\oraclexe\app\oracle\product\11.2.0\server\bin;C:\oraclexe\app\oracle\product\11.2.0\server\bin;C:\Windows\system32;C:\Windows;C:\Windows\System32\Wbem;C:\Windows\System32\WindowsPowerShell\v1.0\;C:\Windows\System32\OpenSSH\;C:\oraclexe\app\oracle\product\11.2.0\server\bin;C:\instantclient12_2;C:\oraclexe\app\oracle\admin\XE;C:\oraclexe;C:\Program Files (x86)\Git\cmd;C:\xampp\php;C:\Program Files\Java\jdk-22.0.1\bin;C:\ProgramData\ComposerSetup\bin;C:\Users\USER\scoop\shims;C:\Users\USER\AppData\Local\Microsoft\WindowsApps;;C:\Users\USER\AppData\Local\Programs\Microsoft VS Code\bin;C:\Users\USER\AppData\Roaming\Composer\vendor\bin;C:\Users\USER\AppData\Local\Programs\Windsurf\bin
USERNAME=USER
OS=Windows_NT
PROCESSOR_IDENTIFIER=Intel64 Family 6 Model 142 Stepping 10, GenuineIntel
TMP=C:\Users\USER\AppData\Local\Temp
TEMP=C:\Users\USER\AppData\Local\Temp




Periodic native trim disabled

---------------  S Y S T E M  ---------------

OS:
 Windows 11 , 64 bit Build 22621 (10.0.22621.3958)
OS uptime: 9 days 21:25 hours

CPU: total 8 (initial active 8) (4 cores per cpu, 2 threads per core) family 6 model 142 stepping 10 microcode 0xe0, cx8, cmov, fxsr, ht, mmx, 3dnowpref, sse, sse2, sse3, ssse3, sse4.1, sse4.2, popcnt, lzcnt, tsc, tscinvbit, avx, avx2, aes, erms, clmul, bmi1, bmi2, adx, fma, vzeroupper, clflush, clflushopt, rdtscp, f16c
Processor Information for all 8 processors :
  Max Mhz: 1801, Current Mhz: 1801, Mhz Limit: 1801

Memory: 4k page, system-wide physical 8107M (548M free)
TotalPageFile size 18249M (AvailPageFile size 6M)
current process WorkingSet (physical memory assigned to process): 122M, peak: 122M
current process commit charge ("private bytes"): 251M, peak: 251M

vm_info: Java HotSpot(TM) 64-Bit Server VM (22.0.1+8-16) for windows-amd64 JRE (22.0.1+8-16), built on 2024-03-12T10:33:16Z by "mach5one" with MS VC++ 17.6 (VS2022)

END.
