#
# There is insufficient memory for the Java Runtime Environment to continue.
# Native memory allocation (mmap) failed to map 65536 bytes. Error detail: Failed to commit metaspace.
# Possible reasons:
#   The system is out of physical RAM or swap space
#   This process is running with CompressedOops enabled, and the Java Heap may be blocking the growth of the native heap
# Possible solutions:
#   Reduce memory load on the system
#   Increase physical memory or swap space
#   Check if swap backing store is full
#   Decrease Java heap size (-Xmx/-Xms)
#   Decrease number of Java threads
#   Decrease Java thread stack sizes (-Xss)
#   Set larger code cache with -XX:ReservedCodeCacheSize=
#   JVM is running with Unscaled Compressed Oops mode in which the Java heap is
#     placed in the first 4GB address space. The Java Heap base address is the
#     maximum limit for the native heap growth. Please use -XX:HeapBaseMinAddress
#     to set the Java Heap base and to place the Java Heap above 4GB virtual address.
# This output file may be truncated or incomplete.
#
#  Out of Memory Error (virtualSpaceNode.cpp:112), pid=18788, tid=1244
#
# JRE version: Java(TM) SE Runtime Environment (22.0.1+8) (build 22.0.1+8-16)
# Java VM: Java HotSpot(TM) 64-Bit Server VM (22.0.1+8-16, mixed mode, tiered, compressed oops, compressed class ptrs, g1 gc, windows-amd64)
# No core dump will be written. Minidumps are not enabled by default on client versions of Windows
#

---------------  S U M M A R Y ------------

Command Line: -Dmaven.multiModuleProjectDirectory=C:\Users\USER\Desktop\3eme-esprit-ck\projet pidev\pidev3A19\pidev3A19 -Djansi.passthrough=true -Dmaven.home=C:\Program Files\JetBrains\IntelliJ IDEA 2024.1\plugins\maven\lib\maven3 -Dclassworlds.conf=C:\Program Files\JetBrains\IntelliJ IDEA 2024.1\plugins\maven\lib\maven3\bin\m2.conf -Dmaven.ext.class.path=C:\Program Files\JetBrains\IntelliJ IDEA 2024.1\plugins\maven\lib\maven-event-listener.jar -javaagent:C:\Program Files\JetBrains\IntelliJ IDEA 2024.1\lib\idea_rt.jar=56394:C:\Program Files\JetBrains\IntelliJ IDEA 2024.1\bin -Dfile.encoding=UTF-8 -Dsun.stdout.encoding=UTF-8 -Dsun.stderr.encoding=UTF-8 org.codehaus.classworlds.Launcher -Didea.version=2024.1 org.openjfx:javafx-maven-plugin:0.0.8:run

Host: Intel(R) Core(TM) i5-8250U CPU @ 1.60GHz, 8 cores, 7G,  Windows 11 , 64 bit Build 22621 (10.0.22621.3958)
Time: Mon Feb 24 22:52:51 2025 Paris, Madrid elapsed time: 0.124274 seconds (0d 0h 0m 0s)

---------------  T H R E A D  ---------------

Current thread (0x000001e8840a19e0):  JavaThread "Common-Cleaner" daemon [_thread_in_vm, id=1244, stack(0x0000001f20400000,0x0000001f20500000) (1024K)]

Stack: [0x0000001f20400000,0x0000001f20500000]
Native frames: (J=compiled Java code, j=interpreted, Vv=VM code, C=native code)
V  [jvm.dll+0x6e2279]  (no source info available)
V  [jvm.dll+0x874e33]  (no source info available)
V  [jvm.dll+0x87725e]  (no source info available)
V  [jvm.dll+0x877933]  (no source info available)
V  [jvm.dll+0x27fd76]  (no source info available)
V  [jvm.dll+0x870a7e]  (no source info available)
V  [jvm.dll+0x6852e5]  (no source info available)
V  [jvm.dll+0x68534a]  (no source info available)
V  [jvm.dll+0x687b8a]  (no source info available)
V  [jvm.dll+0x2250ac]  (no source info available)
V  [jvm.dll+0x685cfe]  (no source info available)
V  [jvm.dll+0x696f69]  (no source info available)
V  [jvm.dll+0x69015e]  (no source info available)
V  [jvm.dll+0x3da3c1]  (no source info available)
C  0x000001e8de43bd4a  (no source info available)

The last pc belongs to method entry point (kind = zerolocals) (printed below).
Java frames: (J=compiled Java code, j=interpreted, Vv=VM code)
j  java.util.concurrent.locks.ReentrantLock.lock()V+0 java.base@22.0.1
j  java.lang.ref.ReferenceQueue.remove(J)Ljava/lang/ref/Reference;+31 java.base@22.0.1
j  jdk.internal.ref.CleanerImpl.run()V+45 java.base@22.0.1
j  java.lang.Thread.runWith(Ljava/lang/Object;Ljava/lang/Runnable;)V+5 java.base@22.0.1
j  java.lang.Thread.run()V+19 java.base@22.0.1
j  jdk.internal.misc.InnocuousThread.run()V+20 java.base@22.0.1
v  ~StubRoutines::call_stub 0x000001e8de43100d
method entry point (kind = zerolocals)  [0x000001e8de43bb80, 0x000001e8de43bf38]  952 bytes
[MachCode]
  0x000001e8de43bb80: 488b 5308 | 0fb7 4a2e | 0fb7 522c | 2bd1 81fa | f501 0000 | 0f86 2500 | 0000 488b | c248 c1e0 
  0x000001e8de43bba0: 0348 83c0 | 5849 0387 | d804 0000 | 483b e00f | 870a 0000 | 0058 498b | e550 e9c1 | aaff ff58 
  0x000001e8de43bbc0: 4c8d 74cc | f885 d20f | 8e09 0000 | 0068 0000 | 0000 ffca | 7ff7 5055 | 488b ec41 | 5568 0000 
  0x000001e8de43bbe0: 0000 4c8b | 6b08 4d8d | 6d38 5348 | 8b53 0848 | 8b52 0848 | 8b52 1848 | 8b52 7048 | 8b12 5248 
  0x000001e8de43bc00: 8b53 1048 | 85d2 0f84 | 0700 0000 | 4881 c210 | 0100 0052 | 488b 5308 | 488b 5208 | 488b 5210 
  0x000001e8de43bc20: 5249 8bc6 | 482b c548 | c1e8 0350 | 4155 68f7 | ffff ff41 | c687 8104 | 0000 0148 | 8b45 d848 
  0x000001e8de43bc40: 85c0 0f84 | 8400 0000 | 8b48 f485 | c90f 8879 | 0000 0048 | 03c1 488b | 4808 4883 | e902 488b 
  0x000001e8de43bc60: 54c8 1048 | f7da 498b | 14d6 4885 | d275 10f6 | 44c8 1801 | 7550 f048 | 834c c818 | 01eb 478b 
  0x000001e8de43bc80: 5208 4c8b | d248 3354 | c818 48f7 | c2fc ffff | ff74 33f6 | c202 752e | 4883 7cc8 | 1800 7421 
  0x000001e8de43bca0: 4883 7cc8 | 1801 7419 | 498b d248 | 3354 c818 | 48f7 c2fc | ffff ff74 | 0d48 834c | c818 02eb 
  0x000001e8de43bcc0: 0548 8954 | c818 4883 | e902 7992 | 488b 4310 | 4885 c074 | 208b 88cc | 0000 0083 | c102 8988 
  0x000001e8de43bce0: cc00 0000 | 2388 e000 | 0000 0f84 | 9601 0000 | e9cf 0000 | 0048 8b43 | 1848 85c0 | 0f85 b000 
  0x000001e8de43bd00: 0000 e805 | 0000 00e9 | 9900 0000 | 488b d348 | 8d44 2408 | 4c89 6dc0 | 498b cfc5 | f877 4989 
  0x000001e8de43bd20: afb0 0300 | 0049 8987 | a003 0000 | 4883 ec20 | 40f6 c40f | 0f84 1900 | 0000 4883 | ec08 48b8 
  0x000001e8de43bd40: a0a3 f051 | f97f 0000 | ffd0 4883 | c408 e90c | 0000 0048 | b8a0 a3f0 | 51f9 7f00 | 00ff d048 
  0x000001e8de43bd60: 83c4 2049 | c787 a003 | 0000 0000 | 0000 49c7 | 87b0 0300 | 0000 0000 | 0049 c787 | a803 0000 
  0x000001e8de43bd80: 0000 0000 | c5f8 7749 | 837f 0800 | 0f84 0500 | 0000 e969 | 51ff ff4c | 8b6d c04c | 8b75 c84e 
  0x000001e8de43bda0: 8d74 f500 | c348 8b43 | 1848 85c0 | 0f84 1200 | 0000 8b48 | 0883 c102 | 8948 0823 | 481c 0f84 
  0x000001e8de43bdc0: c200 0000 | 493b a7f0 | 0400 000f | 8748 0000 | 0089 8424 | 00f0 ffff | 8984 2400 | e0ff ff89 
  0x000001e8de43bde0: 8424 00d0 | ffff 8984 | 2400 c0ff | ff89 8424 | 00b0 ffff | 8984 2400 | a0ff ff89 | 8424 0090 
  0x000001e8de43be00: ffff 8984 | 2400 80ff | ff49 3ba7 | e804 0000 | 7607 4989 | a7f0 0400 | 0041 c687 | 8104 0000 
  0x000001e8de43be20: 0049 ba9c | 3077 52f9 | 7f00 0041 | 803a 000f | 843e 0000 | 0048 8b55 | e849 8bcf | 4883 ec20 
  0x000001e8de43be40: 40f6 c40f | 0f84 1900 | 0000 4883 | ec08 48b8 | 40b5 2752 | f97f 0000 | ffd0 4883 | c408 e90c 
  0x000001e8de43be60: 0000 0048 | b840 b527 | 52f9 7f00 | 00ff d048 | 83c4 2041 | 0fb6 5d00 | 49ba f001 | 7b52 f97f 
  0x000001e8de43be80: 0000 41ff | 24da ba00 | 0000 00e8 | 0500 0000 | e996 0000 | 0048 8d44 | 2408 4c89 | 6dc0 498b 
  0x000001e8de43bea0: cfc5 f877 | 4989 afb0 | 0300 0049 | 8987 a003 | 0000 4883 | ec20 40f6 | c40f 0f84 | 1900 0000 
  0x000001e8de43bec0: 4883 ec08 | 48b8 80ae | f051 f97f | 0000 ffd0 | 4883 c408 | e90c 0000 | 0048 b880 | aef0 51f9 
  0x000001e8de43bee0: 7f00 00ff | d048 83c4 | 2049 c787 | a003 0000 | 0000 0000 | 49c7 87b0 | 0300 0000 | 0000 0049 
  0x000001e8de43bf00: c787 a803 | 0000 0000 | 0000 c5f8 | 7749 837f | 0800 0f84 | 0500 0000 | e9e3 4fff | ff4c 8b6d 
  0x000001e8de43bf20: c04c 8b75 | c84e 8d74 | f500 c348 | 8b5d e8e9 | 90fe ffff | 0f1f 4000 
[/MachCode]

---------------  P R O C E S S  ---------------

Threads class SMR info:
_java_thread_list=0x000001e884205650, length=10, elements={
0x000001e8cebbb590, 0x000001e88404d810, 0x000001e88404e530, 0x000001e88406bec0,
0x000001e88406c920, 0x000001e88406d380, 0x000001e8840715a0, 0x000001e88409bfe0,
0x000001e8840a0520, 0x000001e8840a19e0
}

Java Threads: ( => current thread )
  0x000001e8cebbb590 JavaThread "main"                              [_thread_in_vm, id=25044, stack(0x0000001f1f400000,0x0000001f1f500000) (1024K)]
  0x000001e88404d810 JavaThread "Reference Handler"          daemon [_thread_blocked, id=17220, stack(0x0000001f1fc00000,0x0000001f1fd00000) (1024K)]
  0x000001e88404e530 JavaThread "Finalizer"                  daemon [_thread_blocked, id=17452, stack(0x0000001f1fd00000,0x0000001f1fe00000) (1024K)]
  0x000001e88406bec0 JavaThread "Signal Dispatcher"          daemon [_thread_blocked, id=12104, stack(0x0000001f1fe00000,0x0000001f1ff00000) (1024K)]
  0x000001e88406c920 JavaThread "Attach Listener"            daemon [_thread_blocked, id=22824, stack(0x0000001f1ff00000,0x0000001f20000000) (1024K)]
  0x000001e88406d380 JavaThread "Service Thread"             daemon [_thread_blocked, id=27928, stack(0x0000001f20000000,0x0000001f20100000) (1024K)]
  0x000001e8840715a0 JavaThread "Monitor Deflation Thread"   daemon [_thread_blocked, id=27992, stack(0x0000001f20100000,0x0000001f20200000) (1024K)]
  0x000001e88409bfe0 JavaThread "C2 CompilerThread0"         daemon [_thread_blocked, id=19896, stack(0x0000001f20200000,0x0000001f20300000) (1024K)]
  0x000001e8840a0520 JavaThread "C1 CompilerThread0"         daemon [_thread_blocked, id=18304, stack(0x0000001f20300000,0x0000001f20400000) (1024K)]
=>0x000001e8840a19e0 JavaThread "Common-Cleaner"             daemon [_thread_in_vm, id=1244, stack(0x0000001f20400000,0x0000001f20500000) (1024K)]
Total: 10

Other Threads:
  0x000001e884008070 VMThread "VM Thread"                           [id=25452, stack(0x0000001f1fb00000,0x0000001f1fc00000) (1024K)]
  0x000001e8eb3f07b0 WatcherThread "VM Periodic Task Thread"        [id=14144, stack(0x0000001f1fa00000,0x0000001f1fb00000) (1024K)]
  0x000001e8cec148a0 WorkerThread "GC Thread#0"                     [id=8648, stack(0x0000001f1f500000,0x0000001f1f600000) (1024K)]
  0x000001e8cec256d0 ConcurrentGCThread "G1 Main Marker"            [id=17132, stack(0x0000001f1f600000,0x0000001f1f700000) (1024K)]
  0x000001e8cec26890 WorkerThread "G1 Conc#0"                       [id=13944, stack(0x0000001f1f700000,0x0000001f1f800000) (1024K)]
  0x000001e8eb2b3580 ConcurrentGCThread "G1 Refine#0"               [id=23564, stack(0x0000001f1f800000,0x0000001f1f900000) (1024K)]
  0x000001e8eb2b5dc0 ConcurrentGCThread "G1 Service"                [id=25112, stack(0x0000001f1f900000,0x0000001f1fa00000) (1024K)]
Total: 7

Threads with active compile tasks:
Total: 0

VM state: not at safepoint (normal execution)

VM Mutex/Monitor currently owned by a thread:  ([mutex/lock_event])
[0x00007ff952799b38] Metaspace_lock - owner thread: 0x000001e8840a19e0

Heap address: 0x0000000081400000, size: 2028 MB, Compressed Oops mode: 32-bit

CDS archive(s) not mapped
Compressed class space mapped at: 0x0000000014000000-0x0000000054000000, reserved size: 1073741824
Narrow klass base: 0x0000000000000000, Narrow klass shift: 0, Narrow klass range: 0x54000000

GC Precious Log:
 CardTable entry size: 512
 Card Set container configuration: InlinePtr #cards 5 size 8 Array Of Cards #cards 12 size 40 Howl #buckets 4 coarsen threshold 1843 Howl Bitmap #cards 512 size 80 coarsen threshold 460 Card regions per heap region 1 cards per card region 2048
 CPUs: 8 total, 8 available
 Memory: 8107M
 Large Page Support: Disabled
 NUMA Support: Disabled
 Compressed Oops: Enabled (32-bit)
 Heap Region Size: 1M
 Heap Min Capacity: 8M
 Heap Initial Capacity: 128M
 Heap Max Capacity: 2028M
 Pre-touch: Disabled
 Parallel Workers: 8
 Concurrent Workers: 2
 Concurrent Refinement Workers: 8
 Periodic GC: Disabled

Heap:
 garbage-first heap   total reserved 2076672K, committed 131072K, used 1024K [0x0000000081400000, 0x0000000100000000)
  region size 1024K, 2 young (2048K), 0 survivors (0K)
 Metaspace       used 5072K, committed 5248K, reserved 1114112K
  class space    used 398K, committed 512K, reserved 1048576K

Heap Regions: E=young(eden), S=young(survivor), O=old, HS=humongous(starts), HC=humongous(continues), CS=collection set, F=free, TAMS=top-at-mark-start, PB=parsable bottom
|   0|0x0000000081400000, 0x0000000081400000, 0x0000000081500000|  0%| F|  |TAMS 0x0000000081400000| PB 0x0000000081400000| Untracked |  0
|   1|0x0000000081500000, 0x0000000081500000, 0x0000000081600000|  0%| F|  |TAMS 0x0000000081500000| PB 0x0000000081500000| Untracked |  0
|   2|0x0000000081600000, 0x0000000081600000, 0x0000000081700000|  0%| F|  |TAMS 0x0000000081600000| PB 0x0000000081600000| Untracked |  0
|   3|0x0000000081700000, 0x0000000081700000, 0x0000000081800000|  0%| F|  |TAMS 0x0000000081700000| PB 0x0000000081700000| Untracked |  0
|   4|0x0000000081800000, 0x0000000081800000, 0x0000000081900000|  0%| F|  |TAMS 0x0000000081800000| PB 0x0000000081800000| Untracked |  0
|   5|0x0000000081900000, 0x0000000081900000, 0x0000000081a00000|  0%| F|  |TAMS 0x0000000081900000| PB 0x0000000081900000| Untracked |  0
|   6|0x0000000081a00000, 0x0000000081a00000, 0x0000000081b00000|  0%| F|  |TAMS 0x0000000081a00000| PB 0x0000000081a00000| Untracked |  0
|   7|0x0000000081b00000, 0x0000000081b00000, 0x0000000081c00000|  0%| F|  |TAMS 0x0000000081b00000| PB 0x0000000081b00000| Untracked |  0
|   8|0x0000000081c00000, 0x0000000081c00000, 0x0000000081d00000|  0%| F|  |TAMS 0x0000000081c00000| PB 0x0000000081c00000| Untracked |  0
|   9|0x0000000081d00000, 0x0000000081d00000, 0x0000000081e00000|  0%| F|  |TAMS 0x0000000081d00000| PB 0x0000000081d00000| Untracked |  0
|  10|0x0000000081e00000, 0x0000000081e00000, 0x0000000081f00000|  0%| F|  |TAMS 0x0000000081e00000| PB 0x0000000081e00000| Untracked |  0
|  11|0x0000000081f00000, 0x0000000081f00000, 0x0000000082000000|  0%| F|  |TAMS 0x0000000081f00000| PB 0x0000000081f00000| Untracked |  0
|  12|0x0000000082000000, 0x0000000082000000, 0x0000000082100000|  0%| F|  |TAMS 0x0000000082000000| PB 0x0000000082000000| Untracked |  0
|  13|0x0000000082100000, 0x0000000082100000, 0x0000000082200000|  0%| F|  |TAMS 0x0000000082100000| PB 0x0000000082100000| Untracked |  0
|  14|0x0000000082200000, 0x0000000082200000, 0x0000000082300000|  0%| F|  |TAMS 0x0000000082200000| PB 0x0000000082200000| Untracked |  0
|  15|0x0000000082300000, 0x0000000082300000, 0x0000000082400000|  0%| F|  |TAMS 0x0000000082300000| PB 0x0000000082300000| Untracked |  0
|  16|0x0000000082400000, 0x0000000082400000, 0x0000000082500000|  0%| F|  |TAMS 0x0000000082400000| PB 0x0000000082400000| Untracked |  0
|  17|0x0000000082500000, 0x0000000082500000, 0x0000000082600000|  0%| F|  |TAMS 0x0000000082500000| PB 0x0000000082500000| Untracked |  0
|  18|0x0000000082600000, 0x0000000082600000, 0x0000000082700000|  0%| F|  |TAMS 0x0000000082600000| PB 0x0000000082600000| Untracked |  0
|  19|0x0000000082700000, 0x0000000082700000, 0x0000000082800000|  0%| F|  |TAMS 0x0000000082700000| PB 0x0000000082700000| Untracked |  0
|  20|0x0000000082800000, 0x0000000082800000, 0x0000000082900000|  0%| F|  |TAMS 0x0000000082800000| PB 0x0000000082800000| Untracked |  0
|  21|0x0000000082900000, 0x0000000082900000, 0x0000000082a00000|  0%| F|  |TAMS 0x0000000082900000| PB 0x0000000082900000| Untracked |  0
|  22|0x0000000082a00000, 0x0000000082a00000, 0x0000000082b00000|  0%| F|  |TAMS 0x0000000082a00000| PB 0x0000000082a00000| Untracked |  0
|  23|0x0000000082b00000, 0x0000000082b00000, 0x0000000082c00000|  0%| F|  |TAMS 0x0000000082b00000| PB 0x0000000082b00000| Untracked |  0
|  24|0x0000000082c00000, 0x0000000082c00000, 0x0000000082d00000|  0%| F|  |TAMS 0x0000000082c00000| PB 0x0000000082c00000| Untracked |  0
|  25|0x0000000082d00000, 0x0000000082d00000, 0x0000000082e00000|  0%| F|  |TAMS 0x0000000082d00000| PB 0x0000000082d00000| Untracked |  0
|  26|0x0000000082e00000, 0x0000000082e00000, 0x0000000082f00000|  0%| F|  |TAMS 0x0000000082e00000| PB 0x0000000082e00000| Untracked |  0
|  27|0x0000000082f00000, 0x0000000082f00000, 0x0000000083000000|  0%| F|  |TAMS 0x0000000082f00000| PB 0x0000000082f00000| Untracked |  0
|  28|0x0000000083000000, 0x0000000083000000, 0x0000000083100000|  0%| F|  |TAMS 0x0000000083000000| PB 0x0000000083000000| Untracked |  0
|  29|0x0000000083100000, 0x0000000083100000, 0x0000000083200000|  0%| F|  |TAMS 0x0000000083100000| PB 0x0000000083100000| Untracked |  0
|  30|0x0000000083200000, 0x0000000083200000, 0x0000000083300000|  0%| F|  |TAMS 0x0000000083200000| PB 0x0000000083200000| Untracked |  0
|  31|0x0000000083300000, 0x0000000083300000, 0x0000000083400000|  0%| F|  |TAMS 0x0000000083300000| PB 0x0000000083300000| Untracked |  0
|  32|0x0000000083400000, 0x0000000083400000, 0x0000000083500000|  0%| F|  |TAMS 0x0000000083400000| PB 0x0000000083400000| Untracked |  0
|  33|0x0000000083500000, 0x0000000083500000, 0x0000000083600000|  0%| F|  |TAMS 0x0000000083500000| PB 0x0000000083500000| Untracked |  0
|  34|0x0000000083600000, 0x0000000083600000, 0x0000000083700000|  0%| F|  |TAMS 0x0000000083600000| PB 0x0000000083600000| Untracked |  0
|  35|0x0000000083700000, 0x0000000083700000, 0x0000000083800000|  0%| F|  |TAMS 0x0000000083700000| PB 0x0000000083700000| Untracked |  0
|  36|0x0000000083800000, 0x0000000083800000, 0x0000000083900000|  0%| F|  |TAMS 0x0000000083800000| PB 0x0000000083800000| Untracked |  0
|  37|0x0000000083900000, 0x0000000083900000, 0x0000000083a00000|  0%| F|  |TAMS 0x0000000083900000| PB 0x0000000083900000| Untracked |  0
|  38|0x0000000083a00000, 0x0000000083a00000, 0x0000000083b00000|  0%| F|  |TAMS 0x0000000083a00000| PB 0x0000000083a00000| Untracked |  0
|  39|0x0000000083b00000, 0x0000000083b00000, 0x0000000083c00000|  0%| F|  |TAMS 0x0000000083b00000| PB 0x0000000083b00000| Untracked |  0
|  40|0x0000000083c00000, 0x0000000083c00000, 0x0000000083d00000|  0%| F|  |TAMS 0x0000000083c00000| PB 0x0000000083c00000| Untracked |  0
|  41|0x0000000083d00000, 0x0000000083d00000, 0x0000000083e00000|  0%| F|  |TAMS 0x0000000083d00000| PB 0x0000000083d00000| Untracked |  0
|  42|0x0000000083e00000, 0x0000000083e00000, 0x0000000083f00000|  0%| F|  |TAMS 0x0000000083e00000| PB 0x0000000083e00000| Untracked |  0
|  43|0x0000000083f00000, 0x0000000083f00000, 0x0000000084000000|  0%| F|  |TAMS 0x0000000083f00000| PB 0x0000000083f00000| Untracked |  0
|  44|0x0000000084000000, 0x0000000084000000, 0x0000000084100000|  0%| F|  |TAMS 0x0000000084000000| PB 0x0000000084000000| Untracked |  0
|  45|0x0000000084100000, 0x0000000084100000, 0x0000000084200000|  0%| F|  |TAMS 0x0000000084100000| PB 0x0000000084100000| Untracked |  0
|  46|0x0000000084200000, 0x0000000084200000, 0x0000000084300000|  0%| F|  |TAMS 0x0000000084200000| PB 0x0000000084200000| Untracked |  0
|  47|0x0000000084300000, 0x0000000084300000, 0x0000000084400000|  0%| F|  |TAMS 0x0000000084300000| PB 0x0000000084300000| Untracked |  0
|  48|0x0000000084400000, 0x0000000084400000, 0x0000000084500000|  0%| F|  |TAMS 0x0000000084400000| PB 0x0000000084400000| Untracked |  0
|  49|0x0000000084500000, 0x0000000084500000, 0x0000000084600000|  0%| F|  |TAMS 0x0000000084500000| PB 0x0000000084500000| Untracked |  0
|  50|0x0000000084600000, 0x0000000084600000, 0x0000000084700000|  0%| F|  |TAMS 0x0000000084600000| PB 0x0000000084600000| Untracked |  0
|  51|0x0000000084700000, 0x0000000084700000, 0x0000000084800000|  0%| F|  |TAMS 0x0000000084700000| PB 0x0000000084700000| Untracked |  0
|  52|0x0000000084800000, 0x0000000084800000, 0x0000000084900000|  0%| F|  |TAMS 0x0000000084800000| PB 0x0000000084800000| Untracked |  0
|  53|0x0000000084900000, 0x0000000084900000, 0x0000000084a00000|  0%| F|  |TAMS 0x0000000084900000| PB 0x0000000084900000| Untracked |  0
|  54|0x0000000084a00000, 0x0000000084a00000, 0x0000000084b00000|  0%| F|  |TAMS 0x0000000084a00000| PB 0x0000000084a00000| Untracked |  0
|  55|0x0000000084b00000, 0x0000000084b00000, 0x0000000084c00000|  0%| F|  |TAMS 0x0000000084b00000| PB 0x0000000084b00000| Untracked |  0
|  56|0x0000000084c00000, 0x0000000084c00000, 0x0000000084d00000|  0%| F|  |TAMS 0x0000000084c00000| PB 0x0000000084c00000| Untracked |  0
|  57|0x0000000084d00000, 0x0000000084d00000, 0x0000000084e00000|  0%| F|  |TAMS 0x0000000084d00000| PB 0x0000000084d00000| Untracked |  0
|  58|0x0000000084e00000, 0x0000000084e00000, 0x0000000084f00000|  0%| F|  |TAMS 0x0000000084e00000| PB 0x0000000084e00000| Untracked |  0
|  59|0x0000000084f00000, 0x0000000084f00000, 0x0000000085000000|  0%| F|  |TAMS 0x0000000084f00000| PB 0x0000000084f00000| Untracked |  0
|  60|0x0000000085000000, 0x0000000085000000, 0x0000000085100000|  0%| F|  |TAMS 0x0000000085000000| PB 0x0000000085000000| Untracked |  0
|  61|0x0000000085100000, 0x0000000085100000, 0x0000000085200000|  0%| F|  |TAMS 0x0000000085100000| PB 0x0000000085100000| Untracked |  0
|  62|0x0000000085200000, 0x0000000085200000, 0x0000000085300000|  0%| F|  |TAMS 0x0000000085200000| PB 0x0000000085200000| Untracked |  0
|  63|0x0000000085300000, 0x0000000085300000, 0x0000000085400000|  0%| F|  |TAMS 0x0000000085300000| PB 0x0000000085300000| Untracked |  0
|  64|0x0000000085400000, 0x0000000085400000, 0x0000000085500000|  0%| F|  |TAMS 0x0000000085400000| PB 0x0000000085400000| Untracked |  0
|  65|0x0000000085500000, 0x0000000085500000, 0x0000000085600000|  0%| F|  |TAMS 0x0000000085500000| PB 0x0000000085500000| Untracked |  0
|  66|0x0000000085600000, 0x0000000085600000, 0x0000000085700000|  0%| F|  |TAMS 0x0000000085600000| PB 0x0000000085600000| Untracked |  0
|  67|0x0000000085700000, 0x0000000085700000, 0x0000000085800000|  0%| F|  |TAMS 0x0000000085700000| PB 0x0000000085700000| Untracked |  0
|  68|0x0000000085800000, 0x0000000085800000, 0x0000000085900000|  0%| F|  |TAMS 0x0000000085800000| PB 0x0000000085800000| Untracked |  0
|  69|0x0000000085900000, 0x0000000085900000, 0x0000000085a00000|  0%| F|  |TAMS 0x0000000085900000| PB 0x0000000085900000| Untracked |  0
|  70|0x0000000085a00000, 0x0000000085a00000, 0x0000000085b00000|  0%| F|  |TAMS 0x0000000085a00000| PB 0x0000000085a00000| Untracked |  0
|  71|0x0000000085b00000, 0x0000000085b00000, 0x0000000085c00000|  0%| F|  |TAMS 0x0000000085b00000| PB 0x0000000085b00000| Untracked |  0
|  72|0x0000000085c00000, 0x0000000085c00000, 0x0000000085d00000|  0%| F|  |TAMS 0x0000000085c00000| PB 0x0000000085c00000| Untracked |  0
|  73|0x0000000085d00000, 0x0000000085d00000, 0x0000000085e00000|  0%| F|  |TAMS 0x0000000085d00000| PB 0x0000000085d00000| Untracked |  0
|  74|0x0000000085e00000, 0x0000000085e00000, 0x0000000085f00000|  0%| F|  |TAMS 0x0000000085e00000| PB 0x0000000085e00000| Untracked |  0
|  75|0x0000000085f00000, 0x0000000085f00000, 0x0000000086000000|  0%| F|  |TAMS 0x0000000085f00000| PB 0x0000000085f00000| Untracked |  0
|  76|0x0000000086000000, 0x0000000086000000, 0x0000000086100000|  0%| F|  |TAMS 0x0000000086000000| PB 0x0000000086000000| Untracked |  0
|  77|0x0000000086100000, 0x0000000086100000, 0x0000000086200000|  0%| F|  |TAMS 0x0000000086100000| PB 0x0000000086100000| Untracked |  0
|  78|0x0000000086200000, 0x0000000086200000, 0x0000000086300000|  0%| F|  |TAMS 0x0000000086200000| PB 0x0000000086200000| Untracked |  0
|  79|0x0000000086300000, 0x0000000086300000, 0x0000000086400000|  0%| F|  |TAMS 0x0000000086300000| PB 0x0000000086300000| Untracked |  0
|  80|0x0000000086400000, 0x0000000086400000, 0x0000000086500000|  0%| F|  |TAMS 0x0000000086400000| PB 0x0000000086400000| Untracked |  0
|  81|0x0000000086500000, 0x0000000086500000, 0x0000000086600000|  0%| F|  |TAMS 0x0000000086500000| PB 0x0000000086500000| Untracked |  0
|  82|0x0000000086600000, 0x0000000086600000, 0x0000000086700000|  0%| F|  |TAMS 0x0000000086600000| PB 0x0000000086600000| Untracked |  0
|  83|0x0000000086700000, 0x0000000086700000, 0x0000000086800000|  0%| F|  |TAMS 0x0000000086700000| PB 0x0000000086700000| Untracked |  0
|  84|0x0000000086800000, 0x0000000086800000, 0x0000000086900000|  0%| F|  |TAMS 0x0000000086800000| PB 0x0000000086800000| Untracked |  0
|  85|0x0000000086900000, 0x0000000086900000, 0x0000000086a00000|  0%| F|  |TAMS 0x0000000086900000| PB 0x0000000086900000| Untracked |  0
|  86|0x0000000086a00000, 0x0000000086a00000, 0x0000000086b00000|  0%| F|  |TAMS 0x0000000086a00000| PB 0x0000000086a00000| Untracked |  0
|  87|0x0000000086b00000, 0x0000000086b00000, 0x0000000086c00000|  0%| F|  |TAMS 0x0000000086b00000| PB 0x0000000086b00000| Untracked |  0
|  88|0x0000000086c00000, 0x0000000086c00000, 0x0000000086d00000|  0%| F|  |TAMS 0x0000000086c00000| PB 0x0000000086c00000| Untracked |  0
|  89|0x0000000086d00000, 0x0000000086d00000, 0x0000000086e00000|  0%| F|  |TAMS 0x0000000086d00000| PB 0x0000000086d00000| Untracked |  0
|  90|0x0000000086e00000, 0x0000000086e00000, 0x0000000086f00000|  0%| F|  |TAMS 0x0000000086e00000| PB 0x0000000086e00000| Untracked |  0
|  91|0x0000000086f00000, 0x0000000086f00000, 0x0000000087000000|  0%| F|  |TAMS 0x0000000086f00000| PB 0x0000000086f00000| Untracked |  0
|  92|0x0000000087000000, 0x0000000087000000, 0x0000000087100000|  0%| F|  |TAMS 0x0000000087000000| PB 0x0000000087000000| Untracked |  0
|  93|0x0000000087100000, 0x0000000087100000, 0x0000000087200000|  0%| F|  |TAMS 0x0000000087100000| PB 0x0000000087100000| Untracked |  0
|  94|0x0000000087200000, 0x0000000087200000, 0x0000000087300000|  0%| F|  |TAMS 0x0000000087200000| PB 0x0000000087200000| Untracked |  0
|  95|0x0000000087300000, 0x0000000087300000, 0x0000000087400000|  0%| F|  |TAMS 0x0000000087300000| PB 0x0000000087300000| Untracked |  0
|  96|0x0000000087400000, 0x0000000087400000, 0x0000000087500000|  0%| F|  |TAMS 0x0000000087400000| PB 0x0000000087400000| Untracked |  0
|  97|0x0000000087500000, 0x0000000087500000, 0x0000000087600000|  0%| F|  |TAMS 0x0000000087500000| PB 0x0000000087500000| Untracked |  0
|  98|0x0000000087600000, 0x0000000087600000, 0x0000000087700000|  0%| F|  |TAMS 0x0000000087600000| PB 0x0000000087600000| Untracked |  0
|  99|0x0000000087700000, 0x0000000087700000, 0x0000000087800000|  0%| F|  |TAMS 0x0000000087700000| PB 0x0000000087700000| Untracked |  0
| 100|0x0000000087800000, 0x0000000087800000, 0x0000000087900000|  0%| F|  |TAMS 0x0000000087800000| PB 0x0000000087800000| Untracked |  0
| 101|0x0000000087900000, 0x0000000087900000, 0x0000000087a00000|  0%| F|  |TAMS 0x0000000087900000| PB 0x0000000087900000| Untracked |  0
| 102|0x0000000087a00000, 0x0000000087a00000, 0x0000000087b00000|  0%| F|  |TAMS 0x0000000087a00000| PB 0x0000000087a00000| Untracked |  0
| 103|0x0000000087b00000, 0x0000000087b00000, 0x0000000087c00000|  0%| F|  |TAMS 0x0000000087b00000| PB 0x0000000087b00000| Untracked |  0
| 104|0x0000000087c00000, 0x0000000087c00000, 0x0000000087d00000|  0%| F|  |TAMS 0x0000000087c00000| PB 0x0000000087c00000| Untracked |  0
| 105|0x0000000087d00000, 0x0000000087d00000, 0x0000000087e00000|  0%| F|  |TAMS 0x0000000087d00000| PB 0x0000000087d00000| Untracked |  0
| 106|0x0000000087e00000, 0x0000000087e00000, 0x0000000087f00000|  0%| F|  |TAMS 0x0000000087e00000| PB 0x0000000087e00000| Untracked |  0
| 107|0x0000000087f00000, 0x0000000087f00000, 0x0000000088000000|  0%| F|  |TAMS 0x0000000087f00000| PB 0x0000000087f00000| Untracked |  0
| 108|0x0000000088000000, 0x0000000088000000, 0x0000000088100000|  0%| F|  |TAMS 0x0000000088000000| PB 0x0000000088000000| Untracked |  0
| 109|0x0000000088100000, 0x0000000088100000, 0x0000000088200000|  0%| F|  |TAMS 0x0000000088100000| PB 0x0000000088100000| Untracked |  0
| 110|0x0000000088200000, 0x0000000088200000, 0x0000000088300000|  0%| F|  |TAMS 0x0000000088200000| PB 0x0000000088200000| Untracked |  0
| 111|0x0000000088300000, 0x0000000088300000, 0x0000000088400000|  0%| F|  |TAMS 0x0000000088300000| PB 0x0000000088300000| Untracked |  0
| 112|0x0000000088400000, 0x0000000088400000, 0x0000000088500000|  0%| F|  |TAMS 0x0000000088400000| PB 0x0000000088400000| Untracked |  0
| 113|0x0000000088500000, 0x0000000088500000, 0x0000000088600000|  0%| F|  |TAMS 0x0000000088500000| PB 0x0000000088500000| Untracked |  0
| 114|0x0000000088600000, 0x0000000088600000, 0x0000000088700000|  0%| F|  |TAMS 0x0000000088600000| PB 0x0000000088600000| Untracked |  0
| 115|0x0000000088700000, 0x0000000088700000, 0x0000000088800000|  0%| F|  |TAMS 0x0000000088700000| PB 0x0000000088700000| Untracked |  0
| 116|0x0000000088800000, 0x0000000088800000, 0x0000000088900000|  0%| F|  |TAMS 0x0000000088800000| PB 0x0000000088800000| Untracked |  0
| 117|0x0000000088900000, 0x0000000088900000, 0x0000000088a00000|  0%| F|  |TAMS 0x0000000088900000| PB 0x0000000088900000| Untracked |  0
| 118|0x0000000088a00000, 0x0000000088a00000, 0x0000000088b00000|  0%| F|  |TAMS 0x0000000088a00000| PB 0x0000000088a00000| Untracked |  0
| 119|0x0000000088b00000, 0x0000000088b00000, 0x0000000088c00000|  0%| F|  |TAMS 0x0000000088b00000| PB 0x0000000088b00000| Untracked |  0
| 120|0x0000000088c00000, 0x0000000088c00000, 0x0000000088d00000|  0%| F|  |TAMS 0x0000000088c00000| PB 0x0000000088c00000| Untracked |  0
| 121|0x0000000088d00000, 0x0000000088d00000, 0x0000000088e00000|  0%| F|  |TAMS 0x0000000088d00000| PB 0x0000000088d00000| Untracked |  0
| 122|0x0000000088e00000, 0x0000000088e00000, 0x0000000088f00000|  0%| F|  |TAMS 0x0000000088e00000| PB 0x0000000088e00000| Untracked |  0
| 123|0x0000000088f00000, 0x0000000088f00000, 0x0000000089000000|  0%| F|  |TAMS 0x0000000088f00000| PB 0x0000000088f00000| Untracked |  0
| 124|0x0000000089000000, 0x0000000089000000, 0x0000000089100000|  0%| F|  |TAMS 0x0000000089000000| PB 0x0000000089000000| Untracked |  0
| 125|0x0000000089100000, 0x0000000089100000, 0x0000000089200000|  0%| F|  |TAMS 0x0000000089100000| PB 0x0000000089100000| Untracked |  0
| 126|0x0000000089200000, 0x00000000892f5d70, 0x0000000089300000| 96%| E|  |TAMS 0x0000000089200000| PB 0x0000000089200000| Complete |  0
| 127|0x0000000089300000, 0x0000000089400000, 0x0000000089400000|100%| E|CS|TAMS 0x0000000089300000| PB 0x0000000089300000| Complete |  0

Card table byte_map: [0x000001e8e6630000,0x000001e8e6a30000] _byte_map_base: 0x000001e8e6226000

Marking Bits: (CMBitMap*) 0x000001e8cec14ec0
 Bits: [0x000001e8e6a30000, 0x000001e8e89e0000)

Polling page: 0x000001e8ccb70000

Metaspace:

Usage:
  Non-class:      4.56 MB used.
      Class:    398.17 KB used.
       Both:      4.95 MB used.

Virtual space:
  Non-class space:       64.00 MB reserved,       4.62 MB (  7%) committed,  1 nodes.
      Class space:        1.00 GB reserved,     512.00 KB ( <1%) committed,  1 nodes.
             Both:        1.06 GB reserved,       5.12 MB ( <1%) committed. 

Chunk freelists:
   Non-Class:  11.00 MB
       Class:  15.56 MB
        Both:  26.56 MB

MaxMetaspaceSize: unlimited
CompressedClassSpaceSize: 1.00 GB
Initial GC threshold: 21.00 MB
Current GC threshold: 21.00 MB
CDS: off
 - commit_granule_bytes: 65536.
 - commit_granule_words: 8192.
 - virtual_space_node_default_size: 8388608.
 - enlarge_chunks_in_place: 1.
 - use_allocation_guard: 0.


Internal statistics:

num_allocs_failed_limit: 0.
num_arena_births: 6.
num_arena_deaths: 0.
num_vsnodes_births: 2.
num_vsnodes_deaths: 0.
num_space_committed: 82.
num_space_uncommitted: 0.
num_chunks_returned_to_freelist: 0.
num_chunks_taken_from_freelist: 10.
num_chunk_merges: 0.
num_chunk_splits: 6.
num_chunks_enlarged: 2.
num_inconsistent_stats: 0.

CodeHeap 'non-profiled nmethods': size=120000Kb used=18Kb max_used=18Kb free=119981Kb
 bounds [0x000001e8de9d0000, 0x000001e8dec40000, 0x000001e8e5f00000]
CodeHeap 'profiled nmethods': size=120000Kb used=46Kb max_used=46Kb free=119953Kb
 bounds [0x000001e8d6f00000, 0x000001e8d7170000, 0x000001e8de430000]
CodeHeap 'non-nmethods': size=5760Kb used=1242Kb max_used=1242Kb free=4517Kb
 bounds [0x000001e8de430000, 0x000001e8de6a0000, 0x000001e8de9d0000]
 total_blobs=422 nmethods=58 adapters=269
 compilation: enabled
              stopped_count=0, restarted_count=0
 full_count=0

Compilation events (20 events):
Event: 0.091 Thread 0x000001e8840a0520   33       3       java.util.ImmutableCollections$SetN$SetNIterator::next (90 bytes)
Event: 0.091 Thread 0x000001e8840a0520 nmethod 33 0x000001e8d6f09d90 code [0x000001e8d6f09f60, 0x000001e8d6f0a258]
Event: 0.101 Thread 0x000001e8840a0520   36       3       java.util.concurrent.ConcurrentHashMap::casTabAt (21 bytes)
Event: 0.101 Thread 0x000001e8840a0520 nmethod 36 0x000001e8d6f0a390 code [0x000001e8d6f0a520, 0x000001e8d6f0a688]
Event: 0.113 Thread 0x000001e8840a0520   43       1       jdk.internal.util.StrongReferenceKey::get (5 bytes)
Event: 0.113 Thread 0x000001e8840a0520 nmethod 43 0x000001e8de9d2e90 code [0x000001e8de9d3020, 0x000001e8de9d30e8]
Event: 0.113 Thread 0x000001e8840a0520   46       1       java.lang.Enum::ordinal (5 bytes)
Event: 0.113 Thread 0x000001e8840a0520 nmethod 46 0x000001e8de9d3190 code [0x000001e8de9d3320, 0x000001e8de9d33e8]
Event: 0.114 Thread 0x000001e8840a0520   50       3       java.util.concurrent.ConcurrentHashMap::putIfAbsent (8 bytes)
Event: 0.115 Thread 0x000001e8840a0520 nmethod 50 0x000001e8d6f0a710 code [0x000001e8d6f0a8c0, 0x000001e8d6f0aa00]
Event: 0.115 Thread 0x000001e8840a0520   52       3       java.lang.ref.ReferenceQueue::headIsNull (13 bytes)
Event: 0.115 Thread 0x000001e8840a0520 nmethod 52 0x000001e8d6f0aa90 code [0x000001e8d6f0ac20, 0x000001e8d6f0ad80]
Event: 0.115 Thread 0x000001e8840a0520   51       1       java.lang.invoke.MethodType::returnType (5 bytes)
Event: 0.115 Thread 0x000001e8840a0520 nmethod 51 0x000001e8de9d4490 code [0x000001e8de9d4620, 0x000001e8de9d46e8]
Event: 0.115 Thread 0x000001e8840a0520   53       3       java.util.Objects::hashCode (13 bytes)
Event: 0.115 Thread 0x000001e8840a0520 nmethod 53 0x000001e8d6f0ae10 code [0x000001e8d6f0afc0, 0x000001e8d6f0b1d0]
Event: 0.117 Thread 0x000001e8840a0520   57       3       java.lang.Math::min (11 bytes)
Event: 0.117 Thread 0x000001e8840a0520 nmethod 57 0x000001e8d6f0b290 code [0x000001e8d6f0b420, 0x000001e8d6f0b558]
Event: 0.118 Thread 0x000001e8840a0520   58       3       java.lang.StringLatin1::indexOfChar (33 bytes)
Event: 0.118 Thread 0x000001e8840a0520 nmethod 58 0x000001e8d6f0b610 code [0x000001e8d6f0b7c0, 0x000001e8d6f0b9e0]

GC Heap History (0 events):
No events

Dll operation events (2 events):
Event: 0.011 Loaded shared library C:\Program Files\Java\jdk-22\bin\java.dll
Event: 0.066 Loaded shared library C:\Program Files\Java\jdk-22\bin\jsvml.dll

Deoptimization events (0 events):
No events

Classes loaded (20 events):
Event: 0.118 Loading class java/lang/ref/Cleaner$1
Event: 0.118 Loading class java/lang/ref/Cleaner$1 done
Event: 0.118 Loading class jdk/internal/ref/CleanerImpl
Event: 0.118 Loading class jdk/internal/ref/CleanerImpl done
Event: 0.118 Loading class jdk/internal/ref/CleanerImpl$PhantomCleanableRef
Event: 0.118 Loading class jdk/internal/ref/PhantomCleanable
Event: 0.118 Loading class java/lang/ref/Cleaner$Cleanable
Event: 0.118 Loading class java/lang/ref/Cleaner$Cleanable done
Event: 0.118 Loading class jdk/internal/ref/PhantomCleanable done
Event: 0.118 Loading class jdk/internal/ref/CleanerImpl$PhantomCleanableRef done
Event: 0.118 Loading class jdk/internal/ref/CleanerImpl$CleanerCleanable
Event: 0.118 Loading class jdk/internal/ref/CleanerImpl$CleanerCleanable done
Event: 0.118 Loading class jdk/internal/misc/InnocuousThread
Event: 0.118 Loading class jdk/internal/misc/InnocuousThread done
Event: 0.119 Loading class java/util/stream/ReferencePipeline$2
Event: 0.119 Loading class java/util/stream/ReferencePipeline$StatelessOp
Event: 0.119 Loading class java/util/stream/ReferencePipeline$StatelessOp done
Event: 0.119 Loading class java/util/stream/ReferencePipeline$2 done
Event: 0.119 Loading class java/util/stream/StreamShape
Event: 0.119 Loading class java/util/stream/StreamShape done

Classes unloaded (0 events):
No events

Classes redefined (0 events):
No events

Internal exceptions (0 events):
No events

ZGC Phase Switch (0 events):
No events

VM Operations (0 events):
No events

Events (10 events):
Event: 0.021 Thread 0x000001e8cebbb590 Thread added: 0x000001e8cebbb590
Event: 0.062 Thread 0x000001e88404d810 Thread added: 0x000001e88404d810
Event: 0.062 Thread 0x000001e88404e530 Thread added: 0x000001e88404e530
Event: 0.063 Thread 0x000001e88406bec0 Thread added: 0x000001e88406bec0
Event: 0.063 Thread 0x000001e88406c920 Thread added: 0x000001e88406c920
Event: 0.063 Thread 0x000001e88406d380 Thread added: 0x000001e88406d380
Event: 0.063 Thread 0x000001e8840715a0 Thread added: 0x000001e8840715a0
Event: 0.064 Thread 0x000001e88409bfe0 Thread added: 0x000001e88409bfe0
Event: 0.064 Thread 0x000001e8840a0520 Thread added: 0x000001e8840a0520
Event: 0.119 Thread 0x000001e8840a19e0 Thread added: 0x000001e8840a19e0


Dynamic libraries:
0x00007ff7f6070000 - 0x00007ff7f6080000 	C:\Program Files\Java\jdk-22\bin\java.exe
0x00007ff9bb730000 - 0x00007ff9bb947000 	C:\Windows\SYSTEM32\ntdll.dll
0x00007ff9b9d50000 - 0x00007ff9b9e14000 	C:\Windows\System32\KERNEL32.DLL
0x00007ff9b8f80000 - 0x00007ff9b9337000 	C:\Windows\System32\KERNELBASE.dll
0x00007ff9b8ae0000 - 0x00007ff9b8bf1000 	C:\Windows\System32\ucrtbase.dll
0x00007ff9b4280000 - 0x00007ff9b429b000 	C:\Program Files\Java\jdk-22\bin\VCRUNTIME140.dll
0x00007ff9b5880000 - 0x00007ff9b5897000 	C:\Program Files\Java\jdk-22\bin\jli.dll
0x00007ff9b9780000 - 0x00007ff9b9832000 	C:\Windows\System32\ADVAPI32.dll
0x00007ff9b9460000 - 0x00007ff9b9507000 	C:\Windows\System32\msvcrt.dll
0x00007ff9ba4f0000 - 0x00007ff9ba598000 	C:\Windows\System32\sechost.dll
0x00007ff9b8c00000 - 0x00007ff9b8c28000 	C:\Windows\System32\bcrypt.dll
0x00007ff9b9a50000 - 0x00007ff9b9b64000 	C:\Windows\System32\RPCRT4.dll
0x00007ff9b98a0000 - 0x00007ff9b9a4f000 	C:\Windows\System32\USER32.dll
0x00007ff9b8f50000 - 0x00007ff9b8f76000 	C:\Windows\System32\win32u.dll
0x00007ff999b80000 - 0x00007ff999e13000 	C:\Windows\WinSxS\amd64_microsoft.windows.common-controls_6595b64144ccf1df_6.0.22621.3672_none_2713b9d173822955\COMCTL32.dll
0x00007ff9bb000000 - 0x00007ff9bb029000 	C:\Windows\System32\GDI32.dll
0x00007ff9b9340000 - 0x00007ff9b9458000 	C:\Windows\System32\gdi32full.dll
0x00007ff9b8a40000 - 0x00007ff9b8ada000 	C:\Windows\System32\msvcp_win.dll
0x00007ff9b3950000 - 0x00007ff9b395a000 	C:\Windows\SYSTEM32\VERSION.dll
0x00007ff9b9840000 - 0x00007ff9b9871000 	C:\Windows\System32\IMM32.DLL
0x00007ff9b48c0000 - 0x00007ff9b48cc000 	C:\Program Files\Java\jdk-22\bin\vcruntime140_1.dll
0x00007ff9abc30000 - 0x00007ff9abcbe000 	C:\Program Files\Java\jdk-22\bin\msvcp140.dll
0x00007ff951b30000 - 0x00007ff952877000 	C:\Program Files\Java\jdk-22\bin\server\jvm.dll
0x00007ff9b9cd0000 - 0x00007ff9b9d41000 	C:\Windows\System32\WS2_32.dll
0x00007ff9b78f0000 - 0x00007ff9b793d000 	C:\Windows\SYSTEM32\POWRPROF.dll
0x00007ff9b12e0000 - 0x00007ff9b1314000 	C:\Windows\SYSTEM32\WINMM.dll
0x00007ff9b78d0000 - 0x00007ff9b78e3000 	C:\Windows\SYSTEM32\UMPDC.dll
0x00007ff9b7b80000 - 0x00007ff9b7b98000 	C:\Windows\SYSTEM32\kernel.appcore.dll
0x00007ff9b41b0000 - 0x00007ff9b41ba000 	C:\Program Files\Java\jdk-22\bin\jimage.dll
0x00007ff9b63d0000 - 0x00007ff9b6602000 	C:\Windows\SYSTEM32\DBGHELP.DLL
0x00007ff9b9e70000 - 0x00007ff9ba1fe000 	C:\Windows\System32\combase.dll
0x00007ff9baf20000 - 0x00007ff9baff7000 	C:\Windows\System32\OLEAUT32.dll
0x00007ff9a17d0000 - 0x00007ff9a1802000 	C:\Windows\SYSTEM32\dbgcore.DLL
0x00007ff9b8e60000 - 0x00007ff9b8edb000 	C:\Windows\System32\bcryptPrimitives.dll
0x00007ff9b41a0000 - 0x00007ff9b41af000 	C:\Program Files\Java\jdk-22\bin\instrument.dll
0x00007ff9b4020000 - 0x00007ff9b403e000 	C:\Program Files\Java\jdk-22\bin\java.dll
0x00007ff9ba6b0000 - 0x00007ff9baf19000 	C:\Windows\System32\SHELL32.dll
0x00007ff9ba220000 - 0x00007ff9ba3c5000 	C:\Windows\System32\ole32.dll
0x00007ff9b69c0000 - 0x00007ff9b72bf000 	C:\Windows\SYSTEM32\windows.storage.dll
0x00007ff9b6870000 - 0x00007ff9b69af000 	C:\Windows\SYSTEM32\wintypes.dll
0x00007ff9ba3f0000 - 0x00007ff9ba4e9000 	C:\Windows\System32\SHCORE.dll
0x00007ff9bb0b0000 - 0x00007ff9bb10e000 	C:\Windows\System32\shlwapi.dll
0x00007ff9b8970000 - 0x00007ff9b8997000 	C:\Windows\SYSTEM32\profapi.dll
0x00007ff98f700000 - 0x00007ff98f7d7000 	C:\Program Files\Java\jdk-22\bin\jsvml.dll

dbghelp: loaded successfully - version: 4.0.5 - missing functions: none
symbol engine: initialized successfully - sym options: 0x614 - pdb path: .;C:\Program Files\Java\jdk-22\bin;C:\Windows\SYSTEM32;C:\Windows\WinSxS\amd64_microsoft.windows.common-controls_6595b64144ccf1df_6.0.22621.3672_none_2713b9d173822955;C:\Program Files\Java\jdk-22\bin\server

VM Arguments:
jvm_args: -Dmaven.multiModuleProjectDirectory=C:\Users\USER\Desktop\3eme-esprit-ck\projet pidev\pidev3A19\pidev3A19 -Djansi.passthrough=true -Dmaven.home=C:\Program Files\JetBrains\IntelliJ IDEA 2024.1\plugins\maven\lib\maven3 -Dclassworlds.conf=C:\Program Files\JetBrains\IntelliJ IDEA 2024.1\plugins\maven\lib\maven3\bin\m2.conf -Dmaven.ext.class.path=C:\Program Files\JetBrains\IntelliJ IDEA 2024.1\plugins\maven\lib\maven-event-listener.jar -javaagent:C:\Program Files\JetBrains\IntelliJ IDEA 2024.1\lib\idea_rt.jar=56394:C:\Program Files\JetBrains\IntelliJ IDEA 2024.1\bin -Dfile.encoding=UTF-8 -Dsun.stdout.encoding=UTF-8 -Dsun.stderr.encoding=UTF-8 
java_command: org.codehaus.classworlds.Launcher -Didea.version=2024.1 org.openjfx:javafx-maven-plugin:0.0.8:run
java_class_path (initial): C:\Program Files\JetBrains\IntelliJ IDEA 2024.1\plugins\maven\lib\maven3\boot\plexus-classworlds-2.7.0.jar;C:\Program Files\JetBrains\IntelliJ IDEA 2024.1\plugins\maven\lib\maven3\boot\plexus-classworlds.license
Launcher Type: SUN_STANDARD

[Global flags]
     intx CICompilerCount                          = 4                                         {product} {ergonomic}
     uint ConcGCThreads                            = 2                                         {product} {ergonomic}
     uint G1ConcRefinementThreads                  = 8                                         {product} {ergonomic}
   size_t G1HeapRegionSize                         = 1048576                                   {product} {ergonomic}
   size_t InitialHeapSize                          = 134217728                                 {product} {ergonomic}
   size_t MarkStackSize                            = 4194304                                   {product} {ergonomic}
   size_t MaxHeapSize                              = 2126512128                                {product} {ergonomic}
   size_t MaxNewSize                               = 1275068416                                {product} {ergonomic}
   size_t MinHeapDeltaBytes                        = 1048576                                   {product} {ergonomic}
   size_t MinHeapSize                              = 8388608                                   {product} {ergonomic}
    uintx NonNMethodCodeHeapSize                   = 5839372                                {pd product} {ergonomic}
    uintx NonProfiledCodeHeapSize                  = 122909434                              {pd product} {ergonomic}
    uintx ProfiledCodeHeapSize                     = 122909434                              {pd product} {ergonomic}
    uintx ReservedCodeCacheSize                    = 251658240                              {pd product} {ergonomic}
     bool SegmentedCodeCache                       = true                                      {product} {ergonomic}
   size_t SoftMaxHeapSize                          = 2126512128                             {manageable} {ergonomic}
     bool UseCompressedOops                        = true                           {product lp64_product} {ergonomic}
     bool UseG1GC                                  = true                                      {product} {ergonomic}
     bool UseLargePagesIndividualAllocation        = false                                  {pd product} {ergonomic}

Logging:
Log output configuration:
 #0: stdout all=warning uptime,level,tags foldmultilines=false
 #1: stderr all=off uptime,level,tags foldmultilines=false

Environment Variables:
PATH=C:\oraclexe\app\oracle\product\11.2.0\server\bin;;C:\Program Files\Common Files\Oracle\Java\javapath;C:\Program Files (x86)\VMware\VMware Workstation\bin\;C:\oraclexe\app\oracle\product\11.2.0\server\bin;C:\oraclexe\app\oracle\product\11.2.0\server\bin;C:\Windows\system32;C:\Windows;C:\Windows\System32\Wbem;C:\Windows\System32\WindowsPowerShell\v1.0\;C:\Windows\System32\OpenSSH\;C:\oraclexe\app\oracle\product\11.2.0\server\bin;C:\instantclient12_2;C:\oraclexe\app\oracle\admin\XE;C:\oraclexe;C:\Program Files (x86)\Git\cmd;C:\xampp\php;C:\Program Files\Java\jdk-22.0.1\bin;C:\ProgramData\ComposerSetup\bin;C:\Users\USER\scoop\shims;C:\Users\USER\AppData\Local\Microsoft\WindowsApps;;C:\Users\USER\AppData\Local\Programs\Microsoft VS Code\bin;C:\Users\USER\AppData\Roaming\Composer\vendor\bin;C:\Users\USER\AppData\Local\Programs\Windsurf\bin
USERNAME=USER
OS=Windows_NT
PROCESSOR_IDENTIFIER=Intel64 Family 6 Model 142 Stepping 10, GenuineIntel
TMP=C:\Users\USER\AppData\Local\Temp
TEMP=C:\Users\USER\AppData\Local\Temp




Periodic native trim disabled

---------------  S Y S T E M  ---------------

OS:
 Windows 11 , 64 bit Build 22621 (10.0.22621.3958)
OS uptime: 9 days 21:23 hours

CPU: total 8 (initial active 8) (4 cores per cpu, 2 threads per core) family 6 model 142 stepping 10 microcode 0xe0, cx8, cmov, fxsr, ht, mmx, 3dnowpref, sse, sse2, sse3, ssse3, sse4.1, sse4.2, popcnt, lzcnt, tsc, tscinvbit, avx, avx2, aes, erms, clmul, bmi1, bmi2, adx, fma, vzeroupper, clflush, clflushopt, rdtscp, f16c
Processor Information for all 8 processors :
  Max Mhz: 1801, Current Mhz: 1801, Mhz Limit: 1801

Memory: 4k page, system-wide physical 8107M (1255M free)
TotalPageFile size 18249M (AvailPageFile size 4M)
current process WorkingSet (physical memory assigned to process): 29M, peak: 29M
current process commit charge ("private bytes"): 201M, peak: 204M

vm_info: Java HotSpot(TM) 64-Bit Server VM (22.0.1+8-16) for windows-amd64 JRE (22.0.1+8-16), built on 2024-03-12T10:33:16Z by "mach5one" with MS VC++ 17.6 (VS2022)

END.
