#
# There is insufficient memory for the Java Runtime Environment to continue.
# Native memory allocation (malloc) failed to allocate 1075296 bytes. Error detail: Chunk::new
# Possible reasons:
#   The system is out of physical RAM or swap space
#   This process is running with CompressedOops enabled, and the Java Heap may be blocking the growth of the native heap
# Possible solutions:
#   Reduce memory load on the system
#   Increase physical memory or swap space
#   Check if swap backing store is full
#   Decrease Java heap size (-Xmx/-Xms)
#   Decrease number of Java threads
#   Decrease Java thread stack sizes (-Xss)
#   Set larger code cache with -XX:ReservedCodeCacheSize=
#   JVM is running with Unscaled Compressed Oops mode in which the Java heap is
#     placed in the first 4GB address space. The Java Heap base address is the
#     maximum limit for the native heap growth. Please use -XX:HeapBaseMinAddress
#     to set the Java Heap base and to place the Java Heap above 4GB virtual address.
# This output file may be truncated or incomplete.
#
#  Out of Memory Error (arena.cpp:150), pid=16324, tid=6264
#
# JRE version: Java(TM) SE Runtime Environment (22.0.1+8) (build 22.0.1+8-16)
# Java VM: Java HotSpot(TM) 64-Bit Server VM (22.0.1+8-16, mixed mode, sharing, tiered, compressed oops, compressed class ptrs, g1 gc, windows-amd64)
# No core dump will be written. Minidumps are not enabled by default on client versions of Windows
#

---------------  S U M M A R Y ------------

Command Line: -Dmaven.multiModuleProjectDirectory=C:\Users\USER\Desktop\3eme-esprit-ck\projet pidev\pidev3A19\pidev3A19 -Djansi.passthrough=true -Dmaven.home=C:\Program Files\JetBrains\IntelliJ IDEA 2024.1\plugins\maven\lib\maven3 -Dclassworlds.conf=C:\Program Files\JetBrains\IntelliJ IDEA 2024.1\plugins\maven\lib\maven3\bin\m2.conf -Dmaven.ext.class.path=C:\Program Files\JetBrains\IntelliJ IDEA 2024.1\plugins\maven\lib\maven-event-listener.jar -javaagent:C:\Program Files\JetBrains\IntelliJ IDEA 2024.1\lib\idea_rt.jar=56423:C:\Program Files\JetBrains\IntelliJ IDEA 2024.1\bin -Dfile.encoding=UTF-8 -Dsun.stdout.encoding=UTF-8 -Dsun.stderr.encoding=UTF-8 org.codehaus.classworlds.Launcher -Didea.version=2024.1 org.openjfx:javafx-maven-plugin:0.0.8:run

Host: Intel(R) Core(TM) i5-8250U CPU @ 1.60GHz, 8 cores, 7G,  Windows 11 , 64 bit Build 22621 (10.0.22621.3958)
Time: Mon Feb 24 22:54:13 2025 Paris, Madrid elapsed time: 10.737039 seconds (0d 0h 0m 10s)

---------------  T H R E A D  ---------------

Current thread (0x000001df7fd2f420):  JavaThread "C2 CompilerThread0" daemon [_thread_in_native, id=6264, stack(0x0000003a17e00000,0x0000003a17f00000) (1024K)]


Current CompileTask:
C2:10737 6831   !   4       com.google.inject.spi.InjectionPoint::getInjectionPoints (491 bytes)

Stack: [0x0000003a17e00000,0x0000003a17f00000]
Native frames: (J=compiled Java code, j=interpreted, Vv=VM code, C=native code)
V  [jvm.dll+0x6e2279]  (no source info available)
V  [jvm.dll+0x874e33]  (no source info available)
V  [jvm.dll+0x87725e]  (no source info available)
V  [jvm.dll+0x877933]  (no source info available)
V  [jvm.dll+0x27fd76]  (no source info available)
V  [jvm.dll+0xc3d0f]  (no source info available)
V  [jvm.dll+0xc3f6b]  (no source info available)
V  [jvm.dll+0x2f3c2f]  (no source info available)
V  [jvm.dll+0x60bc9a]  (no source info available)
V  [jvm.dll+0x249a35]  (no source info available)
V  [jvm.dll+0x246ec6]  (no source info available)
V  [jvm.dll+0x1c4e90]  (no source info available)
V  [jvm.dll+0x2569fe]  (no source info available)
V  [jvm.dll+0x254cba]  (no source info available)
V  [jvm.dll+0x3f5336]  (no source info available)
V  [jvm.dll+0x81d44b]  (no source info available)
V  [jvm.dll+0x6e0915]  (no source info available)
C  [ucrtbase.dll+0x29333]  (no source info available)
C  [KERNEL32.DLL+0x1257d]  (no source info available)
C  [ntdll.dll+0x5af08]  (no source info available)


---------------  P R O C E S S  ---------------

Threads class SMR info:
_java_thread_list=0x000001df567d28a0, length=16, elements={
0x000001df7249a6b0, 0x000001df7fd13810, 0x000001df7fd14630, 0x000001df7fd1d470,
0x000001df7fd1e230, 0x000001df7fd1ec90, 0x000001df7fd23120, 0x000001df7fd2f420,
0x000001df7fd50140, 0x000001df54247620, 0x000001df54247cb0, 0x000001df54248340,
0x000001df55e11d70, 0x000001df557a05f0, 0x000001df5579ebb0, 0x000001df557a54b0
}

Java Threads: ( => current thread )
  0x000001df7249a6b0 JavaThread "main"                              [_thread_in_native, id=21340, stack(0x0000003a17000000,0x0000003a17100000) (1024K)]
  0x000001df7fd13810 JavaThread "Reference Handler"          daemon [_thread_blocked, id=23208, stack(0x0000003a17800000,0x0000003a17900000) (1024K)]
  0x000001df7fd14630 JavaThread "Finalizer"                  daemon [_thread_blocked, id=23344, stack(0x0000003a17900000,0x0000003a17a00000) (1024K)]
  0x000001df7fd1d470 JavaThread "Signal Dispatcher"          daemon [_thread_blocked, id=3792, stack(0x0000003a17a00000,0x0000003a17b00000) (1024K)]
  0x000001df7fd1e230 JavaThread "Attach Listener"            daemon [_thread_blocked, id=28524, stack(0x0000003a17b00000,0x0000003a17c00000) (1024K)]
  0x000001df7fd1ec90 JavaThread "Service Thread"             daemon [_thread_blocked, id=7092, stack(0x0000003a17c00000,0x0000003a17d00000) (1024K)]
  0x000001df7fd23120 JavaThread "Monitor Deflation Thread"   daemon [_thread_blocked, id=24788, stack(0x0000003a17d00000,0x0000003a17e00000) (1024K)]
=>0x000001df7fd2f420 JavaThread "C2 CompilerThread0"         daemon [_thread_in_native, id=6264, stack(0x0000003a17e00000,0x0000003a17f00000) (1024K)]
  0x000001df7fd50140 JavaThread "C1 CompilerThread0"         daemon [_thread_blocked, id=17196, stack(0x0000003a17f00000,0x0000003a18000000) (1024K)]
  0x000001df54247620 JavaThread "Common-Cleaner"             daemon [_thread_blocked, id=25020, stack(0x0000003a18000000,0x0000003a18100000) (1024K)]
  0x000001df54247cb0 JavaThread "Monitor Ctrl-Break"         daemon [_thread_in_native, id=24892, stack(0x0000003a18200000,0x0000003a18300000) (1024K)]
  0x000001df54248340 JavaThread "Notification Thread"        daemon [_thread_blocked, id=23276, stack(0x0000003a18300000,0x0000003a18400000) (1024K)]
  0x000001df55e11d70 JavaThread "C2 CompilerThread1"         daemon [_thread_blocked, id=23944, stack(0x0000003a18100000,0x0000003a18200000) (1024K)]
  0x000001df557a05f0 JavaThread "Exec Stream Pumper"         daemon [_thread_in_native, id=10036, stack(0x0000003a18c00000,0x0000003a18d00000) (1024K)]
  0x000001df5579ebb0 JavaThread "Exec Stream Pumper"         daemon [_thread_in_native, id=27268, stack(0x0000003a18d00000,0x0000003a18e00000) (1024K)]
  0x000001df557a54b0 JavaThread "Exec Input Stream Pumper"   daemon [_thread_blocked, id=24344, stack(0x0000003a18e00000,0x0000003a18f00000) (1024K)]
Total: 16

Other Threads:
  0x000001df7fcf9480 VMThread "VM Thread"                           [id=26460, stack(0x0000003a17700000,0x0000003a17800000) (1024K)]
  0x000001df7fce1e60 WatcherThread "VM Periodic Task Thread"        [id=1704, stack(0x0000003a17600000,0x0000003a17700000) (1024K)]
  0x000001df724f28e0 WorkerThread "GC Thread#0"                     [id=28384, stack(0x0000003a17100000,0x0000003a17200000) (1024K)]
  0x000001df54d5e2a0 WorkerThread "GC Thread#1"                     [id=12500, stack(0x0000003a18400000,0x0000003a18500000) (1024K)]
  0x000001df54d5e650 WorkerThread "GC Thread#2"                     [id=22708, stack(0x0000003a18500000,0x0000003a18600000) (1024K)]
  0x000001df552ceb40 WorkerThread "GC Thread#3"                     [id=20396, stack(0x0000003a18600000,0x0000003a18700000) (1024K)]
  0x000001df552ceef0 WorkerThread "GC Thread#4"                     [id=26416, stack(0x0000003a18700000,0x0000003a18800000) (1024K)]
  0x000001df55572a20 WorkerThread "GC Thread#5"                     [id=15384, stack(0x0000003a18800000,0x0000003a18900000) (1024K)]
  0x000001df55572dd0 WorkerThread "GC Thread#6"                     [id=15236, stack(0x0000003a18900000,0x0000003a18a00000) (1024K)]
  0x000001df55573180 WorkerThread "GC Thread#7"                     [id=5564, stack(0x0000003a18a00000,0x0000003a18b00000) (1024K)]
  0x000001df72504720 ConcurrentGCThread "G1 Main Marker"            [id=1772, stack(0x0000003a17200000,0x0000003a17300000) (1024K)]
  0x000001df725058e0 WorkerThread "G1 Conc#0"                       [id=25240, stack(0x0000003a17300000,0x0000003a17400000) (1024K)]
  0x000001df5650ca30 WorkerThread "G1 Conc#1"                       [id=28552, stack(0x0000003a18b00000,0x0000003a18c00000) (1024K)]
  0x000001df7fba2570 ConcurrentGCThread "G1 Refine#0"               [id=6044, stack(0x0000003a17400000,0x0000003a17500000) (1024K)]
  0x000001df7fba5010 ConcurrentGCThread "G1 Service"                [id=2240, stack(0x0000003a17500000,0x0000003a17600000) (1024K)]
Total: 15

Threads with active compile tasks:
C2 CompilerThread0  10824 6831   !   4       com.google.inject.spi.InjectionPoint::getInjectionPoints (491 bytes)
Total: 1

VM state: not at safepoint (normal execution)

VM Mutex/Monitor currently owned by a thread: None

Heap address: 0x0000000081400000, size: 2028 MB, Compressed Oops mode: 32-bit

CDS archive(s) mapped at: [0x000001df0f000000-0x000001df0fc60000-0x000001df0fc60000), size 12976128, SharedBaseAddress: 0x000001df0f000000, ArchiveRelocationMode: 1.
Compressed class space mapped at: 0x000001df10000000-0x000001df50000000, reserved size: 1073741824
Narrow klass base: 0x000001df0f000000, Narrow klass shift: 0, Narrow klass range: 0x41000000

GC Precious Log:
 CardTable entry size: 512
 Card Set container configuration: InlinePtr #cards 5 size 8 Array Of Cards #cards 12 size 40 Howl #buckets 4 coarsen threshold 1843 Howl Bitmap #cards 512 size 80 coarsen threshold 460 Card regions per heap region 1 cards per card region 2048
 CPUs: 8 total, 8 available
 Memory: 8107M
 Large Page Support: Disabled
 NUMA Support: Disabled
 Compressed Oops: Enabled (32-bit)
 Heap Region Size: 1M
 Heap Min Capacity: 8M
 Heap Initial Capacity: 128M
 Heap Max Capacity: 2028M
 Pre-touch: Disabled
 Parallel Workers: 8
 Concurrent Workers: 2
 Concurrent Refinement Workers: 8
 Periodic GC: Disabled

Heap:
 garbage-first heap   total reserved 2076672K, committed 68608K, used 35407K [0x0000000081400000, 0x0000000100000000)
  region size 1024K, 12 young (12288K), 3 survivors (3072K)
 Metaspace       used 29900K, committed 30272K, reserved 1114112K
  class space    used 3485K, committed 3648K, reserved 1048576K

Heap Regions: E=young(eden), S=young(survivor), O=old, HS=humongous(starts), HC=humongous(continues), CS=collection set, F=free, TAMS=top-at-mark-start, PB=parsable bottom
|   0|0x0000000081400000, 0x0000000081500000, 0x0000000081500000|100%| O|  |TAMS 0x0000000081400000| PB 0x0000000081400000| Untracked |  0
|   1|0x0000000081500000, 0x0000000081600000, 0x0000000081600000|100%| O|  |TAMS 0x0000000081500000| PB 0x0000000081500000| Untracked |  0
|   2|0x0000000081600000, 0x0000000081700000, 0x0000000081700000|100%| O|  |TAMS 0x0000000081600000| PB 0x0000000081600000| Untracked |  0
|   3|0x0000000081700000, 0x0000000081800000, 0x0000000081800000|100%| O|  |TAMS 0x0000000081700000| PB 0x0000000081700000| Untracked |  0
|   4|0x0000000081800000, 0x0000000081900000, 0x0000000081900000|100%| O|  |TAMS 0x0000000081800000| PB 0x0000000081800000| Untracked |  0
|   5|0x0000000081900000, 0x0000000081a00000, 0x0000000081a00000|100%| O|  |TAMS 0x0000000081900000| PB 0x0000000081900000| Untracked |  0
|   6|0x0000000081a00000, 0x0000000081b00000, 0x0000000081b00000|100%| O|  |TAMS 0x0000000081a00000| PB 0x0000000081a00000| Untracked |  0
|   7|0x0000000081b00000, 0x0000000081c00000, 0x0000000081c00000|100%| O|  |TAMS 0x0000000081b00000| PB 0x0000000081b00000| Untracked |  0
|   8|0x0000000081c00000, 0x0000000081d00000, 0x0000000081d00000|100%| O|  |TAMS 0x0000000081c00000| PB 0x0000000081c00000| Untracked |  0
|   9|0x0000000081d00000, 0x0000000081e00000, 0x0000000081e00000|100%| O|  |TAMS 0x0000000081d00000| PB 0x0000000081d00000| Untracked |  0
|  10|0x0000000081e00000, 0x0000000081f00000, 0x0000000081f00000|100%| O|  |TAMS 0x0000000081e00000| PB 0x0000000081e00000| Untracked |  0
|  11|0x0000000081f00000, 0x0000000082000000, 0x0000000082000000|100%| O|  |TAMS 0x0000000081f00000| PB 0x0000000081f00000| Untracked |  0
|  12|0x0000000082000000, 0x0000000082100000, 0x0000000082100000|100%| O|  |TAMS 0x0000000082000000| PB 0x0000000082000000| Untracked |  0
|  13|0x0000000082100000, 0x0000000082200000, 0x0000000082200000|100%| O|  |TAMS 0x0000000082100000| PB 0x0000000082100000| Untracked |  0
|  14|0x0000000082200000, 0x0000000082300000, 0x0000000082300000|100%| O|  |TAMS 0x0000000082200000| PB 0x0000000082200000| Untracked |  0
|  15|0x0000000082300000, 0x0000000082400000, 0x0000000082400000|100%| O|  |TAMS 0x0000000082300000| PB 0x0000000082300000| Untracked |  0
|  16|0x0000000082400000, 0x0000000082500000, 0x0000000082500000|100%| O|  |TAMS 0x0000000082400000| PB 0x0000000082400000| Untracked |  0
|  17|0x0000000082500000, 0x0000000082600000, 0x0000000082600000|100%| O|  |TAMS 0x0000000082500000| PB 0x0000000082500000| Untracked |  0
|  18|0x0000000082600000, 0x0000000082700000, 0x0000000082700000|100%| O|  |TAMS 0x0000000082600000| PB 0x0000000082600000| Untracked |  0
|  19|0x0000000082700000, 0x0000000082800000, 0x0000000082800000|100%| O|  |TAMS 0x0000000082700000| PB 0x0000000082700000| Untracked |  0
|  20|0x0000000082800000, 0x0000000082900000, 0x0000000082900000|100%| O|  |TAMS 0x0000000082800000| PB 0x0000000082800000| Untracked |  0
|  21|0x0000000082900000, 0x0000000082900000, 0x0000000082a00000|  0%| F|  |TAMS 0x0000000082900000| PB 0x0000000082900000| Untracked |  0
|  22|0x0000000082a00000, 0x0000000082a00000, 0x0000000082b00000|  0%| F|  |TAMS 0x0000000082a00000| PB 0x0000000082a00000| Untracked |  0
|  23|0x0000000082b00000, 0x0000000082b00000, 0x0000000082c00000|  0%| F|  |TAMS 0x0000000082b00000| PB 0x0000000082b00000| Untracked |  0
|  24|0x0000000082c00000, 0x0000000082c00000, 0x0000000082d00000|  0%| F|  |TAMS 0x0000000082c00000| PB 0x0000000082c00000| Untracked |  0
|  25|0x0000000082d00000, 0x0000000082e00000, 0x0000000082e00000|100%| O|  |TAMS 0x0000000082d00000| PB 0x0000000082d00000| Untracked |  0
|  26|0x0000000082e00000, 0x0000000082f00000, 0x0000000082f00000|100%| O|  |TAMS 0x0000000082e00000| PB 0x0000000082e00000| Untracked |  0
|  27|0x0000000082f00000, 0x0000000082f00000, 0x0000000083000000|  0%| F|  |TAMS 0x0000000082f00000| PB 0x0000000082f00000| Untracked |  0
|  28|0x0000000083000000, 0x0000000083093d68, 0x0000000083100000| 57%| S|CS|TAMS 0x0000000083000000| PB 0x0000000083000000| Complete |  0
|  29|0x0000000083100000, 0x0000000083200000, 0x0000000083200000|100%| S|CS|TAMS 0x0000000083100000| PB 0x0000000083100000| Complete |  0
|  30|0x0000000083200000, 0x0000000083300000, 0x0000000083300000|100%| S|CS|TAMS 0x0000000083200000| PB 0x0000000083200000| Complete |  0
|  31|0x0000000083300000, 0x0000000083300000, 0x0000000083400000|  0%| F|  |TAMS 0x0000000083300000| PB 0x0000000083300000| Untracked |  0
|  32|0x0000000083400000, 0x0000000083400000, 0x0000000083500000|  0%| F|  |TAMS 0x0000000083400000| PB 0x0000000083400000| Untracked |  0
|  33|0x0000000083500000, 0x0000000083500000, 0x0000000083600000|  0%| F|  |TAMS 0x0000000083500000| PB 0x0000000083500000| Untracked |  0
|  34|0x0000000083600000, 0x0000000083600000, 0x0000000083700000|  0%| F|  |TAMS 0x0000000083600000| PB 0x0000000083600000| Untracked |  0
|  35|0x0000000083700000, 0x0000000083700000, 0x0000000083800000|  0%| F|  |TAMS 0x0000000083700000| PB 0x0000000083700000| Untracked |  0
|  36|0x0000000083800000, 0x0000000083800000, 0x0000000083900000|  0%| F|  |TAMS 0x0000000083800000| PB 0x0000000083800000| Untracked |  0
|  37|0x0000000083900000, 0x0000000083900000, 0x0000000083a00000|  0%| F|  |TAMS 0x0000000083900000| PB 0x0000000083900000| Untracked |  0
|  38|0x0000000083a00000, 0x0000000083a00000, 0x0000000083b00000|  0%| F|  |TAMS 0x0000000083a00000| PB 0x0000000083a00000| Untracked |  0
|  39|0x0000000083b00000, 0x0000000083b00000, 0x0000000083c00000|  0%| F|  |TAMS 0x0000000083b00000| PB 0x0000000083b00000| Untracked |  0
|  40|0x0000000083c00000, 0x0000000083c00000, 0x0000000083d00000|  0%| F|  |TAMS 0x0000000083c00000| PB 0x0000000083c00000| Untracked |  0
|  41|0x0000000083d00000, 0x0000000083d00000, 0x0000000083e00000|  0%| F|  |TAMS 0x0000000083d00000| PB 0x0000000083d00000| Untracked |  0
|  42|0x0000000083e00000, 0x0000000083e00000, 0x0000000083f00000|  0%| F|  |TAMS 0x0000000083e00000| PB 0x0000000083e00000| Untracked |  0
|  43|0x0000000083f00000, 0x0000000083f00000, 0x0000000084000000|  0%| F|  |TAMS 0x0000000083f00000| PB 0x0000000083f00000| Untracked |  0
|  44|0x0000000084000000, 0x0000000084000000, 0x0000000084100000|  0%| F|  |TAMS 0x0000000084000000| PB 0x0000000084000000| Untracked |  0
|  45|0x0000000084100000, 0x0000000084100000, 0x0000000084200000|  0%| F|  |TAMS 0x0000000084100000| PB 0x0000000084100000| Untracked |  0
|  46|0x0000000084200000, 0x0000000084200000, 0x0000000084300000|  0%| F|  |TAMS 0x0000000084200000| PB 0x0000000084200000| Untracked |  0
|  47|0x0000000084300000, 0x0000000084300000, 0x0000000084400000|  0%| F|  |TAMS 0x0000000084300000| PB 0x0000000084300000| Untracked |  0
|  48|0x0000000084400000, 0x0000000084400000, 0x0000000084500000|  0%| F|  |TAMS 0x0000000084400000| PB 0x0000000084400000| Untracked |  0
|  49|0x0000000084500000, 0x0000000084500000, 0x0000000084600000|  0%| F|  |TAMS 0x0000000084500000| PB 0x0000000084500000| Untracked |  0
|  50|0x0000000084600000, 0x0000000084600000, 0x0000000084700000|  0%| F|  |TAMS 0x0000000084600000| PB 0x0000000084600000| Untracked |  0
|  51|0x0000000084700000, 0x0000000084700000, 0x0000000084800000|  0%| F|  |TAMS 0x0000000084700000| PB 0x0000000084700000| Untracked |  0
|  52|0x0000000084800000, 0x0000000084800000, 0x0000000084900000|  0%| F|  |TAMS 0x0000000084800000| PB 0x0000000084800000| Untracked |  0
|  53|0x0000000084900000, 0x0000000084900000, 0x0000000084a00000|  0%| F|  |TAMS 0x0000000084900000| PB 0x0000000084900000| Untracked |  0
|  54|0x0000000084a00000, 0x0000000084a00000, 0x0000000084b00000|  0%| F|  |TAMS 0x0000000084a00000| PB 0x0000000084a00000| Untracked |  0
|  55|0x0000000084b00000, 0x0000000084b00000, 0x0000000084c00000|  0%| F|  |TAMS 0x0000000084b00000| PB 0x0000000084b00000| Untracked |  0
|  56|0x0000000084c00000, 0x0000000084c00000, 0x0000000084d00000|  0%| F|  |TAMS 0x0000000084c00000| PB 0x0000000084c00000| Untracked |  0
|  57|0x0000000084d00000, 0x0000000084d333a8, 0x0000000084e00000| 20%| E|  |TAMS 0x0000000084d00000| PB 0x0000000084d00000| Complete |  0
|  58|0x0000000084e00000, 0x0000000084f00000, 0x0000000084f00000|100%| E|CS|TAMS 0x0000000084e00000| PB 0x0000000084e00000| Complete |  0
|  59|0x0000000084f00000, 0x0000000085000000, 0x0000000085000000|100%| E|CS|TAMS 0x0000000084f00000| PB 0x0000000084f00000| Complete |  0
|  60|0x0000000085000000, 0x0000000085100000, 0x0000000085100000|100%| E|CS|TAMS 0x0000000085000000| PB 0x0000000085000000| Complete |  0
|  61|0x0000000085100000, 0x0000000085200000, 0x0000000085200000|100%| E|CS|TAMS 0x0000000085100000| PB 0x0000000085100000| Complete |  0
|  62|0x0000000085200000, 0x0000000085300000, 0x0000000085300000|100%| E|CS|TAMS 0x0000000085200000| PB 0x0000000085200000| Complete |  0
| 114|0x0000000088600000, 0x0000000088700000, 0x0000000088700000|100%| E|CS|TAMS 0x0000000088600000| PB 0x0000000088600000| Complete |  0
| 115|0x0000000088700000, 0x0000000088800000, 0x0000000088800000|100%| E|CS|TAMS 0x0000000088700000| PB 0x0000000088700000| Complete |  0
| 127|0x0000000089300000, 0x0000000089400000, 0x0000000089400000|100%| E|CS|TAMS 0x0000000089300000| PB 0x0000000089300000| Complete |  0
|2027|0x00000000fff00000, 0x0000000100000000, 0x0000000100000000|100%| O|  |TAMS 0x00000000fff00000| PB 0x00000000fff00000| Untracked |  0

Card table byte_map: [0x000001df7af10000,0x000001df7b310000] _byte_map_base: 0x000001df7ab06000

Marking Bits: (CMBitMap*) 0x000001df724f2f00
 Bits: [0x000001df7b310000, 0x000001df7d2c0000)

Polling page: 0x000001df71c60000

Metaspace:

Usage:
  Non-class:     25.80 MB used.
      Class:      3.40 MB used.
       Both:     29.20 MB used.

Virtual space:
  Non-class space:       64.00 MB reserved,      26.00 MB ( 41%) committed,  1 nodes.
      Class space:        1.00 GB reserved,       3.56 MB ( <1%) committed,  1 nodes.
             Both:        1.06 GB reserved,      29.56 MB (  3%) committed. 

Chunk freelists:
   Non-Class:  5.38 MB
       Class:  12.45 MB
        Both:  17.83 MB

MaxMetaspaceSize: unlimited
CompressedClassSpaceSize: 1.00 GB
Initial GC threshold: 21.00 MB
Current GC threshold: 35.25 MB
CDS: on
 - commit_granule_bytes: 65536.
 - commit_granule_words: 8192.
 - virtual_space_node_default_size: 8388608.
 - enlarge_chunks_in_place: 1.
 - use_allocation_guard: 0.


Internal statistics:

num_allocs_failed_limit: 3.
num_arena_births: 318.
num_arena_deaths: 0.
num_vsnodes_births: 2.
num_vsnodes_deaths: 0.
num_space_committed: 473.
num_space_uncommitted: 0.
num_chunks_returned_to_freelist: 3.
num_chunks_taken_from_freelist: 1352.
num_chunk_merges: 3.
num_chunk_splits: 973.
num_chunks_enlarged: 768.
num_inconsistent_stats: 0.

CodeHeap 'non-profiled nmethods': size=120000Kb used=3125Kb max_used=3125Kb free=116875Kb
 bounds [0x000001df07ad0000, 0x000001df07de0000, 0x000001df0f000000]
CodeHeap 'profiled nmethods': size=120000Kb used=14853Kb max_used=14853Kb free=105146Kb
 bounds [0x000001df00000000, 0x000001df00e90000, 0x000001df07530000]
CodeHeap 'non-nmethods': size=5760Kb used=1473Kb max_used=1535Kb free=4286Kb
 bounds [0x000001df07530000, 0x000001df077a0000, 0x000001df07ad0000]
 total_blobs=7495 nmethods=6944 adapters=455
 compilation: enabled
              stopped_count=0, restarted_count=0
 full_count=0

Compilation events (20 events):
Event: 10.538 Thread 0x000001df7fd50140 nmethod 6937 0x000001df00e7bc10 code [0x000001df00e7bde0, 0x000001df00e7c188]
Event: 10.538 Thread 0x000001df7fd50140 6938       3       java.lang.invoke.DelegatingMethodHandle::chooseDelegatingForm (24 bytes)
Event: 10.538 Thread 0x000001df7fd50140 nmethod 6938 0x000001df00e7c290 code [0x000001df00e7c440, 0x000001df00e7c740]
Event: 10.545 Thread 0x000001df7fd50140 6939       3       java.lang.ProcessEnvironment$CheckedEntry::getKey (5 bytes)
Event: 10.546 Thread 0x000001df7fd50140 nmethod 6939 0x000001df00e7c810 code [0x000001df00e7c9c0, 0x000001df00e7ccc8]
Event: 10.546 Thread 0x000001df7fd50140 6940       3       java.lang.ProcessEnvironment$CheckedEntry::getKey (13 bytes)
Event: 10.546 Thread 0x000001df7fd50140 nmethod 6940 0x000001df00e7ce10 code [0x000001df00e7cfc0, 0x000001df00e7d268]
Event: 10.561 Thread 0x000001df7fd50140 6943       3       java.lang.invoke.LambdaForm::create (95 bytes)
Event: 10.562 Thread 0x000001df7fd50140 nmethod 6943 0x000001df00e7d390 code [0x000001df00e7d5a0, 0x000001df00e7db60]
Event: 10.562 Thread 0x000001df7fd50140 6944       3       java.lang.invoke.LambdaForm::fixResult (31 bytes)
Event: 10.562 Thread 0x000001df7fd50140 nmethod 6944 0x000001df00e7de10 code [0x000001df00e7dfc0, 0x000001df00e7e190]
Event: 10.562 Thread 0x000001df7fd50140 6945       3       java.lang.invoke.LambdaForm::<init> (53 bytes)
Event: 10.562 Thread 0x000001df7fd50140 nmethod 6945 0x000001df00e7e290 code [0x000001df00e7e440, 0x000001df00e7e710]
Event: 10.578 Thread 0x000001df7fd50140 6947       1       java.util.logging.Logger::getName (5 bytes)
Event: 10.579 Thread 0x000001df7fd50140 nmethod 6947 0x000001df07dd9910 code [0x000001df07dd9aa0, 0x000001df07dd9b68]
Event: 10.581 Thread 0x000001df7fd50140 6948       3       java.net.URLClassLoader::isSealed (72 bytes)
Event: 10.584 Thread 0x000001df7fd50140 nmethod 6948 0x000001df00e7e810 code [0x000001df00e7ec60, 0x000001df00e80990]
Event: 10.597 Thread 0x000001df55e11d70 nmethod 6931% 0x000001df07dd9c10 code [0x000001df07dd9f00, 0x000001df07ddc010]
Event: 10.597 Thread 0x000001df55e11d70 6936       4       java.lang.invoke.MethodTypeForm::canonicalize (74 bytes)
Event: 10.598 Thread 0x000001df55e11d70 nmethod 6936 0x000001df07ddd090 code [0x000001df07ddd220, 0x000001df07ddd300]

GC Heap History (16 events):
Event: 3.791 GC heap before
{Heap before GC invocations=0 (full 0):
 garbage-first heap   total reserved 2076672K, committed 131072K, used 23552K [0x0000000081400000, 0x0000000100000000)
  region size 1024K, 24 young (24576K), 0 survivors (0K)
 Metaspace       used 6107K, committed 6272K, reserved 1114112K
  class space    used 708K, committed 768K, reserved 1048576K
}
Event: 3.801 GC heap after
{Heap after GC invocations=1 (full 0):
 garbage-first heap   total reserved 2076672K, committed 131072K, used 4096K [0x0000000081400000, 0x0000000100000000)
  region size 1024K, 3 young (3072K), 3 survivors (3072K)
 Metaspace       used 6107K, committed 6272K, reserved 1114112K
  class space    used 708K, committed 768K, reserved 1048576K
}
Event: 4.573 GC heap before
{Heap before GC invocations=1 (full 0):
 garbage-first heap   total reserved 2076672K, committed 131072K, used 34816K [0x0000000081400000, 0x0000000100000000)
  region size 1024K, 34 young (34816K), 3 survivors (3072K)
 Metaspace       used 10604K, committed 10752K, reserved 1114112K
  class space    used 1261K, committed 1344K, reserved 1048576K
}
Event: 4.581 GC heap after
{Heap after GC invocations=2 (full 0):
 garbage-first heap   total reserved 2076672K, committed 131072K, used 6254K [0x0000000081400000, 0x0000000100000000)
  region size 1024K, 3 young (3072K), 3 survivors (3072K)
 Metaspace       used 10604K, committed 10752K, reserved 1114112K
  class space    used 1261K, committed 1344K, reserved 1048576K
}
Event: 6.873 GC heap before
{Heap before GC invocations=2 (full 0):
 garbage-first heap   total reserved 2076672K, committed 131072K, used 81006K [0x0000000081400000, 0x0000000100000000)
  region size 1024K, 76 young (77824K), 3 survivors (3072K)
 Metaspace       used 17334K, committed 17600K, reserved 1114112K
  class space    used 2018K, committed 2112K, reserved 1048576K
}
Event: 6.886 GC heap after
{Heap after GC invocations=3 (full 0):
 garbage-first heap   total reserved 2076672K, committed 131072K, used 11486K [0x0000000081400000, 0x0000000100000000)
  region size 1024K, 8 young (8192K), 8 survivors (8192K)
 Metaspace       used 17334K, committed 17600K, reserved 1114112K
  class space    used 2018K, committed 2112K, reserved 1048576K
}
Event: 7.538 GC heap before
{Heap before GC invocations=3 (full 0):
 garbage-first heap   total reserved 2076672K, committed 131072K, used 22750K [0x0000000081400000, 0x0000000100000000)
  region size 1024K, 20 young (20480K), 8 survivors (8192K)
 Metaspace       used 21153K, committed 21504K, reserved 1114112K
  class space    used 2504K, committed 2688K, reserved 1048576K
}
Event: 7.551 GC heap after
{Heap after GC invocations=4 (full 0):
 garbage-first heap   total reserved 2076672K, committed 131072K, used 12806K [0x0000000081400000, 0x0000000100000000)
  region size 1024K, 2 young (2048K), 2 survivors (2048K)
 Metaspace       used 21153K, committed 21504K, reserved 1114112K
  class space    used 2504K, committed 2688K, reserved 1048576K
}
Event: 8.406 GC heap before
{Heap before GC invocations=5 (full 0):
 garbage-first heap   total reserved 2076672K, committed 45056K, used 44550K [0x0000000081400000, 0x0000000100000000)
  region size 1024K, 33 young (33792K), 2 survivors (2048K)
 Metaspace       used 25879K, committed 26176K, reserved 1114112K
  class space    used 3016K, committed 3136K, reserved 1048576K
}
Event: 8.422 GC heap after
{Heap after GC invocations=6 (full 0):
 garbage-first heap   total reserved 2076672K, committed 55296K, used 20936K [0x0000000081400000, 0x0000000100000000)
  region size 1024K, 10 young (10240K), 10 survivors (10240K)
 Metaspace       used 25879K, committed 26176K, reserved 1114112K
  class space    used 3016K, committed 3136K, reserved 1048576K
}
Event: 8.923 GC heap before
{Heap before GC invocations=6 (full 0):
 garbage-first heap   total reserved 2076672K, committed 55296K, used 40392K [0x0000000081400000, 0x0000000100000000)
  region size 1024K, 29 young (29696K), 10 survivors (10240K)
 Metaspace       used 27681K, committed 28096K, reserved 1114112K
  class space    used 3261K, committed 3456K, reserved 1048576K
}
Event: 8.957 GC heap after
{Heap after GC invocations=7 (full 0):
 garbage-first heap   total reserved 2076672K, committed 56320K, used 24576K [0x0000000081400000, 0x0000000100000000)
  region size 1024K, 4 young (4096K), 4 survivors (4096K)
 Metaspace       used 27681K, committed 28096K, reserved 1114112K
  class space    used 3261K, committed 3456K, reserved 1048576K
}
Event: 9.742 GC heap before
{Heap before GC invocations=7 (full 0):
 garbage-first heap   total reserved 2076672K, committed 56320K, used 46080K [0x0000000081400000, 0x0000000100000000)
  region size 1024K, 25 young (25600K), 4 survivors (4096K)
 Metaspace       used 28335K, committed 28736K, reserved 1114112K
  class space    used 3274K, committed 3456K, reserved 1048576K
}
Event: 9.753 GC heap after
{Heap after GC invocations=8 (full 0):
 garbage-first heap   total reserved 2076672K, committed 56320K, used 25994K [0x0000000081400000, 0x0000000100000000)
  region size 1024K, 2 young (2048K), 2 survivors (2048K)
 Metaspace       used 28335K, committed 28736K, reserved 1114112K
  class space    used 3274K, committed 3456K, reserved 1048576K
}
Event: 10.306 GC heap before
{Heap before GC invocations=8 (full 0):
 garbage-first heap   total reserved 2076672K, committed 56320K, used 46474K [0x0000000081400000, 0x0000000100000000)
  region size 1024K, 23 young (23552K), 2 survivors (2048K)
 Metaspace       used 28920K, committed 29376K, reserved 1114112K
  class space    used 3328K, committed 3520K, reserved 1048576K
}
Event: 10.312 GC heap after
{Heap after GC invocations=9 (full 0):
 garbage-first heap   total reserved 2076672K, committed 68608K, used 27215K [0x0000000081400000, 0x0000000100000000)
  region size 1024K, 3 young (3072K), 3 survivors (3072K)
 Metaspace       used 28920K, committed 29376K, reserved 1114112K
  class space    used 3328K, committed 3520K, reserved 1048576K
}

Dll operation events (12 events):
Event: 0.044 Loaded shared library C:\Program Files\Java\jdk-22\bin\java.dll
Event: 0.089 Loaded shared library C:\Program Files\Java\jdk-22\bin\jsvml.dll
Event: 0.141 Loaded shared library C:\Program Files\Java\jdk-22\bin\zip.dll
Event: 0.145 Loaded shared library C:\Program Files\Java\jdk-22\bin\instrument.dll
Event: 0.150 Loaded shared library C:\Program Files\Java\jdk-22\bin\net.dll
Event: 0.153 Loaded shared library C:\Program Files\Java\jdk-22\bin\nio.dll
Event: 0.158 Loaded shared library C:\Program Files\Java\jdk-22\bin\zip.dll
Event: 0.179 Loaded shared library C:\Program Files\JetBrains\IntelliJ IDEA 2024.1\bin\breakgen64.dll
Event: 0.193 Loaded shared library C:\Program Files\Java\jdk-22\bin\extnet.dll
Event: 0.458 Loaded shared library C:\Program Files\Java\jdk-22\bin\jimage.dll
Event: 1.231 Loaded shared library C:\Users\USER\AppData\Local\Temp\jansi-2.4.0-857731eed185e3e4-jansi.dll
Event: 3.077 Loaded shared library C:\Program Files\Java\jdk-22\bin\verify.dll

Deoptimization events (20 events):
Event: 10.454 Thread 0x000001df7249a6b0 Uncommon trap: trap_request=0xffffffc6 fr.pc=0x000001df07b866a4 relative=0x0000000000000504
Event: 10.455 Thread 0x000001df7249a6b0 Uncommon trap: reason=bimorphic_or_optimized_type_check action=maybe_recompile pc=0x000001df07b866a4 method=java.util.regex.Pattern$BmpCharPropertyGreedy.match(Ljava/util/regex/Matcher;ILjava/lang/CharSequence;)Z @ 26 c2
Event: 10.455 Thread 0x000001df7249a6b0 DEOPT PACKING pc=0x000001df07b866a4 sp=0x0000003a170fdc60
Event: 10.455 Thread 0x000001df7249a6b0 DEOPT UNPACKING pc=0x000001df075846a2 sp=0x0000003a170fdbf8 mode 2
Event: 10.455 Thread 0x000001df7249a6b0 Uncommon trap: trap_request=0xffffffc6 fr.pc=0x000001df07b866a4 relative=0x0000000000000504
Event: 10.455 Thread 0x000001df7249a6b0 Uncommon trap: reason=bimorphic_or_optimized_type_check action=maybe_recompile pc=0x000001df07b866a4 method=java.util.regex.Pattern$BmpCharPropertyGreedy.match(Ljava/util/regex/Matcher;ILjava/lang/CharSequence;)Z @ 26 c2
Event: 10.455 Thread 0x000001df7249a6b0 DEOPT PACKING pc=0x000001df07b866a4 sp=0x0000003a170fdc60
Event: 10.455 Thread 0x000001df7249a6b0 DEOPT UNPACKING pc=0x000001df075846a2 sp=0x0000003a170fdbf8 mode 2
Event: 10.455 Thread 0x000001df7249a6b0 Uncommon trap: trap_request=0xffffffc6 fr.pc=0x000001df07b866a4 relative=0x0000000000000504
Event: 10.455 Thread 0x000001df7249a6b0 Uncommon trap: reason=bimorphic_or_optimized_type_check action=maybe_recompile pc=0x000001df07b866a4 method=java.util.regex.Pattern$BmpCharPropertyGreedy.match(Ljava/util/regex/Matcher;ILjava/lang/CharSequence;)Z @ 26 c2
Event: 10.455 Thread 0x000001df7249a6b0 DEOPT PACKING pc=0x000001df07b866a4 sp=0x0000003a170fdc60
Event: 10.455 Thread 0x000001df7249a6b0 DEOPT UNPACKING pc=0x000001df075846a2 sp=0x0000003a170fdbf8 mode 2
Event: 10.469 Thread 0x000001df7249a6b0 Uncommon trap: trap_request=0xffffffec fr.pc=0x000001df07bac5b4 relative=0x0000000000000094
Event: 10.469 Thread 0x000001df7249a6b0 Uncommon trap: reason=null_assert_or_unreached0 action=make_not_entrant pc=0x000001df07bac5b4 method=java.util.jar.JarFile.maybeInstantiateVerifier()V @ 4 c2
Event: 10.469 Thread 0x000001df7249a6b0 DEOPT PACKING pc=0x000001df07bac5b4 sp=0x0000003a170fdd90
Event: 10.469 Thread 0x000001df7249a6b0 DEOPT UNPACKING pc=0x000001df075846a2 sp=0x0000003a170fdd20 mode 2
Event: 10.472 Thread 0x000001df7249a6b0 Uncommon trap: trap_request=0xffffff45 fr.pc=0x000001df07b687e8 relative=0x0000000000000068
Event: 10.472 Thread 0x000001df7249a6b0 Uncommon trap: reason=unstable_if action=reinterpret pc=0x000001df07b687e8 method=jdk.internal.module.ModuleReferenceImpl.hashCode()I @ 6 c2
Event: 10.472 Thread 0x000001df7249a6b0 DEOPT PACKING pc=0x000001df07b687e8 sp=0x0000003a170fdda0
Event: 10.472 Thread 0x000001df7249a6b0 DEOPT UNPACKING pc=0x000001df075846a2 sp=0x0000003a170fdd30 mode 2

Classes loaded (20 events):
Event: 10.575 Loading class jdk/internal/logger/LazyLoggers
Event: 10.575 Loading class jdk/internal/logger/LazyLoggers done
Event: 10.575 Loading class jdk/internal/logger/LazyLoggers$1
Event: 10.576 Loading class jdk/internal/logger/LazyLoggers$1 done
Event: 10.576 Loading class jdk/internal/logger/LazyLoggers$LazyLoggerFactories
Event: 10.576 Loading class jdk/internal/logger/LazyLoggers$LazyLoggerFactories done
Event: 10.577 Loading class jdk/internal/logger/LoggerFinderLoader
Event: 10.577 Loading class jdk/internal/logger/LoggerFinderLoader done
Event: 10.578 Loading class jdk/internal/logger/LoggerFinderLoader$TemporaryLoggerFinder
Event: 10.578 Loading class jdk/internal/logger/LoggerFinderLoader$TemporaryLoggerFinder done
Event: 10.578 Loading class sun/util/logging/internal/LoggingProviderImpl$JULWrapper
Event: 10.579 Loading class sun/util/logging/PlatformLogger$ConfigurableBridge$LoggerConfiguration
Event: 10.579 Loading class sun/util/logging/PlatformLogger$ConfigurableBridge$LoggerConfiguration done
Event: 10.579 Loading class sun/util/logging/internal/LoggingProviderImpl$JULWrapper done
Event: 10.579 Loading class java/lang/System$Logger$Level
Event: 10.579 Loading class java/lang/System$Logger$Level done
Event: 10.580 Loading class java/io/PipedOutputStream
Event: 10.581 Loading class java/io/PipedOutputStream done
Event: 10.583 Loading class jdk/internal/event/ThreadSleepEvent
Event: 10.583 Loading class jdk/internal/event/ThreadSleepEvent done

Classes unloaded (0 events):
No events

Classes redefined (0 events):
No events

Internal exceptions (20 events):
Event: 9.136 Thread 0x000001df7249a6b0 Exception <a 'sun/nio/fs/WindowsException'{0x0000000088692f50}> (0x0000000088692f50) 
thrown [s\open\src\hotspot\share\prims\jni.cpp, line 520]
Event: 9.236 Thread 0x000001df7249a6b0 Exception <a 'sun/nio/fs/WindowsException'{0x00000000844b0850}> (0x00000000844b0850) 
thrown [s\open\src\hotspot\share\prims\jni.cpp, line 520]
Event: 9.276 Thread 0x000001df7249a6b0 Exception <a 'sun/nio/fs/WindowsException'{0x00000000843c4bb8}> (0x00000000843c4bb8) 
thrown [s\open\src\hotspot\share\prims\jni.cpp, line 520]
Event: 9.298 Thread 0x000001df7249a6b0 Exception <a 'sun/nio/fs/WindowsException'{0x0000000084264498}> (0x0000000084264498) 
thrown [s\open\src\hotspot\share\prims\jni.cpp, line 520]
Event: 9.308 Thread 0x000001df7249a6b0 Exception <a 'sun/nio/fs/WindowsException'{0x000000008429c578}> (0x000000008429c578) 
thrown [s\open\src\hotspot\share\prims\jni.cpp, line 520]
Event: 9.362 Thread 0x000001df7249a6b0 Exception <a 'sun/nio/fs/WindowsException'{0x0000000084020888}> (0x0000000084020888) 
thrown [s\open\src\hotspot\share\prims\jni.cpp, line 520]
Event: 9.378 Thread 0x000001df7249a6b0 Exception <a 'sun/nio/fs/WindowsException'{0x00000000840d3728}> (0x00000000840d3728) 
thrown [s\open\src\hotspot\share\prims\jni.cpp, line 520]
Event: 10.433 Thread 0x000001df7249a6b0 Exception <a 'sun/nio/fs/WindowsException'{0x0000000085176e40}> (0x0000000085176e40) 
thrown [s\open\src\hotspot\share\prims\jni.cpp, line 520]
Event: 10.433 Thread 0x000001df7249a6b0 Exception <a 'sun/nio/fs/WindowsException'{0x00000000851776a0}> (0x00000000851776a0) 
thrown [s\open\src\hotspot\share\prims\jni.cpp, line 520]
Event: 10.441 Thread 0x000001df7249a6b0 Exception <a 'sun/nio/fs/WindowsException'{0x0000000085196248}> (0x0000000085196248) 
thrown [s\open\src\hotspot\share\prims\jni.cpp, line 520]
Event: 10.443 Thread 0x000001df7249a6b0 Exception <a 'sun/nio/fs/WindowsException'{0x000000008519b470}> (0x000000008519b470) 
thrown [s\open\src\hotspot\share\prims\jni.cpp, line 520]
Event: 10.444 Thread 0x000001df7249a6b0 Exception <a 'sun/nio/fs/WindowsException'{0x000000008519d6e0}> (0x000000008519d6e0) 
thrown [s\open\src\hotspot\share\prims\jni.cpp, line 520]
Event: 10.444 Thread 0x000001df7249a6b0 Exception <a 'sun/nio/fs/WindowsException'{0x000000008519f2c8}> (0x000000008519f2c8) 
thrown [s\open\src\hotspot\share\prims\jni.cpp, line 520]
Event: 10.445 Thread 0x000001df7249a6b0 Exception <a 'sun/nio/fs/WindowsException'{0x00000000851a13c0}> (0x00000000851a13c0) 
thrown [s\open\src\hotspot\share\prims\jni.cpp, line 520]
Event: 10.445 Thread 0x000001df7249a6b0 Exception <a 'sun/nio/fs/WindowsException'{0x00000000851a2658}> (0x00000000851a2658) 
thrown [s\open\src\hotspot\share\prims\jni.cpp, line 520]
Event: 10.445 Thread 0x000001df7249a6b0 Exception <a 'sun/nio/fs/WindowsException'{0x00000000851a3460}> (0x00000000851a3460) 
thrown [s\open\src\hotspot\share\prims\jni.cpp, line 520]
Event: 10.560 Thread 0x000001df7249a6b0 Exception <a 'java/lang/NoSuchMethodError'{0x0000000084e55ad8}: 'void java.lang.invoke.DirectMethodHandle$Holder.invokeStatic(java.lang.Object, long)'> (0x0000000084e55ad8) 
thrown [s\open\src\hotspot\share\interpreter\linkResolver.cpp, line 774]
Event: 10.561 Thread 0x000001df7249a6b0 Exception <a 'java/lang/NoSuchMethodError'{0x0000000084e5a940}: 'java.lang.Object java.lang.invoke.DirectMethodHandle$Holder.newInvokeSpecial(java.lang.Object, long)'> (0x0000000084e5a940) 
thrown [s\open\src\hotspot\share\interpreter\linkResolver.cpp, line 774]
Event: 10.564 Thread 0x000001df7249a6b0 Exception <a 'java/lang/NoSuchMethodError'{0x0000000084e616d8}: 'java.lang.Object java.lang.invoke.DirectMethodHandle$Holder.invokeStatic(java.lang.Object, long, java.lang.Object)'> (0x0000000084e616d8) 
thrown [s\open\src\hotspot\share\interpreter\linkResolver.cpp, line 774]
Event: 10.565 Thread 0x000001df7249a6b0 Exception <a 'java/lang/NoSuchMethodError'{0x0000000084e650f8}: 'java.lang.Object java.lang.invoke.DirectMethodHandle$Holder.invokeStaticInit(java.lang.Object, long, java.lang.Object)'> (0x0000000084e650f8) 
thrown [s\open\src\hotspot\share\interpreter\linkResolver.cpp, line 774]

ZGC Phase Switch (0 events):
No events

VM Operations (20 events):
Event: 9.148 Executing VM operation: ICBufferFull
Event: 9.149 Executing VM operation: ICBufferFull done
Event: 9.275 Executing VM operation: ICBufferFull
Event: 9.275 Executing VM operation: ICBufferFull done
Event: 9.439 Executing VM operation: ICBufferFull
Event: 9.440 Executing VM operation: ICBufferFull done
Event: 9.741 Executing VM operation: G1CollectForAllocation (G1 Evacuation Pause)
Event: 9.753 Executing VM operation: G1CollectForAllocation (G1 Evacuation Pause) done
Event: 10.263 Executing VM operation: ICBufferFull
Event: 10.263 Executing VM operation: ICBufferFull done
Event: 10.306 Executing VM operation: G1CollectForAllocation (G1 Evacuation Pause)
Event: 10.312 Executing VM operation: G1CollectForAllocation (G1 Evacuation Pause) done
Event: 10.337 Executing VM operation: HandshakeAllThreads (Deoptimize)
Event: 10.337 Executing VM operation: HandshakeAllThreads (Deoptimize) done
Event: 10.368 Executing VM operation: HandshakeAllThreads (Deoptimize)
Event: 10.369 Executing VM operation: HandshakeAllThreads (Deoptimize) done
Event: 10.439 Executing VM operation: HandshakeAllThreads (Deoptimize)
Event: 10.439 Executing VM operation: HandshakeAllThreads (Deoptimize) done
Event: 10.574 Executing VM operation: HandshakeAllThreads (Deoptimize)
Event: 10.574 Executing VM operation: HandshakeAllThreads (Deoptimize) done

Events (20 events):
Event: 0.085 Thread 0x000001df7fd14630 Thread added: 0x000001df7fd14630
Event: 0.086 Thread 0x000001df7fd1d470 Thread added: 0x000001df7fd1d470
Event: 0.086 Thread 0x000001df7fd1e230 Thread added: 0x000001df7fd1e230
Event: 0.086 Thread 0x000001df7fd1ec90 Thread added: 0x000001df7fd1ec90
Event: 0.086 Thread 0x000001df7fd23120 Thread added: 0x000001df7fd23120
Event: 0.086 Thread 0x000001df7fd2f420 Thread added: 0x000001df7fd2f420
Event: 0.086 Thread 0x000001df7fd50140 Thread added: 0x000001df7fd50140
Event: 0.113 Thread 0x000001df54247620 Thread added: 0x000001df54247620
Event: 0.134 Thread 0x000001df54329ee0 Thread added: 0x000001df54329ee0
Event: 0.180 Thread 0x000001df54247cb0 Thread added: 0x000001df54247cb0
Event: 0.180 Thread 0x000001df54248340 Thread added: 0x000001df54248340
Event: 1.760 Thread 0x000001df54329ee0 Thread exited: 0x000001df54329ee0
Event: 3.341 Thread 0x000001df547a9d80 Thread added: 0x000001df547a9d80
Event: 3.479 Thread 0x000001df547a9d80 Thread exited: 0x000001df547a9d80
Event: 3.706 Thread 0x000001df54c3a230 Thread added: 0x000001df54c3a230
Event: 7.017 Thread 0x000001df54c3a230 Thread exited: 0x000001df54c3a230
Event: 7.162 Thread 0x000001df55e11d70 Thread added: 0x000001df55e11d70
Event: 10.582 Thread 0x000001df557a05f0 Thread added: 0x000001df557a05f0
Event: 10.582 Thread 0x000001df5579ebb0 Thread added: 0x000001df5579ebb0
Event: 10.582 Thread 0x000001df557a54b0 Thread added: 0x000001df557a54b0


Dynamic libraries:
0x00007ff7f6070000 - 0x00007ff7f6080000 	C:\Program Files\Java\jdk-22\bin\java.exe
0x00007ff9bb730000 - 0x00007ff9bb947000 	C:\Windows\SYSTEM32\ntdll.dll
0x00007ff9b9d50000 - 0x00007ff9b9e14000 	C:\Windows\System32\KERNEL32.DLL
0x00007ff9b8f80000 - 0x00007ff9b9337000 	C:\Windows\System32\KERNELBASE.dll
0x00007ff9b8ae0000 - 0x00007ff9b8bf1000 	C:\Windows\System32\ucrtbase.dll
0x00007ff9b5880000 - 0x00007ff9b5897000 	C:\Program Files\Java\jdk-22\bin\jli.dll
0x00007ff9b4280000 - 0x00007ff9b429b000 	C:\Program Files\Java\jdk-22\bin\VCRUNTIME140.dll
0x00007ff9b9780000 - 0x00007ff9b9832000 	C:\Windows\System32\ADVAPI32.dll
0x00007ff9b9460000 - 0x00007ff9b9507000 	C:\Windows\System32\msvcrt.dll
0x00007ff9ba4f0000 - 0x00007ff9ba598000 	C:\Windows\System32\sechost.dll
0x00007ff9b8c00000 - 0x00007ff9b8c28000 	C:\Windows\System32\bcrypt.dll
0x00007ff9b9a50000 - 0x00007ff9b9b64000 	C:\Windows\System32\RPCRT4.dll
0x00007ff9b98a0000 - 0x00007ff9b9a4f000 	C:\Windows\System32\USER32.dll
0x00007ff9b8f50000 - 0x00007ff9b8f76000 	C:\Windows\System32\win32u.dll
0x00007ff9bb000000 - 0x00007ff9bb029000 	C:\Windows\System32\GDI32.dll
0x00007ff9b9340000 - 0x00007ff9b9458000 	C:\Windows\System32\gdi32full.dll
0x00007ff9b8a40000 - 0x00007ff9b8ada000 	C:\Windows\System32\msvcp_win.dll
0x00007ff999b80000 - 0x00007ff999e13000 	C:\Windows\WinSxS\amd64_microsoft.windows.common-controls_6595b64144ccf1df_6.0.22621.3672_none_2713b9d173822955\COMCTL32.dll
0x00007ff9b3950000 - 0x00007ff9b395a000 	C:\Windows\SYSTEM32\VERSION.dll
0x00007ff9b9840000 - 0x00007ff9b9871000 	C:\Windows\System32\IMM32.DLL
0x00007ff9b48c0000 - 0x00007ff9b48cc000 	C:\Program Files\Java\jdk-22\bin\vcruntime140_1.dll
0x00007ff9abc30000 - 0x00007ff9abcbe000 	C:\Program Files\Java\jdk-22\bin\msvcp140.dll
0x00007ff951b30000 - 0x00007ff952877000 	C:\Program Files\Java\jdk-22\bin\server\jvm.dll
0x00007ff9b9cd0000 - 0x00007ff9b9d41000 	C:\Windows\System32\WS2_32.dll
0x00007ff9b78f0000 - 0x00007ff9b793d000 	C:\Windows\SYSTEM32\POWRPROF.dll
0x00007ff9b12e0000 - 0x00007ff9b1314000 	C:\Windows\SYSTEM32\WINMM.dll
0x00007ff9b78d0000 - 0x00007ff9b78e3000 	C:\Windows\SYSTEM32\UMPDC.dll
0x00007ff9b7b80000 - 0x00007ff9b7b98000 	C:\Windows\SYSTEM32\kernel.appcore.dll
0x00007ff9b41b0000 - 0x00007ff9b41ba000 	C:\Program Files\Java\jdk-22\bin\jimage.dll
0x00007ff9b63d0000 - 0x00007ff9b6602000 	C:\Windows\SYSTEM32\DBGHELP.DLL
0x00007ff9b9e70000 - 0x00007ff9ba1fe000 	C:\Windows\System32\combase.dll
0x00007ff9baf20000 - 0x00007ff9baff7000 	C:\Windows\System32\OLEAUT32.dll
0x00007ff9a17d0000 - 0x00007ff9a1802000 	C:\Windows\SYSTEM32\dbgcore.DLL
0x00007ff9b8e60000 - 0x00007ff9b8edb000 	C:\Windows\System32\bcryptPrimitives.dll
0x00007ff9b41a0000 - 0x00007ff9b41af000 	C:\Program Files\Java\jdk-22\bin\instrument.dll
0x00007ff9b4020000 - 0x00007ff9b403e000 	C:\Program Files\Java\jdk-22\bin\java.dll
0x00007ff9ba6b0000 - 0x00007ff9baf19000 	C:\Windows\System32\SHELL32.dll
0x00007ff9ba220000 - 0x00007ff9ba3c5000 	C:\Windows\System32\ole32.dll
0x00007ff9b69c0000 - 0x00007ff9b72bf000 	C:\Windows\SYSTEM32\windows.storage.dll
0x00007ff9b6870000 - 0x00007ff9b69af000 	C:\Windows\SYSTEM32\wintypes.dll
0x00007ff9ba3f0000 - 0x00007ff9ba4e9000 	C:\Windows\System32\SHCORE.dll
0x00007ff9bb0b0000 - 0x00007ff9bb10e000 	C:\Windows\System32\shlwapi.dll
0x00007ff9b8970000 - 0x00007ff9b8997000 	C:\Windows\SYSTEM32\profapi.dll
0x00007ff98f700000 - 0x00007ff98f7d7000 	C:\Program Files\Java\jdk-22\bin\jsvml.dll
0x00007ff9b3f40000 - 0x00007ff9b3f57000 	C:\Program Files\Java\jdk-22\bin\zip.dll
0x00007ff9b4010000 - 0x00007ff9b4020000 	C:\Program Files\Java\jdk-22\bin\net.dll
0x00007ff9b7ff0000 - 0x00007ff9b8059000 	C:\Windows\system32\mswsock.dll
0x00007ff9b3f20000 - 0x00007ff9b3f36000 	C:\Program Files\Java\jdk-22\bin\nio.dll
0x00007ff9ad350000 - 0x00007ff9ad36a000 	C:\Program Files\JetBrains\IntelliJ IDEA 2024.1\bin\breakgen64.dll
0x00007ff9b3ef0000 - 0x00007ff9b3ef9000 	C:\Program Files\Java\jdk-22\bin\extnet.dll
0x0000000069ac0000 - 0x0000000069ae4000 	C:\Users\USER\AppData\Local\Temp\jansi-2.4.0-857731eed185e3e4-jansi.dll
0x00007ff9ad340000 - 0x00007ff9ad350000 	C:\Program Files\Java\jdk-22\bin\verify.dll

dbghelp: loaded successfully - version: 4.0.5 - missing functions: none
symbol engine: initialized successfully - sym options: 0x614 - pdb path: .;C:\Program Files\Java\jdk-22\bin;C:\Windows\SYSTEM32;C:\Windows\WinSxS\amd64_microsoft.windows.common-controls_6595b64144ccf1df_6.0.22621.3672_none_2713b9d173822955;C:\Program Files\Java\jdk-22\bin\server;C:\Program Files\JetBrains\IntelliJ IDEA 2024.1\bin;C:\Users\USER\AppData\Local\Temp

VM Arguments:
jvm_args: -Dmaven.multiModuleProjectDirectory=C:\Users\USER\Desktop\3eme-esprit-ck\projet pidev\pidev3A19\pidev3A19 -Djansi.passthrough=true -Dmaven.home=C:\Program Files\JetBrains\IntelliJ IDEA 2024.1\plugins\maven\lib\maven3 -Dclassworlds.conf=C:\Program Files\JetBrains\IntelliJ IDEA 2024.1\plugins\maven\lib\maven3\bin\m2.conf -Dmaven.ext.class.path=C:\Program Files\JetBrains\IntelliJ IDEA 2024.1\plugins\maven\lib\maven-event-listener.jar -javaagent:C:\Program Files\JetBrains\IntelliJ IDEA 2024.1\lib\idea_rt.jar=56423:C:\Program Files\JetBrains\IntelliJ IDEA 2024.1\bin -Dfile.encoding=UTF-8 -Dsun.stdout.encoding=UTF-8 -Dsun.stderr.encoding=UTF-8 
java_command: org.codehaus.classworlds.Launcher -Didea.version=2024.1 org.openjfx:javafx-maven-plugin:0.0.8:run
java_class_path (initial): C:\Program Files\JetBrains\IntelliJ IDEA 2024.1\plugins\maven\lib\maven3\boot\plexus-classworlds-2.7.0.jar;C:\Program Files\JetBrains\IntelliJ IDEA 2024.1\plugins\maven\lib\maven3\boot\plexus-classworlds.license
Launcher Type: SUN_STANDARD

[Global flags]
     intx CICompilerCount                          = 4                                         {product} {ergonomic}
     uint ConcGCThreads                            = 2                                         {product} {ergonomic}
     uint G1ConcRefinementThreads                  = 8                                         {product} {ergonomic}
   size_t G1HeapRegionSize                         = 1048576                                   {product} {ergonomic}
   size_t InitialHeapSize                          = 134217728                                 {product} {ergonomic}
   size_t MarkStackSize                            = 4194304                                   {product} {ergonomic}
   size_t MaxHeapSize                              = 2126512128                                {product} {ergonomic}
   size_t MaxNewSize                               = 1275068416                                {product} {ergonomic}
   size_t MinHeapDeltaBytes                        = 1048576                                   {product} {ergonomic}
   size_t MinHeapSize                              = 8388608                                   {product} {ergonomic}
    uintx NonNMethodCodeHeapSize                   = 5839372                                {pd product} {ergonomic}
    uintx NonProfiledCodeHeapSize                  = 122909434                              {pd product} {ergonomic}
    uintx ProfiledCodeHeapSize                     = 122909434                              {pd product} {ergonomic}
    uintx ReservedCodeCacheSize                    = 251658240                              {pd product} {ergonomic}
     bool SegmentedCodeCache                       = true                                      {product} {ergonomic}
   size_t SoftMaxHeapSize                          = 2126512128                             {manageable} {ergonomic}
     bool UseCompressedOops                        = true                           {product lp64_product} {ergonomic}
     bool UseG1GC                                  = true                                      {product} {ergonomic}
     bool UseLargePagesIndividualAllocation        = false                                  {pd product} {ergonomic}

Logging:
Log output configuration:
 #0: stdout all=warning uptime,level,tags foldmultilines=false
 #1: stderr all=off uptime,level,tags foldmultilines=false

Environment Variables:
PATH=C:\oraclexe\app\oracle\product\11.2.0\server\bin;;C:\Program Files\Common Files\Oracle\Java\javapath;C:\Program Files (x86)\VMware\VMware Workstation\bin\;C:\oraclexe\app\oracle\product\11.2.0\server\bin;C:\oraclexe\app\oracle\product\11.2.0\server\bin;C:\Windows\system32;C:\Windows;C:\Windows\System32\Wbem;C:\Windows\System32\WindowsPowerShell\v1.0\;C:\Windows\System32\OpenSSH\;C:\oraclexe\app\oracle\product\11.2.0\server\bin;C:\instantclient12_2;C:\oraclexe\app\oracle\admin\XE;C:\oraclexe;C:\Program Files (x86)\Git\cmd;C:\xampp\php;C:\Program Files\Java\jdk-22.0.1\bin;C:\ProgramData\ComposerSetup\bin;C:\Users\USER\scoop\shims;C:\Users\USER\AppData\Local\Microsoft\WindowsApps;;C:\Users\USER\AppData\Local\Programs\Microsoft VS Code\bin;C:\Users\USER\AppData\Roaming\Composer\vendor\bin;C:\Users\USER\AppData\Local\Programs\Windsurf\bin
USERNAME=USER
OS=Windows_NT
PROCESSOR_IDENTIFIER=Intel64 Family 6 Model 142 Stepping 10, GenuineIntel
TMP=C:\Users\USER\AppData\Local\Temp
TEMP=C:\Users\USER\AppData\Local\Temp




Periodic native trim disabled

---------------  S Y S T E M  ---------------

OS:
 Windows 11 , 64 bit Build 22621 (10.0.22621.3958)
OS uptime: 9 days 21:24 hours

CPU: total 8 (initial active 8) (4 cores per cpu, 2 threads per core) family 6 model 142 stepping 10 microcode 0xe0, cx8, cmov, fxsr, ht, mmx, 3dnowpref, sse, sse2, sse3, ssse3, sse4.1, sse4.2, popcnt, lzcnt, tsc, tscinvbit, avx, avx2, aes, erms, clmul, bmi1, bmi2, adx, fma, vzeroupper, clflush, clflushopt, rdtscp, f16c
Processor Information for all 8 processors :
  Max Mhz: 1801, Current Mhz: 1801, Mhz Limit: 1801

Memory: 4k page, system-wide physical 8107M (502M free)
TotalPageFile size 18249M (AvailPageFile size 67M)
current process WorkingSet (physical memory assigned to process): 197M, peak: 200M
current process commit charge ("private bytes"): 237M, peak: 270M

vm_info: Java HotSpot(TM) 64-Bit Server VM (22.0.1+8-16) for windows-amd64 JRE (22.0.1+8-16), built on 2024-03-12T10:33:16Z by "mach5one" with MS VC++ 17.6 (VS2022)

END.
